=== Installing pairwiserhat from local source ===

=== Baseline (Stan fits + iid samples) ===

########################################
Running: /Users/chegu121/Documents/Phd-cici/r_package/pairwiserhat/experiments/baseline_rhat/uniform.R 
########################################
Loading required package: StanHeaders

rstan version 2.32.7 (Stan version 2.32.2)

For execution on a local, multicore CPU with excess RAM we recommend calling
options(mc.cores = parallel::detectCores()).
To avoid recompilation of unchanged Stan programs, we recommend calling
rstan_options(auto_write = TRUE)
For within-chain threading using `reduce_sum()` or `map_rect()` Stan functions,
change `threads_per_chain` option:
rstan_options(threads_per_chain = 1)


SAMPLING FOR MODEL 'anon_model' NOW (CHAIN 1).
Chain 1: 
Chain 1: Gradient evaluation took 2.1e-05 seconds
Chain 1: 1000 transitions using 10 leapfrog steps per transition would take 0.21 seconds.
Chain 1: Adjust your expectations accordingly!
Chain 1: 
Chain 1: 
Chain 1: Iteration:    1 / 2000 [  0%]  (Warmup)
Chain 1: Iteration:  200 / 2000 [ 10%]  (Warmup)
Chain 1: Iteration:  400 / 2000 [ 20%]  (Warmup)

SAMPLING FOR MODEL 'anon_model' NOW (CHAIN 2Chain 1: Iteration:  600 / 2000 [ 30%]  (Warmup)
).

SAMPLING FOR MODEL 'anon_model' NOW (CHAIN 3).
Chain 1: Iteration:  800 / 2000 [ 40%]  (Warmup)
Chain 2: 
Chain 2: Gradient evaluation took 1.3e-05 seconds
Chain 2: 1000 transitions using 10 leapfrog steps per transition would take 0.13 seconds.
Chain 2: Adjust your expectations accordingly!
Chain 2: 
Chain 2: 
Chain 2: Iteration:    1 / 2000 [  0%]  (Warmup)
Chain 1: Iteration: 1000 / 2000 [ 50%]  (Warmup)
Chain 1: Iteration: 1001 / 2000 [ 50%]  (Sampling)
Chain 3: 
Chain 3: Gradient evaluation took 1e-05 seconds
Chain 3: 1000 transitions using 10 leapfrog steps per transition would take 0.1 seconds.
Chain 3: Adjust your expectations accordingly!
Chain 3: 
Chain 3: 
Chain 3: Iteration:    1 / 2000 [  0%]  (Warmup)
Chain 2: Iteration:  200 / 2000 [ 10%]  (Warmup)
Chain 1: Iteration: 1200 / 2000 [ 60%]  (Sampling)
Chain 2: Iteration:  400 / 2000 [ 20%]  (Warmup)
Chain 3: Iteration:  200 / 2000 [ 10%]  (Warmup)
Chain 1: Iteration: 1400 / 2000 [ 70%]  (Sampling)

SAMPLING FOR MODEL 'anon_model' NOW (CHAIN 4).
Chain 3: Iteration:  400 / 2000 [ 20%]  (Warmup)
Chain 2: Iteration:  600 / 2000 [ 30%]  (Warmup)
Chain 1: Iteration: 1600 / 2000 [ 80%]  (Sampling)
Chain 3: Iteration:  600 / 2000 [ 30%]  (Warmup)
Chain 1: Iteration: 1800 / 2000 [ 90%]  (Sampling)
Chain 2: Iteration:  800 / 2000 [ 40%]  (Warmup)
Chain 4: 
Chain 4: Gradient evaluation took 8e-06 seconds
Chain 4: 1000 transitions using 10 leapfrog steps per transition would take 0.08 seconds.
Chain 4: Adjust your expectations accordingly!
Chain 4: 
Chain 4: 
Chain 4: Iteration:    1 / 2000 [  0%]  (Warmup)
Chain 3: Iteration:  800 / 2000 [ 40%]  (Warmup)
Chain 1: Iteration: 2000 / 2000 [100%]  (Sampling)
Chain 1: 
Chain 1:  Elapsed Time: 0.004 seconds (Warm-up)
Chain 1:                0.003 seconds (Sampling)
Chain 1:                0.007 seconds (Total)
Chain 1: 
Chain 3: Iteration: 1000 / 2000 [ 50%]  (Warmup)
Chain 3: Iteration: 1001 / 2000 [ 50%]  (Sampling)
Chain 4: Iteration:  200 / 2000 [ 10%]  (Warmup)

SAMPLING FOR MODEL 'anon_model' NOW (CHAIN 5).
Chain 2: Iteration: 1000 / 2000 [ 50%]  (Warmup)
Chain 2: Iteration: 1001 / 2000 [ 50%]  (Sampling)
Chain 3: Iteration: 1200 / 2000 [ 60%]  (Sampling)
Chain 4: Iteration:  400 / 2000 [ 20%]  (Warmup)
Chain 2: Chain Iteration: 1200 / 2000 [ 60%]  (Sampling)5
: 
Chain 5: Gradient evaluation took 1.2e-05 seconds
Chain 5: 1000 transitions using 10 leapfrog steps per transition would take 0.12 seconds.
Chain 5: Adjust your expectations accordingly!
Chain 5: 
Chain 5: 
Chain 5: Iteration:    1 / 2000 [  0%]  (Warmup)
Chain 3: Iteration: 1400 / 2000 [ 70%]  (Sampling)
Chain 4: Iteration:  600 / 2000 [ 30%]  (Warmup)
Chain 2: Iteration: 1400 / 2000 [ 70%]  (Sampling)
Chain 3: Iteration: 1600 / 2000 [ 80%]  (Sampling)
Chain 5: Iteration:  200 / 2000 [ 10%]  (Warmup)
Chain 4: Iteration:  800 / 2000 [ 40%]  (Warmup)
Chain 3: Iteration: 1800 / 2000 [ 90%]  (Sampling)
Chain 2: Iteration: 1600 / 2000 [ 80%]  (Sampling)
Chain 4: Iteration: 1000 / 2000 [ 50%]  (Warmup)
Chain 4: Iteration: 1001 / 2000 [ 50%]  (Sampling)
Chain 5: Iteration:  400 / 2000 [ 20%]  (Warmup)

SAMPLING FOR MODEL 'anon_model' NOW (CHAIN 6).

SAMPLING FOR MODEL 'anon_model' NOW (CHAIN 7).
Chain 3: Iteration: 2000 / 2000 [100%]  (Sampling)
Chain 3: 
Chain 3:  Elapsed Time: 0.004 seconds (Warm-up)
Chain 3:                0.004 seconds (Sampling)
Chain 3:                0.008 seconds (Total)
Chain 3: 
Chain 2: Iteration: 1800 / 2000 [ 90%]  (Sampling)
Chain 4: Iteration: 1200 / 2000 [ 60%]  (Sampling)
Chain 5: Iteration:  600 / 2000 [ 30%]  (Warmup)
Chain 6: 
Chain 6: Gradient evaluation took 1e-05 seconds
Chain 6: 1000 transitions using 10 leapfrog steps per transition would take 0.1 seconds.
Chain 6: Adjust your expectations accordingly!
Chain 6: 
Chain 6: 
Chain 6: Iteration:    1 / 2000 [  0%]  (Warmup)
Chain 2: Iteration: 2000 / 2000 [100%]  (Sampling)
Chain 2: 
Chain 2:  Elapsed Time: 0.005 seconds (Warm-up)
Chain 2:                0.004 seconds (Sampling)
Chain 2:                0.009 seconds (Total)
Chain 2: 
Chain 7: 
Chain 7: Gradient evaluation took 1.2e-05 seconds
Chain 7: 1000 transitions using 10 leapfrog steps per transition would take 0.12 seconds.
Chain 7: Adjust your expectations accordingly!
Chain 7: 
Chain 7: 
Chain 7: Iteration:    1 / 2000 [  0%]  (Warmup)
Chain 4: Iteration: 1400 / 2000 [ 70%]  (Sampling)
Chain 5: Iteration:  800 / 2000 [ 40%]  (Warmup)
Chain 6: Iteration:  200 / 2000 [ 10%]  (Warmup)
Chain 4: Iteration: 1600 / 2000 [ 80%]  (Sampling)
Chain 5: Iteration: 1000 / 2000 [ 50%]  (Warmup)
Chain 5: Iteration: 1001 / 2000 [ 50%]  (Sampling)
Chain 7: Iteration:  200 / 2000 [ 10%]  (Warmup)
Chain 6: Iteration:  400 / 2000 [ 20%]  (Warmup)
Chain 4: Iteration: 1800 / 2000 [ 90%]  (Sampling)
Chain 5: Iteration: 1200 / 2000 [ 60%]  (Sampling)
Chain 6: Iteration:  600 / 2000 [ 30%]  (Warmup)
Chain 7: Iteration:  400 / 2000 [ 20%]  (Warmup)

SAMPLING FOR MODEL 'anon_model' NOW (CHAIN 8).
Chain 4: Iteration: 2000 / 2000 [100%]  (Sampling)
Chain 5: Iteration: 1400 / 2000 [ 70%]  (Sampling)
Chain 4: 
Chain 4:  Elapsed Time: 0.004 seconds (Warm-up)
Chain 4:                0.003 seconds (Sampling)
Chain 4:                0.007 seconds (Total)
Chain 4: 
Chain 6: Iteration:  800 / 2000 [ 40%]  (Warmup)
Chain 5: Iteration: 1600 / 2000 [ 80%]  (Sampling)
Chain 7: Iteration:  600 / 2000 [ 30%]  (Warmup)
Chain 8: 
Chain 8: Gradient evaluation took 1.4e-05 seconds
Chain 8: 1000 transitions using 10 leapfrog steps per transition would take 0.14 seconds.
Chain 8: Adjust your expectations accordingly!
Chain 8: 
Chain 8: 
Chain 6: Iteration: 1000 / 2000 [ 50%]  (Warmup)
Chain 8: Iteration:    1 / 2000 [  0%]  (Warmup)
Chain 6: Iteration: 1001 / 2000 [ 50%]  (Sampling)
Chain 5: Iteration: 1800 / 2000 [ 90%]  (Sampling)
Chain 7: Iteration:  800 / 2000 [ 40%]  (Warmup)
Chain 6: Iteration: 1200 / 2000 [ 60%]  (Sampling)
Chain 5: Iteration: 2000 / 2000 [100%]  (Sampling)
Chain 5: 
Chain 5:  Elapsed Time: 0.004 seconds (Warm-up)
Chain 5:                0.003 seconds (Sampling)
Chain 5:                0.007 seconds (Total)
Chain 5: 
Chain 8: Iteration:  200 / 2000 [ 10%]  (Warmup)
Chain 6: Iteration: 1400 / 2000 [ 70%]  (Sampling)
Chain 7: Iteration: 1000 / 2000 [ 50%]  (Warmup)
Chain 7: Iteration: 1001 / 2000 [ 50%]  (Sampling)
Chain 8: Iteration:  400 / 2000 [ 20%]  (Warmup)
Chain 6: Iteration: 1600 / 2000 [ 80%]  (Sampling)
Chain 8: Iteration:  600 / 2000 [ 30%]  (Warmup)
Chain 7: Iteration: 1200 / 2000 [ 60%]  (Sampling)
Chain 6: Iteration: 1800 / 2000 [ 90%]  (Sampling)
Chain 8: Iteration:  800 / 2000 [ 40%]  (Warmup)
Chain 7: Iteration: 1400 / 2000 [ 70%]  (Sampling)
Chain 6: Iteration: 2000 / 2000 [100%]  (Sampling)
Chain 8: Iteration: 1000 / 2000 [ 50%]  (Warmup)
Chain 8: Iteration: 1001 / 2000 [ 50%]  (Sampling)
Chain 6: 
Chain 6:  Elapsed Time: 0.003 seconds (Warm-up)
Chain 6:                0.003 seconds (Sampling)
Chain 6:                0.006 seconds (Total)
Chain 6: 
Chain 8: Iteration: 1200 / 2000 [ 60%]  (Sampling)
Chain 7: Iteration: 1600 / 2000 [ 80%]  (Sampling)
Chain 8: Iteration: 1400 / 2000 [ 70%]  (Sampling)
Chain 7: Iteration: 1800 / 2000 [ 90%]  (Sampling)
Chain 8: Iteration: 1600 / 2000 [ 80%]  (Sampling)
Chain 7: Iteration: 2000 / 2000 [100%]  (Sampling)
Chain 7: 
Chain 7:  Elapsed Time: 0.005 seconds (Warm-up)
Chain 7:                0.005 seconds (Sampling)
Chain 7:                0.01 seconds (Total)
Chain 7: 
Chain 8: Iteration: 1800 / 2000 [ 90%]  (Sampling)
Chain 8: Iteration: 2000 / 2000 [100%]  (Sampling)
Chain 8: 
Chain 8:  Elapsed Time: 0.004 seconds (Warm-up)
Chain 8:                0.003 seconds (Sampling)
Chain 8:                0.007 seconds (Total)
Chain 8: 
            mean se_mean     sd    2.5%     25%     50%     75%   97.5%
theta[1]  0.0028  0.0137 1.1576 -1.8930 -1.0076  0.0232  1.0027  1.8984
theta[2] -0.0005  0.0143 1.1488 -1.9075 -0.9960  0.0137  0.9778  1.9085
lp__     -1.2305  0.0220 1.2133 -4.5118 -1.7281 -0.8500 -0.3547 -0.0302
            n_eff   Rhat
theta[1] 7189.295 0.9996
theta[2] 6490.308 1.0002
lp__     3031.476 1.0032
Finished in 0.69 minutes

########################################
Running: /Users/chegu121/Documents/Phd-cici/r_package/pairwiserhat/experiments/baseline_rhat/gaussian_ball.R 
########################################
Loading required package: StanHeaders

rstan version 2.32.7 (Stan version 2.32.2)

For execution on a local, multicore CPU with excess RAM we recommend calling
options(mc.cores = parallel::detectCores()).
To avoid recompilation of unchanged Stan programs, we recommend calling
rstan_options(auto_write = TRUE)
For within-chain threading using `reduce_sum()` or `map_rect()` Stan functions,
change `threads_per_chain` option:
rstan_options(threads_per_chain = 1)


SAMPLING FOR MODEL 'anon_model' NOW (CHAIN 1).
Chain 1: 
Chain 1: Gradient evaluation took 1.4e-05 seconds
Chain 1: 1000 transitions using 10 leapfrog steps per transition would take 0.14 seconds.
Chain 1: Adjust your expectations accordingly!
Chain 1: 
Chain 1: 
Chain 1: Iteration:    1 / 2000 [  0%]  (Warmup)

SAMPLING FOR MODEL 'anon_model' NOW (CHAIN 2).
Chain 1: Iteration:  200 / 2000 [ 10%]  (Warmup)
Chain 2: 
Chain 2: Gradient evaluation took 2.3e-05 seconds
Chain 2: 1000 transitions using 10 leapfrog steps per transition would take 0.23 seconds.
Chain 2: Adjust your expectations accordingly!
Chain Chain 21: : 
Iteration:  400 / 2000 [ 20%]  (Warmup)Chain 
2: 
Chain 2: Iteration:    1 / 2000 [  0%]  (Warmup)
Chain 2: Iteration:  200 / 2000 [ 10%]  (Warmup)
Chain 1: Iteration:  600 / 2000 [ 30%]  (Warmup)
Chain 1: Iteration:  800 / 2000 [ 40%]  (Warmup)
Chain 2: Iteration:  400 / 2000 [ 20%]  (Warmup)
Chain 1: Iteration: 1000 / 2000 [ 50%]  (Warmup)
Chain 1: Iteration: 1001 / 2000 [ 50%]  (Sampling)
Chain 2: Iteration:  600 / 2000 [ 30%]  (Warmup)
Chain 1: Iteration: 1200 / 2000 [ 60%]  (Sampling)
Chain 2: Iteration:  800 / 2000 [ 40%]  (Warmup)

SAMPLING FOR MODEL 'anon_model' NOW (CHAIN 3).
Chain 1: Iteration: 1400 / 2000 [ 70%]  (Sampling)
Chain 2: Iteration: 1000 / 2000 [ 50%]  (Warmup)
Chain 2: Iteration: 1001 / 2000 [ 50%]  (Sampling)
Chain 1: Iteration: 1600 / 2000 [ 80%]  (Sampling)
Chain 2: Iteration: 1200 / 2000 [ 60%]  (Sampling)
Chain 3: 
Chain 3: Gradient evaluation took 0.000107 seconds
Chain 3: 1000 transitions using 10 leapfrog steps per transition would take 1.07 seconds.
Chain 3: Adjust your expectations accordingly!
Chain 3: 
Chain 3: 
Chain 3: Iteration:    1 / 2000 [  0%]  (Warmup)
Chain 1: Iteration: 1800 / 2000 [ 90%]  (Sampling)
Chain 3: Iteration:  200 / 2000 [ 10%]  (Warmup)
Chain 2: Iteration: 1400 / 2000 [ 70%]  (Sampling)
Chain 3: Iteration:  400 / 2000 [ 20%]  (Warmup)
Chain 1: Iteration: 2000 / 2000 [100%]  (Sampling)

SAMPLING FOR MODEL 'anon_model' NOW (CHAIN Chain 41).
: 
Chain 1:  Elapsed Time: 0.003 seconds (Warm-up)
Chain 1:                0.005 seconds (Sampling)
Chain 1:                0.008 seconds (Total)
Chain 1: 
Chain 2: Iteration: 1600 / 2000 [ 80%]  (Sampling)
Chain 3: Iteration:  600 / 2000 [ 30%]  (Warmup)
Chain 3: Iteration:  800 / 2000 [ 40%]  (Warmup)
Chain 2: Iteration: 1800 / 2000 [ 90%]  (Sampling)
Chain 4: 
Chain 4: Gradient evaluation took 1.7e-05 seconds
Chain 4: 1000 transitions using 10 leapfrog steps per transition would take 0.17 seconds.
Chain 4: Adjust your expectations accordingly!
Chain 4: 
Chain 4: 
Chain 4: Iteration:    1 / 2000 [  0%]  (Warmup)
Chain 3: Iteration: 1000 / 2000 [ 50%]  (Warmup)
Chain 3: Iteration: 1001 / 2000 [ 50%]  (Sampling)
Chain 2: Iteration: 2000 / 2000 [100%]  (Sampling)
Chain 2: 
Chain 2:  Elapsed Time: 0.003 seconds (Warm-up)
Chain 2:                0.005 seconds (Sampling)
Chain 2:                0.008 seconds (Total)
Chain 2: 
Chain 4: Iteration:  200 / 2000 [ 10%]  (Warmup)

SAMPLING FOR MODEL 'anon_model' NOW (CHAIN 5).
Chain 3: Iteration: 1200 / 2000 [ 60%]  (Sampling)
Chain 4: Iteration:  400 / 2000 [ 20%]  (Warmup)

SAMPLING FOR MODEL 'anon_model' NOW (CHAIN 6).
Chain 4: Iteration:  600 / 2000 [ 30%]  (Warmup)
Chain 3: Iteration: 1400 / 2000 [ 70%]  (Sampling)
Chain 5: 
Chain 5: Gradient evaluation took 2.1e-05 seconds
Chain 5: 1000 transitions using 10 leapfrog steps per transition would take 0.21 seconds.
Chain 5: Adjust your expectations accordingly!
Chain 5: 
Chain 5: 
Chain 5: Iteration:    1 / 2000 [  0%]  (Warmup)
Chain 4: Iteration:  800 / 2000 [ 40%]  (Warmup)
Chain 3: Iteration: 1600 / 2000 [ 80%]  (Sampling)
Chain 5: Iteration:  200 / 2000 [ 10%]  (Warmup)
Chain 6: 
Chain 6: Gradient evaluation took 1.4e-05 seconds
Chain 6: 1000 transitions using 10 leapfrog steps per transition would take 0.14 seconds.
Chain 6: Adjust your expectations accordingly!
Chain 6: 
Chain 6: 
Chain 6: Iteration:    1 / 2000 [  0%]  (Warmup)
Chain 4: Iteration: 1000 / 2000 [ 50%]  (Warmup)
Chain 4: Iteration: 1001 / 2000 [ 50%]  (Sampling)
Chain 3: Iteration: 1800 / 2000 [ 90%]  (Sampling)
Chain 5: Iteration:  400 / 2000 [ 20%]  (Warmup)
Chain 4: Iteration: 1200 / 2000 [ 60%]  (Sampling)
Chain 6: Iteration:  200 / 2000 [ 10%]  (Warmup)
Chain 3: Iteration: 2000 / 2000 [100%]  (Sampling)
Chain 3: 
Chain 3:  Elapsed Time: 0.003 seconds (Warm-up)
Chain 3:                0.003 seconds (Sampling)
Chain 3:                0.006 seconds (Total)
Chain 3: 
Chain 5: Iteration:  600 / 2000 [ 30%]  (Warmup)
Chain 4: Iteration: 1400 / 2000 [ 70%]  (Sampling)
Chain 6: Iteration:  400 / 2000 [ 20%]  (Warmup)
Chain 5: Iteration:  800 / 2000 [ 40%]  (Warmup)
Chain 4: Iteration: 1600 / 2000 [ 80%]  (Sampling)

SAMPLING FOR MODEL 'anon_model' NOW (CHAIN 8).

SAMPLING FOR MODEL 'anon_model' NOW (CHAIN 7).
Chain 6: Iteration:  600 / 2000 [ 30%]  (Warmup)
Chain 4: Iteration: 1800 / 2000 [ 90%]  (Sampling)
Chain 5: Iteration: 1000 / 2000 [ 50%]  (Warmup)
Chain 5: Iteration: 1001 / 2000 [ 50%]  (Sampling)
Chain 8: 
Chain 8: Gradient evaluation took 1.6e-05 seconds
Chain 8: 1000 transitions using 10 leapfrog steps per transition would take 0.16 seconds.
Chain 8: Adjust your expectations accordingly!
Chain 8: 
Chain 8: 
Chain 8: Iteration:    1 / 2000 [  0%]  (Warmup)
Chain 6: Iteration:  800 / 2000 [ 40%]  (Warmup)
Chain 7: 
Chain 7: Gradient evaluation took 1.4e-05 seconds
Chain 7: 1000 transitions using 10 leapfrog steps per transition would take 0.14 seconds.
Chain 7: Adjust your expectations accordingly!
Chain 7: 
Chain 7: 
Chain 7: Iteration:    1 / 2000 [  0%]  (Warmup)
Chain 5: Iteration: 1200 / 2000 [ 60%]  (Sampling)
Chain 4: Iteration: 2000 / 2000 [100%]  (Sampling)
Chain 4: 
Chain 4:  Elapsed Time: 0.003 seconds (Warm-up)
Chain 4:                0.004 seconds (Sampling)
Chain 4:                0.007 seconds (Total)
Chain 4: 
Chain 6: Iteration: 1000 / 2000 [ 50%]  (Warmup)
Chain 6: Iteration: 1001 / 2000 [ 50%]  (Sampling)
Chain 5: Iteration: 1400 / 2000 [ 70%]  (Sampling)
Chain 8: Iteration:  200 / 2000 [ 10%]  (Warmup)
Chain 7: Iteration:  200 / 2000 [ 10%]  (Warmup)
Chain 6: Iteration: 1200 / 2000 [ 60%]  (Sampling)
Chain 5: Iteration: 1600 / 2000 [ 80%]  (Sampling)
Chain 7Chain : 6Iteration:  400 / 2000 [ 20%]  (Warmup): 
Iteration: 1400 / 2000 [ 70%]  (Sampling)
Chain 8: Iteration:  400 / 2000 [ 20%]  (Warmup)
Chain 7: Iteration:  600 / 2000 [ 30%]  (Warmup)
Chain 6: Iteration: 1600 / 2000 [ 80%]  (Sampling)
Chain 5: Iteration: 1800 / 2000 [ 90%]  (Sampling)
Chain 7: Iteration:  800 / 2000 [ 40%]  (Warmup)
Chain 6: Iteration: 1800 / 2000 [ 90%]  (Sampling)
Chain 8: Iteration:  600 / 2000 [ 30%]  (Warmup)
Chain 7: Iteration: 1000 / 2000 [ 50%]  (Warmup)
Chain 7: Iteration: 1001 / 2000 [ 50%]  (Sampling)
Chain 6: Iteration: 2000 / 2000 [100%]  (Sampling)
Chain 6: 
Chain 6:  Elapsed Time: 0.004 seconds (Warm-up)
Chain 6:                0.003 seconds (Sampling)
Chain 6:                0.007 seconds (Total)
Chain 6: 
Chain 8: Iteration:  800 / 2000 [ 40%]  (Warmup)
Chain 7: Iteration: 1200 / 2000 [ 60%]  (Sampling)
Chain 5: Iteration: 2000 / 2000 [100%]  (Sampling)
Chain 5: 
Chain 5:  Elapsed Time: 0.004 seconds (Warm-up)
Chain 5:                0.005 seconds (Sampling)
Chain 5:                0.009 seconds (Total)
Chain 5: 
Chain 7: Iteration: 1400 / 2000 [ 70%]  (Sampling)
Chain 8: Iteration: 1000 / 2000 [ 50%]  (Warmup)
Chain 8: Iteration: 1001 / 2000 [ 50%]  (Sampling)
Chain 7: Iteration: 1600 / 2000 [ 80%]  (Sampling)
Chain 8: Iteration: 1200 / 2000 [ 60%]  (Sampling)
Chain 7: Iteration: 1800 / 2000 [ 90%]  (Sampling)
Chain 7: Iteration: 2000 / 2000 [100%]  (Sampling)
Chain 7: 
Chain 7:  Elapsed Time: 0.003 seconds (Warm-up)
Chain 7:                0.003 seconds (Sampling)
Chain 7:                0.006 seconds (Total)
Chain 7: 
Chain 8: Iteration: 1400 / 2000 [ 70%]  (Sampling)
Chain 8: Iteration: 1600 / 2000 [ 80%]  (Sampling)
Chain 8: Iteration: 1800 / 2000 [ 90%]  (Sampling)
Chain 8: Iteration: 2000 / 2000 [100%]  (Sampling)
Chain 8: 
Chain 8:  Elapsed Time: 0.005 seconds (Warm-up)
Chain 8:                0.004 seconds (Sampling)
Chain 8:                0.009 seconds (Total)
Chain 8: 
            mean se_mean     sd    2.5%     25%     50%     75%   97.5%
theta[1] -0.0120  0.0118 1.0066 -1.9871 -0.6958 -0.0108  0.6707  1.9304
theta[2] -0.0037  0.0117 0.9986 -1.9585 -0.6928  0.0048  0.6700  1.9374
lp__     -1.0051  0.0165 1.0032 -3.6701 -1.3841 -0.6969 -0.2917 -0.0267
            n_eff   Rhat
theta[1] 7226.248 1.0000
theta[2] 7244.515 1.0001
lp__     3703.674 1.0017
Finished in 0.39 minutes

########################################
Running: /Users/chegu121/Documents/Phd-cici/r_package/pairwiserhat/experiments/baseline_rhat/three_cluster.R 
########################################
Loading required package: StanHeaders

rstan version 2.32.7 (Stan version 2.32.2)

For execution on a local, multicore CPU with excess RAM we recommend calling
options(mc.cores = parallel::detectCores()).
To avoid recompilation of unchanged Stan programs, we recommend calling
rstan_options(auto_write = TRUE)
For within-chain threading using `reduce_sum()` or `map_rect()` Stan functions,
change `threads_per_chain` option:
rstan_options(threads_per_chain = 1)


SAMPLING FOR MODEL 'anon_model' NOW (CHAIN 1).

SAMPLING FOR MODEL 'anon_model' NOW (CHAIN 2).

SAMPLING FOR MODEL 'anon_model' NOW (CHAIN 3).
Chain 1: 
Chain 1: Gradient evaluation took 4.3e-05 seconds
Chain 1: 1000 transitions using 10 leapfrog steps per transition would take 0.43 seconds.
Chain 1: Adjust your expectations accordingly!
Chain 1: 
Chain 1: 
Chain 2: 
Chain 2: Gradient evaluation took 3.7e-05 seconds
Chain 2: 1000 transitions using 10 leapfrog steps per transition would take 0.37 seconds.
Chain 2: Adjust your expectations accordingly!
Chain 2: 
Chain 2: 
Chain 1: Iteration:    1 / 2000 [  0%]  (Warmup)
Chain 2: Iteration:    1 / 2000 [  0%]  (Warmup)

SAMPLING FOR MODEL 'anon_model' NOW (CHAIN 4).

SAMPLING FOR MODEL 'anon_model' NOW (CHAIN 5).
Chain 1: Iteration:  200 / 2000 [ 10%]  (Warmup)
Chain 2: Iteration:  200 / 2000 [ 10%]  (Warmup)

SAMPLING FOR MODEL 'anon_model' NOW (CHAIN 6).
Chain 2: Iteration:  400 / 2000 [ 20%]  (Warmup)
Chain 1: Iteration:  400 / 2000 [ 20%]  (Warmup)

SAMPLING FOR MODEL 'anon_model' NOW (CHAIN 7).
Chain 1: Iteration:  600 / 2000 [ 30%]  (Warmup)
Chain 2: Iteration:  600 / 2000 [ 30%]  (Warmup)

SAMPLING FOR MODEL 'anon_model' NOW (CHAIN 8).
Chain 1: Iteration:  800 / 2000 [ 40%]  (Warmup)
Chain 2: Iteration:  800 / 2000 [ 40%]  (Warmup)
Chain 3: 
Chain 3: Gradient evaluation took 2.3e-05 seconds
Chain 3: 1000 transitions using 10 leapfrog steps per transition would take 0.23 seconds.
Chain 3: Adjust your expectations accordingly!
Chain 3: 
Chain 3: 
Chain 4: Chain 3: Iteration:    1 / 2000 [  0%]  (Warmup)

Chain 4: Gradient evaluation took 1.6e-05 seconds
Chain 4: 1000 transitions using 10 leapfrog steps per transition would take 0.16 seconds.
Chain 4: Adjust your expectations accordingly!
Chain 4: 
Chain 4: 
Chain 4: Iteration:    1 / 2000 [  0%]  (Warmup)
Chain 2: Iteration: 1000 / 2000 [ 50%]  (Warmup)
Chain 2: Iteration: 1001 / 2000 [ 50%]  (Sampling)
Chain 1: Iteration: 1000 / 2000 [ 50%]  (Warmup)
Chain 1: Iteration: 1001 / 2000 [ 50%]  (Sampling)
Chain 6: 
Chain 6: Gradient evaluation took 1.5e-05 seconds
Chain 6: 1000 transitions using 10 leapfrog steps per transition would take 0.15 seconds.
Chain 6: Adjust your expectations accordingly!
Chain 6: 
Chain 6: 
Chain 6: Iteration:    1 / 2000 [  0%]  (Warmup)
Chain 5: 
Chain 5: Gradient evaluation took 2e-05 seconds
Chain 5: 1000 transitions using 10 leapfrog steps per transition would take 0.2 seconds.
Chain 5: Adjust your expectations accordingly!
Chain 5: 
Chain 5: 
Chain 5: Iteration:    1 / 2000 [  0%]  (Warmup)
Chain 2: Iteration: 1200 / 2000 [ 60%]  (Sampling)
Chain 3: Iteration:  200 / 2000 [ 10%]  (Warmup)
Chain 1: Iteration: 1200 / 2000 [ 60%]  (Sampling)
Chain 6: Iteration:  200 / 2000 [ 10%]  (Warmup)
Chain 5: Iteration:  200 / 2000 [ 10%]  (Warmup)
Chain 4: Iteration:  200 / 2000 [ 10%]  (Warmup)
Chain 2: Iteration: 1400 / 2000 [ 70%]  (Sampling)
Chain 3: Iteration:  400 / 2000 [ 20%]  (Warmup)
Chain 6: Iteration:  400 / 2000 [ 20%]  (Warmup)
Chain 1: Iteration: 1400 / 2000 [ 70%]  (Sampling)
Chain 8: 
Chain 8: Gradient evaluation took 1.8e-05 seconds
Chain 8: 1000 transitions using 10 leapfrog steps per transition would take 0.18 seconds.
Chain 8: Adjust your expectations accordingly!
Chain 8: 
Chain 8: 
Chain 8: Iteration:    1 / 2000 [  0%]  (Warmup)
Chain 4: Iteration:  400 / 2000 [ 20%]  (Warmup)
Chain 5: Iteration:  400 / 2000 [ 20%]  (Warmup)
Chain 2: Iteration: 1600 / 2000 [ 80%]  (Sampling)
Chain 7: 
Chain 7: Gradient evaluation took 2.5e-05 seconds
Chain 7: 1000 transitions using 10 leapfrog steps per transition would take 0.25 seconds.
Chain 7: Adjust your expectations accordingly!
Chain 7: 
Chain 7: 
Chain 7: Iteration:    1 / 2000 [  0%]  (Warmup)
Chain 6: Iteration:  600 / 2000 [ 30%]  (Warmup)
Chain 3: Iteration:  600 / 2000 [ 30%]  (Warmup)
Chain 4: Iteration:  600 / 2000 [ 30%]  (Warmup)
Chain 1: Iteration: 1600 / 2000 [ 80%]  (Sampling)
Chain 8: Iteration:  200 / 2000 [ 10%]  (Warmup)
Chain 5: Iteration:  600 / 2000 [ 30%]  (Warmup)
Chain 2: Iteration: 1800 / 2000 [ 90%]  (Sampling)
Chain 6: Iteration:  800 / 2000 [ 40%]  (Warmup)
Chain 7: Iteration:  200 / 2000 [ 10%]  (Warmup)
Chain 4: Iteration:  800 / 2000 [ 40%]  (Warmup)
Chain 1: Iteration: 1800 / 2000 [ 90%]  (Sampling)
Chain 5: Iteration:  800 / 2000 [ 40%]  (Warmup)
Chain 3: Iteration:  800 / 2000 [ 40%]  (Warmup)
Chain 6: Iteration: 1000 / 2000 [ 50%]  (Warmup)
Chain 6: Iteration: 1001 / 2000 [ 50%]  (Sampling)Chain 8: Iteration:  400 / 2000 [ 20%]  (Warmup)

Chain 4: Iteration: 1000 / 2000 [ 50%]  (Warmup)
Chain 4: Iteration: 1001 / 2000 [ 50%]  (Sampling)
Chain 2: Iteration: 2000 / 2000 [100%]  (Sampling)
Chain 2: 
Chain 2:  Elapsed Time: 0.009 seconds (Warm-up)
Chain 2:                0.008 seconds (Sampling)
Chain 2:                0.017 seconds (Total)
Chain 2: 
Chain 7: Iteration:  400 / 2000 [ 20%]  (Warmup)
Chain 1: Iteration: 2000 / 2000 [100%]  (Sampling)
Chain 1: 
Chain 1:  Elapsed Time: 0.009 seconds (Warm-up)
Chain 1:                0.009 seconds (Sampling)
Chain 1:                0.018 seconds (Total)
Chain 1: 
Chain 5: Iteration: 1000 / 2000 [ 50%]  (Warmup)
Chain 5: Iteration: 1001 / 2000 [ 50%]  (Sampling)
Chain 3: Iteration: 1000 / 2000 [ 50%]  (Warmup)
Chain 3: Iteration: 1001 / 2000 [ 50%]  (Sampling)
Chain 4: Iteration: 1200 / 2000 [ 60%]  (Sampling)
Chain 6: Iteration: 1200 / 2000 [ 60%]  (Sampling)
Chain 8: Iteration:  600 / 2000 [ 30%]  (Warmup)
Chain 7: Iteration:  600 / 2000 [ 30%]  (Warmup)
Chain 3: Iteration: 1200 / 2000 [ 60%]  (Sampling)
Chain 4: Iteration: 1400 / 2000 [ 70%]  (Sampling)
Chain 7: Iteration:  800 / 2000 [ 40%]  (Warmup)
Chain 8: Iteration:  800 / 2000 [ 40%]  (Warmup)
Chain 5: Iteration: 1200 / 2000 [ 60%]  (Sampling)
Chain 6: Iteration: 1400 / 2000 [ 70%]  (Sampling)
Chain 4: Iteration: 1600 / 2000 [ 80%]  (Sampling)
Chain 7: Iteration: 1000 / 2000 [ 50%]  (Warmup)
Chain 7: Iteration: 1001 / 2000 [ 50%]  (Sampling)
Chain 3: Iteration: 1400 / 2000 [ 70%]  (Sampling)
Chain 8: Iteration: 1000 / 2000 [ 50%]  (Warmup)
Chain 8: Iteration: 1001 / 2000 [ 50%]  (Sampling)
Chain 6: Iteration: 1600 / 2000 [ 80%]  (Sampling)
Chain 5: Iteration: 1400 / 2000 [ 70%]  (Sampling)
Chain 7: Iteration: 1200 / 2000 [ 60%]  (Sampling)
Chain 4: Iteration: 1800 / 2000 [ 90%]  (Sampling)
Chain 3: Iteration: 1600 / 2000 [ 80%]  (Sampling)
Chain 6: Iteration: 1800 / 2000 [ 90%]  (Sampling)
Chain 8: Iteration: 1200 / 2000 [ 60%]  (Sampling)
Chain 5: Iteration: 1600 / 2000 [ 80%]  (Sampling)
Chain 7: Iteration: 1400 / 2000 [ 70%]  (Sampling)
Chain 6: Iteration: 2000 / 2000 [100%]  (Sampling)
Chain 6: 
Chain 6:  Elapsed Time: 0.007 seconds (Warm-up)
Chain 6:                0.008 seconds (Sampling)
Chain 6:                0.015 seconds (Total)
Chain 6: 
Chain 3: Iteration: 1800 / 2000 [ 90%]  (Sampling)
Chain 8: Iteration: 1400 / 2000 [ 70%]  (Sampling)
Chain 4: Iteration: 2000 / 2000 [100%]  (Sampling)
Chain 5: Iteration: 1800 / 2000 [ 90%]  (Sampling)
Chain 4: 
Chain 4:  Elapsed Time: 0.008 seconds (Warm-up)
Chain 4:                0.008 seconds (Sampling)
Chain 4:                0.016 seconds (Total)
Chain 4: 
Chain 7: Iteration: 1600 / 2000 [ 80%]  (Sampling)
Chain 3: Iteration: 2000 / 2000 [100%]  (Sampling)
Chain 3: 
Chain 3:  Elapsed Time: 0.009 seconds (Warm-up)
Chain 3:                0.008 seconds (Sampling)
Chain 3:                0.017 seconds (Total)
Chain 3: 
Chain 5: Iteration: 2000 / 2000 [100%]  (Sampling)
Chain 8: Iteration: 1600 / 2000 [ 80%]  (Sampling)
Chain 5: 
Chain 5:  Elapsed Time: 0.009 seconds (Warm-up)
Chain 5:                0.009 seconds (Sampling)
Chain 5:                0.018 seconds (Total)
Chain 5: 
Chain 7: Iteration: 1800 / 2000 [ 90%]  (Sampling)
Chain 8: Iteration: 1800 / 2000 [ 90%]  (Sampling)
Chain 7: Iteration: 2000 / 2000 [100%]  (Sampling)
Chain 7: 
Chain 7:  Elapsed Time: 0.008 seconds (Warm-up)
Chain 7:                0.008 seconds (Sampling)
Chain 7:                0.016 seconds (Total)
Chain 7: 
Chain 8: Iteration: 2000 / 2000 [100%]  (Sampling)
Chain 8: 
Chain 8:  Elapsed Time: 0.009 seconds (Warm-up)
Chain 8:                0.008 seconds (Sampling)
Chain 8:                0.017 seconds (Total)
Chain 8: 
Warning messages:
1: The largest R-hat is 2.28, indicating chains have not mixed.
Running the chains for more iterations may help. See
https://mc-stan.org/misc/warnings.html#r-hat 
2: Bulk Effective Samples Size (ESS) is too low, indicating posterior means and medians may be unreliable.
Running the chains for more iterations may help. See
https://mc-stan.org/misc/warnings.html#bulk-ess 
3: Tail Effective Samples Size (ESS) is too low, indicating posterior variances and tail quantiles may be unreliable.
Running the chains for more iterations may help. See
https://mc-stan.org/misc/warnings.html#tail-ess 
            mean se_mean     sd    2.5%     25%     50%     75%   97.5%
theta[1] -0.0040  2.5943 5.2117 -6.7311 -5.7881  0.0142  5.7677  6.7388
theta[2] -0.3783  2.1373 4.3021 -5.7550 -4.7780 -0.2078  2.3021  6.6392
lp__     -1.4518  0.0164 0.9789 -4.0927 -1.8679 -1.1440 -0.7452 -0.4786
             n_eff    Rhat
theta[1]    4.0357 10.7350
theta[2]    4.0517  8.8959
lp__     3556.7396  1.0014
Finished in 0.41 minutes

########################################
Running: /Users/chegu121/Documents/Phd-cici/r_package/pairwiserhat/experiments/baseline_rhat/funnel.R 
########################################
Loading required package: StanHeaders

rstan version 2.32.7 (Stan version 2.32.2)

For execution on a local, multicore CPU with excess RAM we recommend calling
options(mc.cores = parallel::detectCores()).
To avoid recompilation of unchanged Stan programs, we recommend calling
rstan_options(auto_write = TRUE)
For within-chain threading using `reduce_sum()` or `map_rect()` Stan functions,
change `threads_per_chain` option:
rstan_options(threads_per_chain = 1)


SAMPLING FOR MODEL 'anon_model' NOW (CHAIN 1).

SAMPLING FOR MODEL 'anon_model' NOW (CHAIN 2).
Chain 1: 
Chain 1: Gradient evaluation took 3e-05 seconds
Chain 1: 1000 transitions using 10 leapfrog steps per transition would take 0.3 seconds.
Chain 1: Adjust your expectations accordingly!
Chain 1: 
Chain 1: 
Chain 1: Iteration:    1 / 2000 [  0%]  (Warmup)
Chain 2: 
Chain 2: Gradient evaluation took 2.7e-05 seconds
Chain 2: 1000 transitions using 10 leapfrog steps per transition would take 0.27 seconds.
Chain 2: Adjust your expectations accordingly!
Chain 2: 
Chain 2: 
Chain 2: Iteration:    1 / 2000 [  0%]  (Warmup)

SAMPLING FOR MODEL 'anon_model' NOW (CHAIN 3).
Chain 3: 
Chain 3: Gradient evaluation took 1.8e-05 seconds
Chain 3: 1000 transitions using 10 leapfrog steps per transition would take 0.18 seconds.
Chain 3: Adjust your expectations accordingly!
Chain 3: 
Chain 3: 
Chain 3: Iteration:    1 / 2000 [  0%]  (Warmup)

SAMPLING FOR MODEL 'anon_model' NOW (CHAIN 4).
Chain 1: Iteration:  200 / 2000 [ 10%]  (Warmup)

SAMPLING FOR MODEL 'anon_model' NOW (CHAIN 5).
Chain 2: Iteration:  200 / 2000 [ 10%]  (Warmup)
Chain 4: 
Chain 4: Gradient evaluation took 1.4e-05 seconds
Chain 4: 1000 transitions using 10 leapfrog steps per transition would take 0.14 seconds.
Chain 4: Adjust your expectations accordingly!
Chain 4: 
Chain 4: 
Chain 4: Iteration:    1 / 2000 [  0%]  (Warmup)
Chain 5: 
Chain 5: Gradient evaluation took 1.7e-05 seconds
Chain 5: 1000 transitions using 10 leapfrog steps per transition would take 0.17 seconds.
Chain 5: Adjust your expectations accordingly!
Chain 5: 
Chain 5: 

SAMPLING FOR MODEL 'anon_model' NOW (CHAIN 6).
Chain 5: Iteration:    1 / 2000 [  0%]  (Warmup)
Chain 1: Iteration:  400 / 2000 [ 20%]  (Warmup)
Chain 6: 
Chain 6: Gradient evaluation took 1.3e-05 seconds
Chain 6: 1000 transitions using 10 leapfrog steps per transition would take 0.13 seconds.
Chain 6: Adjust your expectations accordingly!
Chain 6: 
Chain 6: 
Chain 6: Iteration:    1 / 2000 [  0%]  (Warmup)

SAMPLING FOR MODEL 'anon_model' NOW (CHAIN 7).
Chain 2: Iteration:  400 / 2000 [ 20%]  (Warmup)
Chain 7: 
Chain 7: Gradient evaluation took 1.6e-05 seconds
Chain 7: 1000 transitions using 10 leapfrog steps per transition would take 0.16 seconds.
Chain 7: Adjust your expectations accordingly!
Chain 7: 
Chain 7: 
Chain 7: Iteration:    1 / 2000 [  0%]  (Warmup)

SAMPLING FOR MODEL 'anon_model' NOW (CHAIN 8).
Chain 1: Iteration:  600 / 2000 [ 30%]  (Warmup)
Chain 8: 
Chain 8: Gradient evaluation took 2.2e-05 seconds
Chain 8: 1000 transitions using 10 leapfrog steps per transition would take 0.22 seconds.
Chain 8: Adjust your expectations accordingly!
Chain 8: 
Chain 8: 
Chain 8: Iteration:    1 / 2000 [  0%]  (Warmup)
Chain 4: Iteration:  200 / 2000 [ 10%]  (Warmup)
Chain 6: Iteration:  200 / 2000 [ 10%]  (Warmup)
Chain 5: Iteration:  200 / 2000 [ 10%]  (Warmup)
Chain 7: Iteration:  200 / 2000 [ 10%]  (Warmup)
Chain 1: Iteration:  800 / 2000 [ 40%]  (Warmup)
Chain 2: Iteration:  600 / 2000 [ 30%]  (Warmup)
Chain 4: Iteration:  400 / 2000 [ 20%]  (Warmup)
Chain 8: Iteration:  200 / 2000 [ 10%]  (Warmup)
Chain 7: Iteration:  400 / 2000 [ 20%]  (Warmup)
Chain 2: Iteration:  800 / 2000 [ 40%]  (Warmup)
Chain 4: Iteration:  600 / 2000 [ 30%]  (Warmup)
Chain 3: Iteration:  200 / 2000 [ 10%]  (Warmup)
Chain 2: Iteration: 1000 / 2000 [ 50%]  (Warmup)
Chain 2: Iteration: 1001 / 2000 [ 50%]  (Sampling)
Chain Chain 45: : Iteration:  800 / 2000 [ 40%]  (Warmup)Iteration:  400 / 2000 [ 20%]  (Warmup)

Chain 8: Iteration:  400 / 2000 [ 20%]  (Warmup)
Chain 3: Iteration:  400 / 2000 [ 20%]  (Warmup)
Chain 2: Iteration: 1200 / 2000 [ 60%]  (Sampling)
Chain 4: Iteration: 1000 / 2000 [ 50%]  (Warmup)
Chain 4: Iteration: 1001 / 2000 [ 50%]  (Sampling)
Chain 7: Iteration:  600 / 2000 [ 30%]  (Warmup)
Chain 5: Iteration:  600 / 2000 [ 30%]  (Warmup)
Chain 3: Iteration:  600 / 2000 [ 30%]  (Warmup)
Chain 4: Iteration: 1200 / 2000 [ 60%]  (Sampling)
Chain 1: Iteration: 1000 / 2000 [ 50%]  (Warmup)
Chain 1: Iteration: 1001 / 2000 [ 50%]  (Sampling)
Chain 5: Iteration:  800 / 2000 [ 40%]  (Warmup)
Chain 1: Iteration: 1200 / 2000 [ 60%]  (Sampling)
Chain 6: Iteration:  400 / 2000 [ 20%]  (Warmup)
Chain 1: Iteration: 1400 / 2000 [ 70%]  (Sampling)
Chain 5: Iteration: 1000 / 2000 [ 50%]  (Warmup)
Chain 5: Iteration: 1001 / 2000 [ 50%]  (Sampling)
Chain 2: Iteration: 1400 / 2000 [ 70%]  (Sampling)
Chain 7: Iteration:  800 / 2000 [ 40%]  (Warmup)
Chain 4: Iteration: 1400 / 2000 [ 70%]  (Sampling)
Chain 4: Iteration: 1600 / 2000 [ 80%]  (Sampling)
Chain 1: Iteration: 1600 / 2000 [ 80%]  (Sampling)
Chain 3: Iteration:  800 / 2000 [ 40%]  (Warmup)
Chain 4: Iteration: 1800 / 2000 [ 90%]  (Sampling)
Chain 5: Iteration: 1200 / 2000 [ 60%]  (Sampling)
Chain 7: Iteration: 1000 / 2000 [ 50%]  (Warmup)
Chain 7: Iteration: 1001 / 2000 [ 50%]  (Sampling)
Chain 1: Iteration: 1800 / 2000 [ 90%]  (Sampling)
Chain 4: Iteration: 2000 / 2000 [100%]  (Sampling)
Chain 4: 
Chain 4:  Elapsed Time: 0.021 seconds (Warm-up)
Chain 4:                0.01 seconds (Sampling)
Chain 4:                0.031 seconds (Total)
Chain 4: 
Chain 3: Iteration: 1000 / 2000 [ 50%]  (Warmup)
Chain 3: Iteration: 1001 / 2000 [ 50%]  (Sampling)
Chain 1: Iteration: 2000 / 2000 [100%]  (Sampling)
Chain 1: 
Chain 1:  Elapsed Time: 0.03 seconds (Warm-up)
Chain 1:                0.012 seconds (Sampling)
Chain 1:                0.042 seconds (Total)
Chain 1: 
Chain 3: Iteration: 1200 / 2000 [ 60%]  (Sampling)
Chain 6: Iteration:  600 / 2000 [ 30%]  (Warmup)
Chain 3: Iteration: 1400 / 2000 [ 70%]  (Sampling)
Chain 3: Iteration: 1600 / 2000 [ 80%]  (Sampling)
Chain 7: Iteration: 1200 / 2000 [ 60%]  (Sampling)
Chain 6: Iteration:  800 / 2000 [ 40%]  (Warmup)
Chain 3: Iteration: 1800 / 2000 [ 90%]  (Sampling)
Chain 6: Iteration: 1000 / 2000 [ 50%]  (Warmup)
Chain 6: Iteration: 1001 / 2000 [ 50%]  (Sampling)
Chain 7: Iteration: 1400 / 2000 [ 70%]  (Sampling)
Chain 5: Iteration: 1400 / 2000 [ 70%]  (Sampling)
Chain 6: Iteration: 1200 / 2000 [ 60%]  (Sampling)
Chain 8: Iteration:  600 / 2000 [ 30%]  (Warmup)
Chain 7: Iteration: 1600 / 2000 [ 80%]  (Sampling)
Chain 7: Iteration: 1800 / 2000 [ 90%]  (Sampling)
Chain 6: Iteration: 1400 / 2000 [ 70%]  (Sampling)
Chain 7: Iteration: 2000 / 2000 [100%]  (Sampling)
Chain 7: 
Chain 7:  Elapsed Time: 0.027 seconds (Warm-up)
Chain 7:                0.017 seconds (Sampling)
Chain 7:                0.044 seconds (Total)
Chain 7: 
Chain 8: Iteration:  800 / 2000 [ 40%]  (Warmup)
Chain 8: Iteration: 1000 / 2000 [ 50%]  (Warmup)
Chain 8: Iteration: 1001 / 2000 [ 50%]  (Sampling)
Chain 6: Iteration: 1600 / 2000 [ 80%]  (Sampling)
Chain 8: Iteration: 1200 / 2000 [ 60%]  (Sampling)
Chain 5: Iteration: 1600 / 2000 [ 80%]  (Sampling)
Chain 8: Iteration: 1400 / 2000 [ 70%]  (Sampling)
Chain 6: Iteration: 1800 / 2000 [ 90%]  (Sampling)
Chain 8: Iteration: 1600 / 2000 [ 80%]  (Sampling)
Chain 8: Iteration: 1800 / 2000 [ 90%]  (Sampling)
Chain 8: Iteration: 2000 / 2000 [100%]  (Sampling)
Chain 8: 
Chain 8:  Elapsed Time: 0.053 seconds (Warm-up)
Chain 8:                0.003 seconds (Sampling)
Chain 8:                0.056 seconds (Total)
Chain 8: 
Chain 5: Iteration: 1800 / 2000 [ 90%]  (Sampling)
Chain 6: Iteration: 2000 / 2000 [100%]  (Sampling)
Chain 6: 
Chain 6:  Elapsed Time: 0.038 seconds (Warm-up)
Chain 6:                0.025 seconds (Sampling)
Chain 6:                0.063 seconds (Total)
Chain 6: 
Chain 5: Iteration: 2000 / 2000 [100%]  (Sampling)
Chain 5: 
Chain 5:  Elapsed Time: 0.026 seconds (Warm-up)
Chain 5:                0.039 seconds (Sampling)
Chain 5:                0.065 seconds (Total)
Chain 5: 
Chain 3: Iteration: 2000 / 2000 [100%]  (Sampling)
Chain 3: 
Chain 3:  Elapsed Time: 0.035 seconds (Warm-up)
Chain 3:                0.042 seconds (Sampling)
Chain 3:                0.077 seconds (Total)
Chain 3: 
Chain 2: Iteration: 1600 / 2000 [ 80%]  (Sampling)
Chain 2: Iteration: 1800 / 2000 [ 90%]  (Sampling)
Chain 2: Iteration: 2000 / 2000 [100%]  (Sampling)
Chain 2: 
Chain 2:  Elapsed Time: 0.022 seconds (Warm-up)
Chain 2:                0.076 seconds (Sampling)
Chain 2:                0.098 seconds (Total)
Chain 2: 
Warning messages:
1: There were 235 divergent transitions after warmup. See
https://mc-stan.org/misc/warnings.html#divergent-transitions-after-warmup
to find out why this is a problem and how to eliminate them. 
2: There were 32 transitions after warmup that exceeded the maximum treedepth. Increase max_treedepth above 10. See
https://mc-stan.org/misc/warnings.html#maximum-treedepth-exceeded 
3: There were 7 chains where the estimated Bayesian Fraction of Missing Information was low. See
https://mc-stan.org/misc/warnings.html#bfmi-low 
4: Examine the pairs() plot to diagnose sampling problems
 
5: The largest R-hat is 1.44, indicating chains have not mixed.
Running the chains for more iterations may help. See
https://mc-stan.org/misc/warnings.html#r-hat 
6: Bulk Effective Samples Size (ESS) is too low, indicating posterior means and medians may be unreliable.
Running the chains for more iterations may help. See
https://mc-stan.org/misc/warnings.html#bulk-ess 
7: Tail Effective Samples Size (ESS) is too low, indicating posterior variances and tail quantiles may be unreliable.
Running the chains for more iterations may help. See
https://mc-stan.org/misc/warnings.html#tail-ess 
        mean se_mean      sd     2.5%      25%     50%    75%   97.5%     n_eff
y     0.3671  0.5134  2.5511  -2.2742  -1.8465 -0.1143 1.8476  6.6817   24.6879
x[1]  0.0410  0.1305 12.3738 -11.1352  -0.5256  0.0660 0.5161 12.3544 8995.4670
x[2]  0.1685  0.1294 12.4668 -10.0682  -0.5025 -0.0072 0.5328 12.1383 9283.7758
x[3] -0.0339  0.1266 11.7474 -11.5647  -0.5032 -0.1014 0.4603 11.4174 8616.6364
x[4] -0.1394  0.1712 12.0884 -12.1752  -0.5659 -0.2245 0.6484 11.2042 4988.5962
x[5]  0.0925  0.1465 13.7072 -10.5289  -0.6136  0.0828 0.5327 11.8665 8752.6821
x[6]  0.0891  0.1426 13.0271 -10.9352  -0.6188 -0.0680 0.5236 10.8582 8343.7882
x[7]  0.0079  0.1151 10.6428 -10.8271  -0.4709  0.1312 0.5682  9.7184 8543.0687
x[8]  0.2153  0.1811 14.6543 -10.9544  -0.5156  0.0782 0.6007 11.7744 6544.1544
x[9] -0.0656  0.1326 13.0316 -12.1988  -0.6147 -0.0044 0.5474 13.2010 9663.1248
lp__ -6.1817  2.7042 12.5094 -38.1556 -13.0230 -3.7908 4.1848  7.5076   21.3987
       Rhat
y    1.2504
x[1] 0.9994
x[2] 0.9999
x[3] 0.9994
x[4] 1.0005
x[5] 0.9999
x[6] 1.0003
x[7] 1.0006
x[8] 1.0001
x[9] 0.9995
lp__ 1.2743
Finished in 0.4 minutes

########################################
Running: /Users/chegu121/Documents/Phd-cici/r_package/pairwiserhat/experiments/baseline_rhat/linear_with_noise.R 
########################################
Loading required package: StanHeaders

rstan version 2.32.7 (Stan version 2.32.2)

For execution on a local, multicore CPU with excess RAM we recommend calling
options(mc.cores = parallel::detectCores()).
To avoid recompilation of unchanged Stan programs, we recommend calling
rstan_options(auto_write = TRUE)
For within-chain threading using `reduce_sum()` or `map_rect()` Stan functions,
change `threads_per_chain` option:
rstan_options(threads_per_chain = 1)


SAMPLING FOR MODEL 'anon_model' NOW (CHAIN 1).
Chain 1: 
Chain 1: Gradient evaluation took 2.1e-05 seconds
Chain 1: 1000 transitions using 10 leapfrog steps per transition would take 0.21 seconds.
Chain 1: Adjust your expectations accordingly!
Chain 1: 
Chain 1: 
Chain 1: Iteration:    1 / 2000 [  0%]  (Warmup)

SAMPLING FOR MODEL 'anon_model' NOW (CHAIN 2).
Chain 1: Iteration:  200 / 2000 [ 10%]  (Warmup)
Chain 2: 
Chain 2: Gradient evaluation took 2.3e-05 seconds
Chain 2: 1000 transitions using 10 leapfrog steps per transition would take 0.23 seconds.
Chain 2: Adjust your expectations accordingly!
Chain 2: 
Chain 2: 
Chain 2: Iteration:    1 / 2000 [  0%]  (Warmup)

SAMPLING FOR MODEL 'anon_model' NOW (CHAIN 3).
Chain 1: Iteration:  400 / 2000 [ 20%]  (Warmup)
Chain 3: 
Chain 3: Gradient evaluation took 5.1e-05 seconds
Chain 3: 1000 transitions using 10 leapfrog steps per transition would take 0.51 seconds.
Chain 3: Adjust your expectations accordingly!
Chain 3: 
Chain 3: 
Chain 3: Iteration:    1 / 2000 [  0%]  (Warmup)
Chain 2: Iteration:  200 / 2000 [ 10%]  (Warmup)

SAMPLING FOR MODEL 'anon_model' NOW (CHAIN 5).
Chain 1: Iteration:  600 / 2000 [ 30%]  (Warmup)

SAMPLING FOR MODEL 'anon_model' NOW (CHAIN 4).
Chain 2: Iteration:  400 / 2000 [ 20%]  (Warmup)
Chain 5: 
Chain 5: Gradient evaluation took 4.3e-05 seconds
Chain 5: 1000 transitions using 10 leapfrog steps per transition would take 0.43 seconds.
Chain 5: Adjust your expectations accordingly!
Chain 5: 
Chain 5: 
Chain 5: Iteration:    1 / 2000 [  0%]  (Warmup)
Chain 4: 
Chain 4: Gradient evaluation took 3.8e-05 seconds
Chain 4: 1000 transitions using 10 leapfrog steps per transition would take 0.38 seconds.
Chain 4: Adjust your expectations accordingly!
Chain 4: 
Chain 4: 
Chain 4: Iteration:    1 / 2000 [  0%]  (Warmup)
Chain 3: Iteration:  200 / 2000 [ 10%]  (Warmup)
Chain 1: Iteration:  800 / 2000 [ 40%]  (Warmup)

SAMPLING FOR MODEL 'anon_model' NOW (CHAIN 6).
Chain 2: Iteration:  600 / 2000 [ 30%]  (Warmup)

SAMPLING FOR MODEL 'anon_model' NOW (CHAIN 7).
Chain 6: 
Chain 6: Gradient evaluation took 5e-05 seconds
Chain 6: 1000 transitions using 10 leapfrog steps per transition would take 0.5 seconds.
Chain 6: Adjust your expectations accordingly!
Chain 6: 
Chain 6: 
Chain 6: Iteration:    1 / 2000 [  0%]  (Warmup)
Chain 7: 
Chain 7: Gradient evaluation took 4e-05 seconds
Chain 7: 1000 transitions using 10 leapfrog steps per transition would take 0.4 seconds.
Chain 7: Adjust your expectations accordingly!
Chain 7: 
Chain 7: 
Chain 7: Iteration:    1 / 2000 [  0%]  (Warmup)
Chain 1: Iteration: 1000 / 2000 [ 50%]  (Warmup)
Chain 1: Iteration: 1001 / 2000 [ 50%]  (Sampling)
Chain 3: Iteration:  400 / 2000 [ 20%]  (Warmup)
Chain 2: Iteration:  800 / 2000 [ 40%]  (Warmup)
Chain 4: Iteration:  200 / 2000 [ 10%]  (Warmup)
Chain 5: Iteration:  200 / 2000 [ 10%]  (Warmup)
Chain 6: Iteration:  200 / 2000 [ 10%]  (Warmup)
Chain 2: Iteration: 1000 / 2000 [ 50%]  (Warmup)
Chain 2: Iteration: 1001 / 2000 [ 50%]  (Sampling)
Chain 1: Iteration: 1200 / 2000 [ 60%]  (Sampling)

SAMPLING FOR MODEL 'anon_model' NOW (CHAIN 8).
Chain 3: Iteration:  600 / 2000 [ 30%]  (Warmup)
Chain 4: Iteration:  400 / 2000 [ 20%]  (Warmup)
Chain 5: Iteration:  400 / 2000 [ 20%]  (Warmup)
Chain 7: Iteration:  200 / 2000 [ 10%]  (Warmup)
Chain 6: Iteration:  400 / 2000 [ 20%]  (Warmup)
Chain 8: 
Chain 8: Gradient evaluation took 1.9e-05 seconds
Chain 8: 1000 transitions using 10 leapfrog steps per transition would take 0.19 seconds.
Chain 8: Adjust your expectations accordingly!
Chain 8: 
Chain 8: 
Chain 8: Iteration:    1 / 2000 [  0%]  (Warmup)
Chain 2: Iteration: 1200 / 2000 [ 60%]  (Sampling)
Chain 3: Iteration:  800 / 2000 [ 40%]  (Warmup)
Chain 1: Iteration: 1400 / 2000 [ 70%]  (Sampling)
Chain 5: Iteration:  600 / 2000 [ 30%]  (Warmup)
Chain 6: Iteration:  600 / 2000 [ 30%]  (Warmup)
Chain 4: Iteration:  600 / 2000 [ 30%]  (Warmup)
Chain 7: Iteration:  400 / 2000 [ 20%]  (Warmup)
Chain 3: Iteration: 1000 / 2000 [ 50%]  (Warmup)
Chain 3: Iteration: 1001 / 2000 [ 50%]  (Sampling)
Chain 2: Iteration: 1400 / 2000 [ 70%]  (Sampling)
Chain 5: Iteration:  800 / 2000 [ 40%]  (Warmup)
Chain 6: Iteration:  800 / 2000 [ 40%]  (Warmup)
Chain 1: Iteration: 1600 / 2000 [ 80%]  (Sampling)
Chain 4: Iteration:  800 / 2000 [ 40%]  (Warmup)
Chain 7: Iteration:  600 / 2000 [ 30%]  (Warmup)
Chain 3: Iteration: 1200 / 2000 [ 60%]  (Sampling)
Chain 2: Iteration: 1600 / 2000 [ 80%]  (Sampling)
Chain 8: Iteration:  200 / 2000 [ 10%]  (Warmup)
Chain 5: Iteration: 1000 / 2000 [ 50%]  (Warmup)
Chain 5: Iteration: 1001 / 2000 [ 50%]  (Sampling)
Chain 6: Iteration: 1000 / 2000 [ 50%]  (Warmup)
Chain 6: Iteration: 1001 / 2000 [ 50%]  (Sampling)
Chain 1: Iteration: 1800 / 2000 [ 90%]  (Sampling)
Chain 4: Iteration: 1000 / 2000 [ 50%]  (Warmup)
Chain 4: Iteration: 1001 / 2000 [ 50%]  (Sampling)
Chain 3: Iteration: 1400 / 2000 [ 70%]  (Sampling)
Chain 7: Iteration:  800 / 2000 [ 40%]  (Warmup)
Chain 2: Iteration: 1800 / 2000 [ 90%]  (Sampling)
Chain 8: Iteration:  400 / 2000 [ 20%]  (Warmup)
Chain 5: Iteration: 1200 / 2000 [ 60%]  (Sampling)
Chain 6: Iteration: 1200 / 2000 [ 60%]  (Sampling)
Chain 1: Iteration: 2000 / 2000 [100%]  (Sampling)
Chain 3: Iteration: 1600 / 2000 [ 80%]  (Sampling)
Chain 1: 
Chain 1:  Elapsed Time: 0.012 seconds (Warm-up)
Chain 1:                0.011 seconds (Sampling)
Chain 1:                0.023 seconds (Total)
Chain 1: 
Chain 4: Iteration: 1200 / 2000 [ 60%]  (Sampling)
Chain 7: Iteration: 1000 / 2000 [ 50%]  (Warmup)
Chain 7: Iteration: 1001 / 2000 [ 50%]  (Sampling)
Chain 2: Iteration: 2000 / 2000 [100%]  (Sampling)
Chain 2: 
Chain 2:  Elapsed Time: 0.01 seconds (Warm-up)
Chain 2:                0.01 seconds (Sampling)
Chain 2:                0.02 seconds (Total)
Chain 2: 
Chain 8: Iteration:  600 / 2000 [ 30%]  (Warmup)
Chain 3: Iteration: 1800 / 2000 [ 90%]  (Sampling)
Chain 6: Iteration: 1400 / 2000 [ 70%]  (Sampling)
Chain 5: Iteration: 1400 / 2000 [ 70%]  (Sampling)
Chain 4: Iteration: 1400 / 2000 [ 70%]  (Sampling)
Chain 7: Iteration: 1200 / 2000 [ 60%]  (Sampling)
Chain 8: Iteration:  800 / 2000 [ 40%]  (Warmup)
Chain 3: Iteration: 2000 / 2000 [100%]  (Sampling)
Chain 3: 
Chain 3:  Elapsed Time: 0.011 seconds (Warm-up)
Chain 3:                0.009 seconds (Sampling)
Chain 3:                0.02 seconds (Total)
Chain 3: 
Chain 5: Iteration: 1600 / 2000 [ 80%]  (Sampling)
Chain 4: Iteration: 1600 / 2000 [ 80%]  (Sampling)
Chain 7: Iteration: 1400 / 2000 [ 70%]  (Sampling)
Chain 6: Iteration: 1600 / 2000 [ 80%]  (Sampling)
Chain 8: Iteration: 1000 / 2000 [ 50%]  (Warmup)
Chain 8: Iteration: 1001 / 2000 [ 50%]  (Sampling)
Chain 5: Iteration: 1800 / 2000 [ 90%]  (Sampling)
Chain 4: Iteration: 1800 / 2000 [ 90%]  (Sampling)
Chain 7: Iteration: 1600 / 2000 [ 80%]  (Sampling)
Chain 8: Iteration: 1200 / 2000 [ 60%]  (Sampling)
Chain 6: Iteration: 1800 / 2000 [ 90%]  (Sampling)
Chain 5: Iteration: 2000 / 2000 [100%]  (Sampling)
Chain 5: 
Chain 5:  Elapsed Time: 0.012 seconds (Warm-up)
Chain 5:                0.011 seconds (Sampling)
Chain 5:                0.023 seconds (Total)
Chain 5: 
Chain 4: Iteration: 2000 / 2000 [100%]  (Sampling)
Chain 4: 
Chain 4:  Elapsed Time: 0.012 seconds (Warm-up)
Chain 4:                0.011 seconds (Sampling)
Chain 4:                0.023 seconds (Total)
Chain 4: 
Chain 7: Iteration: 1800 / 2000 [ 90%]  (Sampling)
Chain 8: Iteration: 1400 / 2000 [ 70%]  (Sampling)
Chain 6: Iteration: 2000 / 2000 [100%]  (Sampling)
Chain 6: 
Chain 6:  Elapsed Time: 0.01 seconds (Warm-up)
Chain 6:                0.012 seconds (Sampling)
Chain 6:                0.022 seconds (Total)
Chain 6: 
Chain 7: Iteration: 2000 / 2000 [100%]  (Sampling)
Chain 7: 
Chain 7:  Elapsed Time: 0.012 seconds (Warm-up)
Chain 7:                0.01 seconds (Sampling)
Chain 7:                0.022 seconds (Total)
Chain 7: 
Chain 8: Iteration: 1600 / 2000 [ 80%]  (Sampling)
Chain 8: Iteration: 1800 / 2000 [ 90%]  (Sampling)
Chain 8: Iteration: 2000 / 2000 [100%]  (Sampling)
Chain 8: 
Chain 8:  Elapsed Time: 0.013 seconds (Warm-up)
Chain 8:                0.01 seconds (Sampling)
Chain 8:                0.023 seconds (Total)
Chain 8: 
         mean se_mean     sd   2.5%     25%     50%     75%   97.5%    n_eff
a      1.5021  0.0006 0.0543 1.3952  1.4662  1.5023  1.5380  1.6086 6991.567
b      0.4717  0.0008 0.0648 0.3426  0.4290  0.4726  0.5139  0.5996 7066.005
sigma  0.4852  0.0006 0.0459 0.4046  0.4532  0.4823  0.5134  0.5830 6079.877
lp__  13.3695  0.0209 1.2816 9.9187 12.8311 13.7166 14.2890 14.7935 3754.432
        Rhat
a     1.0003
b     0.9999
sigma 0.9995
lp__  1.0001
Finished in 0.4 minutes

=== Pairwise diagnostic ===

########################################
Running: /Users/chegu121/Documents/Phd-cici/r_package/pairwiserhat/experiments/pairwise_rhat/uniform.R 
########################################
Loading required package: StanHeaders

rstan version 2.32.7 (Stan version 2.32.2)

For execution on a local, multicore CPU with excess RAM we recommend calling
options(mc.cores = parallel::detectCores()).
To avoid recompilation of unchanged Stan programs, we recommend calling
rstan_options(auto_write = TRUE)
For within-chain threading using `reduce_sum()` or `map_rect()` Stan functions,
change `threads_per_chain` option:
rstan_options(threads_per_chain = 1)

Warning message:
Fewer colours (6) than chains (8); recycling the palette. 
Pairwise R-hat result (rho = 1.015)

1. Pairwise R-hat matrices
--------------------------

$`theta[1]`
        chain:1 chain:2 chain:3 chain:4 chain:5 chain:6 chain:7 chain:8
chain:1  1.0000  1.0040  1.0008  1.0012  1.0032  1.0026  1.0044  1.0066
chain:2  1.0040  1.0000  1.0015  1.0049  1.0025  1.0036  1.0020  1.0061
chain:3  1.0008  1.0015  1.0000  1.0007  1.0019  1.0008  1.0028  1.0040
chain:4  1.0012  1.0049  1.0007  1.0000  1.0038  1.0019  1.0055  1.0066
chain:5  1.0032  1.0025  1.0019  1.0038  1.0000  1.0030  1.0019  1.0057
chain:6  1.0026  1.0036  1.0008  1.0019  1.0030  1.0000  1.0037  1.0061
chain:7  1.0044  1.0020  1.0028  1.0055  1.0019  1.0037  1.0000  1.0060
chain:8  1.0066  1.0061  1.0040  1.0066  1.0057  1.0061  1.0060  1.0000

$`theta[2]`
        chain:1 chain:2 chain:3 chain:4 chain:5 chain:6 chain:7 chain:8
chain:1  1.0000  1.0023  1.0005  1.0036  1.0014  1.0030  1.0030  1.0027
chain:2  1.0023  1.0000  1.0011  1.0015  0.9999  1.0008  1.0004  1.0017
chain:3  1.0005  1.0011  1.0000  1.0017  1.0000  1.0005  1.0004  1.0008
chain:4  1.0036  1.0015  1.0017  1.0000  1.0013  1.0016  1.0015  1.0013
chain:5  1.0014  0.9999  1.0000  1.0013  1.0000  1.0000  0.9995  1.0009
chain:6  1.0030  1.0008  1.0005  1.0016  1.0000  1.0000  1.0003  1.0015
chain:7  1.0030  1.0004  1.0004  1.0015  0.9995  1.0003  1.0000  1.0010
chain:8  1.0027  1.0017  1.0008  1.0013  1.0009  1.0015  1.0010  1.0000

2. Top 10 largest pairwise R-hat values
------------------------------------
   parameter chain_i chain_j pairwise_rhat
1   theta[1]       1       8      1.006644
2   theta[1]       4       8      1.006641
3   theta[1]       2       8      1.006092
4   theta[1]       6       8      1.006065
5   theta[1]       7       8      1.005995
6   theta[1]       5       8      1.005747
7   theta[1]       4       7      1.005484
8   theta[1]       2       4      1.004917
9   theta[1]       1       7      1.004437
10  theta[1]       1       2      1.004049

3. Parameter summary
--------------------
  parameter n_clusters n_isolated isolated_chains                 clusters
1  theta[1]          1          0                 (1, 2, 3, 4, 5, 6, 7, 8)
2  theta[2]          1          0                 (1, 2, 3, 4, 5, 6, 7, 8)
  pairwise_rhat_value
1            1.006644
2            1.003646
Finished in 0.05 minutes

########################################
Running: /Users/chegu121/Documents/Phd-cici/r_package/pairwiserhat/experiments/pairwise_rhat/gaussian_ball.R 
########################################
Loading required package: StanHeaders

rstan version 2.32.7 (Stan version 2.32.2)

For execution on a local, multicore CPU with excess RAM we recommend calling
options(mc.cores = parallel::detectCores()).
To avoid recompilation of unchanged Stan programs, we recommend calling
rstan_options(auto_write = TRUE)
For within-chain threading using `reduce_sum()` or `map_rect()` Stan functions,
change `threads_per_chain` option:
rstan_options(threads_per_chain = 1)

Warning message:
Fewer colours (6) than chains (8); recycling the palette. 
Pairwise R-hat result (rho = 1.015)

1. Pairwise R-hat matrices
--------------------------

$`theta[1]`
        chain:1 chain:2 chain:3 chain:4 chain:5 chain:6 chain:7 chain:8
chain:1  1.0000  1.0024  1.0019  1.0016  1.0014  1.0015  1.0011  1.0009
chain:2  1.0024  1.0000  1.0002  1.0024  1.0009  1.0023  1.0011  1.0004
chain:3  1.0019  1.0002  1.0000  1.0019  1.0004  1.0021  1.0008  0.9995
chain:4  1.0016  1.0024  1.0019  1.0000  1.0008  1.0009  1.0013  1.0007
chain:5  1.0014  1.0009  1.0004  1.0008  1.0000  1.0001  0.9996  0.9996
chain:6  1.0015  1.0023  1.0021  1.0009  1.0001  1.0000  1.0009  1.0001
chain:7  1.0011  1.0011  1.0008  1.0013  0.9996  1.0009  1.0000  1.0004
chain:8  1.0009  1.0004  0.9995  1.0007  0.9996  1.0001  1.0004  1.0000

$`theta[2]`
        chain:1 chain:2 chain:3 chain:4 chain:5 chain:6 chain:7 chain:8
chain:1  1.0000  1.0045  0.9995  0.9998  0.9997  1.0004  1.0022  1.0057
chain:2  1.0045  1.0000  1.0026  1.0023  1.0029  1.0046  1.0020  1.0054
chain:3  0.9995  1.0026  1.0000  0.9997  1.0006  1.0002  1.0004  1.0033
chain:4  0.9998  1.0023  0.9997  1.0000  1.0010  1.0006  1.0004  1.0031
chain:5  0.9997  1.0029  1.0006  1.0010  1.0000  1.0004  1.0019  1.0040
chain:6  1.0004  1.0046  1.0002  1.0006  1.0004  1.0000  1.0024  1.0058
chain:7  1.0022  1.0020  1.0004  1.0004  1.0019  1.0024  1.0000  1.0022
chain:8  1.0057  1.0054  1.0033  1.0031  1.0040  1.0058  1.0022  1.0000

2. Top 10 largest pairwise R-hat values
------------------------------------
   parameter chain_i chain_j pairwise_rhat
1   theta[2]       6       8      1.005752
2   theta[2]       1       8      1.005670
3   theta[2]       2       8      1.005418
4   theta[2]       2       6      1.004633
5   theta[2]       1       2      1.004498
6   theta[2]       5       8      1.004024
7   theta[2]       3       8      1.003296
8   theta[2]       4       8      1.003091
9   theta[2]       2       5      1.002940
10  theta[2]       2       3      1.002608

3. Parameter summary
--------------------
  parameter n_clusters n_isolated isolated_chains                 clusters
1  theta[1]          1          0                 (1, 2, 3, 4, 5, 6, 7, 8)
2  theta[2]          1          0                 (1, 2, 3, 4, 5, 6, 7, 8)
  pairwise_rhat_value
1            1.002387
2            1.005752
Finished in 0.05 minutes

########################################
Running: /Users/chegu121/Documents/Phd-cici/r_package/pairwiserhat/experiments/pairwise_rhat/three_cluster.R 
########################################
Loading required package: StanHeaders

rstan version 2.32.7 (Stan version 2.32.2)

For execution on a local, multicore CPU with excess RAM we recommend calling
options(mc.cores = parallel::detectCores()).
To avoid recompilation of unchanged Stan programs, we recommend calling
rstan_options(auto_write = TRUE)
For within-chain threading using `reduce_sum()` or `map_rect()` Stan functions,
change `threads_per_chain` option:
rstan_options(threads_per_chain = 1)

Warning message:
Fewer colours (6) than chains (8); recycling the palette. 
Pairwise R-hat result (rho = 1.015)

1. Pairwise R-hat matrices
--------------------------

$`theta[1]`
        chain:1 chain:2 chain:3 chain:4 chain:5 chain:6 chain:7 chain:8
chain:1  1.0000  1.8269  1.8274  1.0016  1.8276  1.8275  1.0031  1.8273
chain:2  1.8269  1.0000  1.8271  1.8267  0.9996  1.8271  1.8277  1.0025
chain:3  1.8274  1.8271  1.0000  1.8272  1.8279  0.9997  1.8282  1.8275
chain:4  1.0016  1.8267  1.8272  1.0000  1.8275  1.8273  1.0014  1.8271
chain:5  1.8276  0.9996  1.8279  1.8275  1.0000  1.8279  1.8284  1.0020
chain:6  1.8275  1.8271  0.9997  1.8273  1.8279  1.0000  1.8283  1.8275
chain:7  1.0031  1.8277  1.8282  1.0014  1.8284  1.8283  1.0000  1.8281
chain:8  1.8273  1.0025  1.8275  1.8271  1.0020  1.8275  1.8281  1.0000

$`theta[2]`
        chain:1 chain:2 chain:3 chain:4 chain:5 chain:6 chain:7 chain:8
chain:1  1.0000  1.8267  1.8267  1.0002  1.8273  1.8267  1.0010  1.8279
chain:2  1.8267  1.0000  1.8268  1.8267  1.0014  1.8268  1.8271  1.0008
chain:3  1.8267  1.8268  1.0000  1.8267  1.8278  0.9992  1.8271  1.8287
chain:4  1.0002  1.8267  1.8267  1.0000  1.8273  1.8267  1.0000  1.8279
chain:5  1.8273  1.0014  1.8278  1.8273  1.0000  1.8278  1.8277  1.0007
chain:6  1.8267  1.8268  0.9992  1.8267  1.8278  1.0000  1.8271  1.8288
chain:7  1.0010  1.8271  1.8271  1.0000  1.8277  1.8271  1.0000  1.8283
chain:8  1.8279  1.0008  1.8287  1.8279  1.0007  1.8288  1.8283  1.0000

2. Top 10 largest pairwise R-hat values
------------------------------------
   parameter chain_i chain_j pairwise_rhat
1   theta[2]       6       8      1.828771
2   theta[2]       3       8      1.828720
3   theta[1]       5       7      1.828443
4   theta[1]       6       7      1.828283
5   theta[2]       7       8      1.828254
6   theta[1]       3       7      1.828211
7   theta[1]       7       8      1.828090
8   theta[2]       4       8      1.827900
9   theta[1]       5       6      1.827881
10  theta[2]       1       8      1.827872

3. Parameter summary
--------------------
  parameter n_clusters n_isolated isolated_chains
1  theta[1]          3          0                
2  theta[2]          3          0                
                        clusters pairwise_rhat_value
1 (1, 4, 7) | (2, 5, 8) | (3, 6)            1.003130
2 (1, 4, 7) | (2, 5, 8) | (3, 6)            1.001365
Finished in 0.05 minutes

########################################
Running: /Users/chegu121/Documents/Phd-cici/r_package/pairwiserhat/experiments/pairwise_rhat/funnel.R 
########################################
Loading required package: StanHeaders

rstan version 2.32.7 (Stan version 2.32.2)

For execution on a local, multicore CPU with excess RAM we recommend calling
options(mc.cores = parallel::detectCores()).
To avoid recompilation of unchanged Stan programs, we recommend calling
rstan_options(auto_write = TRUE)
For within-chain threading using `reduce_sum()` or `map_rect()` Stan functions,
change `threads_per_chain` option:
rstan_options(threads_per_chain = 1)

Warning message:
Fewer colours (6) than chains (8); recycling the palette. 
Pairwise R-hat result (rho = 1.015)

1. Pairwise R-hat matrices
--------------------------

$`y`
        chain:1 chain:2 chain:3 chain:4 chain:5 chain:6 chain:7 chain:8
chain:1  1.0000  1.0379  1.3270  1.6111  1.2180  1.1290  1.1855  2.2332
chain:2  1.0379  1.0000  1.1963  1.2856  1.0712  1.0346  1.0819  2.2616
chain:3  1.3270  1.1963  1.0000  1.4104  1.1314  1.1415  1.3319  2.6583
chain:4  1.6111  1.2856  1.4104  1.0000  1.2015  1.2471  1.6821  3.5338
chain:5  1.2180  1.0712  1.1314  1.2015  1.0000  1.0316  1.1690  2.2435
chain:6  1.1290  1.0346  1.1415  1.2471  1.0316  1.0000  1.1113  2.2424
chain:7  1.1855  1.0819  1.3319  1.6821  1.1690  1.1113  1.0000  2.5922
chain:8  2.2332  2.2616  2.6583  3.5338  2.2435  2.2424  2.5922  1.0000

$`x[1]`
        chain:1 chain:2 chain:3 chain:4 chain:5 chain:6 chain:7 chain:8
chain:1  1.0000  1.0166  1.1669  1.5693  1.1164  1.0527  1.0383  2.2325
chain:2  1.0166  1.0000  1.1373  1.5404  1.0515  1.0193  1.0320  2.2546
chain:3  1.1669  1.1373  1.0000  1.5881  1.0954  1.1013  1.1984  2.4299
chain:4  1.5693  1.5404  1.5881  1.0000  1.5345  1.5095  1.6056  2.7446
chain:5  1.1164  1.0515  1.0954  1.5345  1.0000  1.0164  1.1114  2.2701
chain:6  1.0527  1.0193  1.1013  1.5095  1.0164  1.0000  1.0522  2.2376
chain:7  1.0383  1.0320  1.1984  1.6056  1.1114  1.0522  1.0000  2.3899
chain:8  2.2325  2.2546  2.4299  2.7446  2.2701  2.2376  2.3899  1.0000

$`x[2]`
        chain:1 chain:2 chain:3 chain:4 chain:5 chain:6 chain:7 chain:8
chain:1  1.0000  1.0087  1.2469  1.4955  1.0679  1.0372  1.0630  2.2337
chain:2  1.0087  1.0000  1.2175  1.4758  1.0416  1.0215  1.0481  2.2515
chain:3  1.2469  1.2175  1.0000  1.1744  1.1343  1.1758  1.2082  2.4335
chain:4  1.4955  1.4758  1.1744  1.0000  1.2824  1.4389  1.5085  2.4021
chain:5  1.0679  1.0416  1.1343  1.2824  1.0000  1.0076  1.0678  2.2496
chain:6  1.0372  1.0215  1.1758  1.4389  1.0076  1.0000  1.0519  2.2396
chain:7  1.0630  1.0481  1.2082  1.5085  1.0678  1.0519  1.0000  2.3885
chain:8  2.2337  2.2515  2.4335  2.4021  2.2496  2.2396  2.3885  1.0000

$`x[3]`
        chain:1 chain:2 chain:3 chain:4 chain:5 chain:6 chain:7 chain:8
chain:1  1.0000  1.0114  1.2607  1.5197  1.0888  1.0423  1.0545  2.2341
chain:2  1.0114  1.0000  1.2328  1.4988  1.0568  1.0251  1.0432  2.2556
chain:3  1.2607  1.2328  1.0000  1.6536  1.1920  1.2069  1.2747  2.2731
chain:4  1.5197  1.4988  1.6536  1.0000  1.4859  1.4780  1.5574  2.8212
chain:5  1.0888  1.0568  1.1920  1.4859  1.0000  1.0146  1.0846  2.2537
chain:6  1.0423  1.0251  1.2069  1.4780  1.0146  1.0000  1.0551  2.2380
chain:7  1.0545  1.0432  1.2747  1.5574  1.0846  1.0551  1.0000  2.4034
chain:8  2.2341  2.2556  2.2731  2.8212  2.2537  2.2380  2.4034  1.0000

$`x[4]`
        chain:1 chain:2 chain:3 chain:4 chain:5 chain:6 chain:7 chain:8
chain:1  1.0000  1.0168  1.1440  1.5237  1.1052  1.0671  1.0583  2.2329
chain:2  1.0168  1.0000  1.0975  1.4834  1.0476  1.0299  1.0505  2.2513
chain:3  1.1440  1.0975  1.0000  1.1608  1.0628  1.0411  1.1442  2.2820
chain:4  1.5237  1.4834  1.1608  1.0000  1.4671  1.4527  1.5621  3.2429
chain:5  1.1052  1.0476  1.0628  1.4671  1.0000  1.0091  1.0958  2.2557
chain:6  1.0671  1.0299  1.0411  1.4527  1.0091  1.0000  1.0729  2.2377
chain:7  1.0583  1.0505  1.1442  1.5621  1.0958  1.0729  1.0000  2.4299
chain:8  2.2329  2.2513  2.2820  3.2429  2.2557  2.2377  2.4299  1.0000

$`x[5]`
        chain:1 chain:2 chain:3 chain:4 chain:5 chain:6 chain:7 chain:8
chain:1  1.0000  1.0216  1.2593  1.5146  1.1302  1.0657  1.0546  2.2357
chain:2  1.0216  1.0000  1.2086  1.4745  1.0474  1.0197  1.0342  2.2559
chain:3  1.2593  1.2086  1.0000  1.2315  1.1786  1.1794  1.2351  2.6128
chain:4  1.5146  1.4745  1.2315  1.0000  1.4116  1.4368  1.5211  2.7026
chain:5  1.1302  1.0474  1.1786  1.4116  1.0000  1.0120  1.0764  2.2446
chain:6  1.0657  1.0197  1.1794  1.4368  1.0120  1.0000  1.0436  2.2411
chain:7  1.0546  1.0342  1.2351  1.5211  1.0764  1.0436  1.0000  2.3602
chain:8  2.2357  2.2559  2.6128  2.7026  2.2446  2.2411  2.3602  1.0000

$`x[6]`
        chain:1 chain:2 chain:3 chain:4 chain:5 chain:6 chain:7 chain:8
chain:1  1.0000  1.0146  1.1983  1.5144  1.0941  1.0617  1.1023  2.2337
chain:2  1.0146  1.0000  1.1616  1.4819  1.0463  1.0266  1.0777  2.2462
chain:3  1.1983  1.1616  1.0000  1.0697  1.1152  1.1179  1.2027  2.3832
chain:4  1.5144  1.4819  1.0697  1.0000  1.1599  1.1461  1.4450  2.3190
chain:5  1.0941  1.0463  1.1152  1.1599  1.0000  1.0058  1.0995  2.2621
chain:6  1.0617  1.0266  1.1179  1.1461  1.0058  1.0000  1.0790  2.2406
chain:7  1.1023  1.0777  1.2027  1.4450  1.0995  1.0790  1.0000  2.4344
chain:8  2.2337  2.2462  2.3832  2.3190  2.2621  2.2406  2.4344  1.0000

$`x[7]`
        chain:1 chain:2 chain:3 chain:4 chain:5 chain:6 chain:7 chain:8
chain:1  1.0000  1.0146  1.1333  1.5625  1.1133  1.0638  1.1123  2.2329
chain:2  1.0146  1.0000  1.0803  1.5053  1.0405  1.0126  1.0687  2.2398
chain:3  1.1333  1.0803  1.0000  1.5359  1.0679  1.0503  1.1412  2.4054
chain:4  1.5625  1.5053  1.5359  1.0000  1.4973  1.4848  1.6002  2.5266
chain:5  1.1133  1.0405  1.0679  1.4973  1.0000  1.0124  1.0876  2.2472
chain:6  1.0638  1.0126  1.0503  1.4848  1.0124  1.0000  1.0749  2.2380
chain:7  1.1123  1.0687  1.1412  1.6002  1.0876  1.0749  1.0000  2.4641
chain:8  2.2329  2.2398  2.4054  2.5266  2.2472  2.2380  2.4641  1.0000

$`x[8]`
        chain:1 chain:2 chain:3 chain:4 chain:5 chain:6 chain:7 chain:8
chain:1  1.0000  1.0108  1.1532  1.5493  1.0958  1.0527  1.0787  2.2384
chain:2  1.0108  1.0000  1.0960  1.5193  1.0396  1.0171  1.0537  2.2439
chain:3  1.1532  1.0960  1.0000  1.6183  1.0704  1.0853  1.1670  2.4627
chain:4  1.5493  1.5193  1.6183  1.0000  1.5249  1.5095  1.6042  3.3453
chain:5  1.0958  1.0396  1.0704  1.5249  1.0000  1.0080  1.0848  2.2397
chain:6  1.0527  1.0171  1.0853  1.5095  1.0080  1.0000  1.0623  2.2338
chain:7  1.0787  1.0537  1.1670  1.6042  1.0848  1.0623  1.0000  2.4377
chain:8  2.2384  2.2439  2.4627  3.3453  2.2397  2.2338  2.4377  1.0000

$`x[9]`
        chain:1 chain:2 chain:3 chain:4 chain:5 chain:6 chain:7 chain:8
chain:1  1.0000  1.0125  1.0538  1.5110  1.0964  1.0421  1.0795  2.2360
chain:2  1.0125  1.0000  1.0194  1.4758  1.0452  1.0178  1.0575  2.2496
chain:3  1.0538  1.0194  1.0000  1.4707  1.0122  1.0033  1.0651  2.2602
chain:4  1.5110  1.4758  1.4707  1.0000  1.4472  1.4413  1.5603  3.1855
chain:5  1.0964  1.0452  1.0122  1.4472  1.0000  1.0096  1.0890  2.2463
chain:6  1.0421  1.0178  1.0033  1.4413  1.0096  1.0000  1.0605  2.2363
chain:7  1.0795  1.0575  1.0651  1.5603  1.0890  1.0605  1.0000  2.4560
chain:8  2.2360  2.2496  2.2602  3.1855  2.2463  2.2363  2.4560  1.0000

2. Top 10 largest pairwise R-hat values
------------------------------------
   parameter chain_i chain_j pairwise_rhat
1          y       4       8      3.533840
2       x[8]       4       8      3.345288
3       x[4]       4       8      3.242853
4       x[9]       4       8      3.185497
5       x[3]       4       8      2.821154
6       x[1]       4       8      2.744556
7       x[5]       4       8      2.702554
8          y       3       8      2.658325
9       x[5]       3       8      2.612836
10         y       7       8      2.592235

3. Parameter summary
--------------------
   parameter n_clusters n_isolated        isolated_chains           clusters
1          y          0          8 1, 2, 3, 4, 5, 6, 7, 8                   
2       x[1]          0          8 1, 2, 3, 4, 5, 6, 7, 8                   
3       x[2]          2          4             3, 4, 7, 8    (1, 2) | (5, 6)
4       x[3]          2          4             3, 4, 7, 8    (1, 2) | (5, 6)
5       x[4]          1          6       1, 2, 3, 4, 7, 8             (5, 6)
6       x[5]          1          6       1, 2, 3, 4, 7, 8             (5, 6)
7       x[6]          2          4             3, 4, 7, 8    (1, 2) | (5, 6)
8       x[7]          1          4             3, 4, 7, 8       (1, 2, 5, 6)
9       x[8]          2          4             3, 4, 7, 8    (1, 2) | (5, 6)
10      x[9]          2          3                4, 7, 8 (1, 2) | (3, 5, 6)
   pairwise_rhat_value
1                   NA
2                   NA
3             1.008728
4             1.014625
5             1.009081
6             1.012049
7             1.014585
8             1.113325
9             1.010808
10            1.012488
Finished in 0.05 minutes

########################################
Running: /Users/chegu121/Documents/Phd-cici/r_package/pairwiserhat/experiments/pairwise_rhat/linear_with_noise.R 
########################################
Loading required package: StanHeaders

rstan version 2.32.7 (Stan version 2.32.2)

For execution on a local, multicore CPU with excess RAM we recommend calling
options(mc.cores = parallel::detectCores()).
To avoid recompilation of unchanged Stan programs, we recommend calling
rstan_options(auto_write = TRUE)
For within-chain threading using `reduce_sum()` or `map_rect()` Stan functions,
change `threads_per_chain` option:
rstan_options(threads_per_chain = 1)

Warning message:
Fewer colours (6) than chains (8); recycling the palette. 
Pairwise R-hat result (rho = 1.015)

1. Pairwise R-hat matrices
--------------------------

$`a`
        chain:1 chain:2 chain:3 chain:4 chain:5 chain:6 chain:7 chain:8
chain:1  1.0000  1.0006  1.0018  1.0009  1.0005  1.0011  1.0010  1.0023
chain:2  1.0006  1.0000  1.0010  1.0000  0.9999  0.9998  1.0001  1.0013
chain:3  1.0018  1.0010  1.0000  1.0007  1.0017  1.0021  1.0014  1.0026
chain:4  1.0009  1.0000  1.0007  1.0000  1.0002  1.0004  1.0003  1.0013
chain:5  1.0005  0.9999  1.0017  1.0002  1.0000  1.0002  1.0003  1.0016
chain:6  1.0011  0.9998  1.0021  1.0004  1.0002  1.0000  1.0003  1.0016
chain:7  1.0010  1.0001  1.0014  1.0003  1.0003  1.0003  1.0000  1.0018
chain:8  1.0023  1.0013  1.0026  1.0013  1.0016  1.0016  1.0018  1.0000

$`b`
        chain:1 chain:2 chain:3 chain:4 chain:5 chain:6 chain:7 chain:8
chain:1  1.0000  1.0011  1.0012  1.0010  1.0004  1.0010  1.0012  1.0011
chain:2  1.0011  1.0000  1.0001  0.9997  1.0000  0.9992  1.0003  0.9998
chain:3  1.0012  1.0001  1.0000  0.9996  1.0009  1.0000  1.0013  0.9998
chain:4  1.0010  0.9997  0.9996  1.0000  1.0005  0.9997  1.0009  0.9996
chain:5  1.0004  1.0000  1.0009  1.0005  1.0000  0.9999  0.9999  1.0001
chain:6  1.0010  0.9992  1.0000  0.9997  0.9999  1.0000  1.0000  0.9996
chain:7  1.0012  1.0003  1.0013  1.0009  0.9999  1.0000  1.0000  1.0009
chain:8  1.0011  0.9998  0.9998  0.9996  1.0001  0.9996  1.0009  1.0000

$`sigma`
        chain:1 chain:2 chain:3 chain:4 chain:5 chain:6 chain:7 chain:8
chain:1  1.0000  0.9997  1.0002  0.9996  1.0000  0.9996  0.9995  1.0000
chain:2  0.9997  1.0000  1.0003  0.9995  0.9996  1.0000  0.9996  0.9997
chain:3  1.0002  1.0003  1.0000  1.0000  1.0006  0.9998  0.9999  1.0004
chain:4  0.9996  0.9995  1.0000  1.0000  0.9999  0.9996  0.9994  0.9998
chain:5  1.0000  0.9996  1.0006  0.9999  1.0000  0.9998  1.0001  0.9997
chain:6  0.9996  1.0000  0.9998  0.9996  0.9998  1.0000  0.9997  0.9999
chain:7  0.9995  0.9996  0.9999  0.9994  1.0001  0.9997  1.0000  0.9997
chain:8  1.0000  0.9997  1.0004  0.9998  0.9997  0.9999  0.9997  1.0000

2. Top 10 largest pairwise R-hat values
------------------------------------
   parameter chain_i chain_j pairwise_rhat
1          a       3       8      1.002613
2          a       1       8      1.002333
3          a       3       6      1.002102
4          a       1       3      1.001799
5          a       7       8      1.001753
6          a       3       5      1.001733
7          a       6       8      1.001615
8          a       5       8      1.001580
9          a       3       7      1.001374
10         a       4       8      1.001344

3. Parameter summary
--------------------
  parameter n_clusters n_isolated isolated_chains                 clusters
1         a          1          0                 (1, 2, 3, 4, 5, 6, 7, 8)
2         b          1          0                 (1, 2, 3, 4, 5, 6, 7, 8)
3     sigma          1          0                 (1, 2, 3, 4, 5, 6, 7, 8)
  pairwise_rhat_value
1            1.002613
2            1.001272
3            1.000557
Finished in 0.05 minutes

=== Experiment 1 completed ===
