Loading required package: StanHeaders

rstan version 2.32.7 (Stan version 2.32.2)

For execution on a local, multicore CPU with excess RAM we recommend calling
options(mc.cores = parallel::detectCores()).
To avoid recompilation of unchanged Stan programs, we recommend calling
rstan_options(auto_write = TRUE)
For within-chain threading using `reduce_sum()` or `map_rect()` Stan functions,
change `threads_per_chain` option:
rstan_options(threads_per_chain = 1)


=== n = 8 init=random init_r=2 ===

SAMPLING FOR MODEL 'anon_model' NOW (CHAIN 1).

SAMPLING FOR MODEL 'anon_model' NOW (CHAIN 2).
Chain 1: 
Chain 1: Gradient evaluation took 2.4e-05 seconds
Chain 1: 1000 transitions using 10 leapfrog steps per transition would take 0.24 seconds.
Chain 1: Adjust your expectations accordingly!
Chain 1: 
Chain 1: 
Chain 1: Iteration:    1 / 2000 [  0%]  (Warmup)
Chain 2: 
Chain 2: Gradient evaluation took 2.1e-05 seconds
Chain 2: 1000 transitions using 10 leapfrog steps per transition would take 0.21 seconds.
Chain 2: Adjust your expectations accordingly!
Chain 2: 
Chain 2: 
Chain 2: Iteration:    1 / 2000 [  0%]  (Warmup)
Chain 1: Iteration:  200 / 2000 [ 10%]  (Warmup)
Chain 2: Iteration:  200 / 2000 [ 10%]  (Warmup)
Chain 2: Iteration:  400 / 2000 [ 20%]  (Warmup)
Chain 1: Iteration:  400 / 2000 [ 20%]  (Warmup)
Chain 2: Iteration:  600 / 2000 [ 30%]  (Warmup)
Chain 1: Iteration:  600 / 2000 [ 30%]  (Warmup)

SAMPLING FOR MODEL 'anon_model' NOW (CHAIN 3).
Chain 2: Iteration:  800 / 2000 [ 40%]  (Warmup)
Chain 1: Iteration:  800 / 2000 [ 40%]  (Warmup)
Chain 2: Iteration: 1000 / 2000 [ 50%]  (Warmup)
Chain 2: Iteration: 1001 / 2000 [ 50%]  (Sampling)
Chain 1: Iteration: 1000 / 2000 [ 50%]  (Warmup)
Chain 1: Iteration: 1001 / 2000 [ 50%]  (Sampling)
Chain 3: 
Chain 3: Gradient evaluation took 0.000265 seconds
Chain 3: 1000 transitions using 10 leapfrog steps per transition would take 2.65 seconds.
Chain 3: Adjust your expectations accordingly!
Chain 3: 
Chain 3: 
Chain 3: Iteration:    1 / 2000 [  0%]  (Warmup)
Chain 2: Iteration: 1200 / 2000 [ 60%]  (Sampling)

SAMPLING FOR MODEL 'anon_model' NOW (CHAIN 4).
Chain 1: Iteration: 1200 / 2000 [ 60%]  (Sampling)
Chain 3: Iteration:  200 / 2000 [ 10%]  (Warmup)
Chain 2: Iteration: 1400 / 2000 [ 70%]  (Sampling)

SAMPLING FOR MODEL 'anon_model' NOW (CHAIN 5).
Chain 1: Iteration: 1400 / 2000 [ 70%]  (Sampling)
Chain 3: Iteration:  400 / 2000 [ 20%]  (Warmup)
Chain 5: 
Chain 5: Gradient evaluation took 5.4e-05 seconds
Chain 5: 1000 transitions using 10 leapfrog steps per transition would take 0.54 seconds.
Chain 5: Adjust your expectations accordingly!
Chain 5: 
Chain 5: 
Chain Chain 25: : Iteration: 1600 / 2000 [ 80%]  (Sampling)
Iteration:    1 / 2000 [  0%]  (Warmup)
Chain 1: Iteration: 1600 / 2000 [ 80%]  (Sampling)
Chain 3: Iteration:  600 / 2000 [ 30%]  (Warmup)
Chain 2: Iteration: 1800 / 2000 [ 90%]  (Sampling)
Chain 5: Iteration:  200 / 2000 [ 10%]  (Warmup)
Chain 1: Iteration: 1800 / 2000 [ 90%]  (Sampling)
Chain 3: Iteration:  800 / 2000 [ 40%]  (Warmup)
Chain 2: Iteration: 2000 / 2000 [100%]  (Sampling)
Chain 2: 
Chain 2:  Elapsed Time: 0.007 seconds (Warm-up)
Chain 2:                0.009 seconds (Sampling)
Chain 2:                0.016 seconds (Total)
Chain 2: 
Chain 1: Iteration: 2000 / 2000 [100%]  (Sampling)
Chain 1: 
Chain 1:  Elapsed Time: 0.008 seconds (Warm-up)
Chain 1:                0.009 seconds (Sampling)
Chain 1:                0.017 seconds (Total)
Chain 1: 
Chain 3: Iteration: 1000 / 2000 [ 50%]  (Warmup)
Chain 3: Iteration: 1001 / 2000 [ 50%]  (Sampling)
Chain 5: Iteration:  400 / 2000 [ 20%]  (Warmup)

SAMPLING FOR MODEL 'anon_model' NOW (CHAIN 6).
Chain 3: Iteration: 1200 / 2000 [ 60%]  (Sampling)
Chain 6: 
Chain 6: Gradient evaluation took 0.000224 seconds
Chain 6: 1000 transitions using 10 leapfrog steps per transition would take 2.24 seconds.
Chain 6: Adjust your expectations accordingly!
Chain 6: 
Chain 6: 
Chain 6: Iteration:    1 / 2000 [  0%]  (Warmup)
Chain 5: Iteration:  600 / 2000 [ 30%]  (Warmup)
Chain 4: 
Chain 4: Gradient evaluation took 1.9e-05 seconds
Chain 4: 1000 transitions using 10 leapfrog steps per transition would take 0.19 seconds.
Chain 4: Adjust your expectations accordingly!
Chain 4: 
Chain 4: 
Chain 3: Iteration: 1400 / 2000 [ 70%]  (Sampling)
Chain 4: Iteration:    1 / 2000 [  0%]  (Warmup)
Chain 5: Iteration:  800 / 2000 [ 40%]  (Warmup)
Chain 6: Iteration:  200 / 2000 [ 10%]  (Warmup)

SAMPLING FOR MODEL 'anon_model' NOW (CHAIN 7).
Chain 5: Iteration: 1000 / 2000 [ 50%]  (Warmup)
Chain 5: Iteration: 1001 / 2000 [ 50%]  (Sampling)
Chain 3: Iteration: 1600 / 2000 [ 80%]  (Sampling)
Chain 6: Iteration:  400 / 2000 [ 20%]  (Warmup)
Chain 4: Iteration:  200 / 2000 [ 10%]  (Warmup)
Chain 7: 
Chain 7: Gradient evaluation took 1.4e-05 seconds
Chain 7: 1000 transitions using 10 leapfrog steps per transition would take 0.14 seconds.
Chain 7: Adjust your expectations accordingly!
Chain 7: 
Chain 7: 
Chain 7: Iteration:    1 / 2000 [  0%]  (Warmup)

SAMPLING FOR MODEL 'anon_model' NOW (CHAIN 8).
Chain 5: Iteration: 1200 / 2000 [ 60%]  (Sampling)
Chain 3: Iteration: 1800 / 2000 [ 90%]  (Sampling)
Chain 6: Iteration:  600 / 2000 [ 30%]  (Warmup)
Chain 4: Iteration:  400 / 2000 [ 20%]  (Warmup)
Chain 8: 
Chain 8: Gradient evaluation took 2.5e-05 seconds
Chain 8: 1000 transitions using 10 leapfrog steps per transition would take 0.25 seconds.
Chain 8: Adjust your expectations accordingly!
Chain 8: 
Chain 8: 
Chain 8: Iteration:    1 / 2000 [  0%]  (Warmup)
Chain 5: Iteration: 1400 / 2000 [ 70%]  (Sampling)
Chain 7: Iteration:  200 / 2000 [ 10%]  (Warmup)
Chain 6: Iteration:  800 / 2000 [ 40%]  (Warmup)
Chain 3: Iteration: 2000 / 2000 [100%]  (Sampling)
Chain 3: 
Chain 3:  Elapsed Time: 0.009 seconds (Warm-up)
Chain 3:                0.009 seconds (Sampling)
Chain 3:                0.018 seconds (Total)
Chain 3: 
Chain 4: Iteration:  600 / 2000 [ 30%]  (Warmup)
Chain 5: Iteration: 1600 / 2000 [ 80%]  (Sampling)
Chain 6: Iteration: 1000 / 2000 [ 50%]  (Warmup)
Chain 6: Chain Iteration: 1001 / 2000 [ 50%]  (Sampling)7
: Iteration:  400 / 2000 [ 20%]  (Warmup)
Chain 8: Iteration:  200 / 2000 [ 10%]  (Warmup)
Chain 4: Iteration:  800 / 2000 [ 40%]  (Warmup)
Chain 7: Iteration:  600 / 2000 [ 30%]  (Warmup)
Chain 6: Iteration: 1200 / 2000 [ 60%]  (Sampling)
Chain 5: Iteration: 1800 / 2000 [ 90%]  (Sampling)
Chain 8: Iteration:  400 / 2000 [ 20%]  (Warmup)
Chain 7: Iteration:  800 / 2000 [ 40%]  (Warmup)
Chain 4: Iteration: 1000 / 2000 [ 50%]  (Warmup)
Chain 4: Iteration: 1001 / 2000 [ 50%]  (Sampling)
Chain 6: Iteration: 1400 / 2000 [ 70%]  (Sampling)
Chain 7: Iteration: 1000 / 2000 [ 50%]  (Warmup)
Chain 5: Iteration: 2000 / 2000 [100%]  (Sampling)
Chain 7: Iteration: 1001 / 2000 [ 50%]  (Sampling)
Chain 5: 
Chain 5:  Elapsed Time: 0.01 seconds (Warm-up)
Chain 5:                0.008 seconds (Sampling)
Chain 5:                0.018 seconds (Total)
Chain 5: 
Chain 8: Iteration:  600 / 2000 [ 30%]  (Warmup)
Chain 6: Iteration: 1600 / 2000 [ 80%]  (Sampling)
Chain 4: Iteration: 1200 / 2000 [ 60%]  (Sampling)
Chain 7: Iteration: 1200 / 2000 [ 60%]  (Sampling)
Chain 8: Iteration:  800 / 2000 [ 40%]  (Warmup)
Chain 7: Iteration: 1400 / 2000 [ 70%]  (Sampling)
Chain 6: Iteration: 1800 / 2000 [ 90%]  (Sampling)
Chain 8: Iteration: 1000 / 2000 [ 50%]  (Warmup)
Chain 8: Iteration: 1001 / 2000 [ 50%]  (Sampling)
Chain 4: Iteration: 1400 / 2000 [ 70%]  (Sampling)
Chain 7: Iteration: 1600 / 2000 [ 80%]  (Sampling)
Chain 6: Iteration: 2000 / 2000 [100%]  (Sampling)
Chain 6: 
Chain 6:  Elapsed Time: 0.008 seconds (Warm-up)
Chain 6:                0.008 seconds (Sampling)
Chain 6:                0.016 seconds (Total)
Chain 6: 
Chain 8: Iteration: 1200 / 2000 [ 60%]  (Sampling)
Chain 7: Iteration: 1800 / 2000 [ 90%]  (Sampling)
Chain 4: Iteration: 1600 / 2000 [ 80%]  (Sampling)
Chain 8: Iteration: 1400 / 2000 [ 70%]  (Sampling)
Chain 7: Iteration: 2000 / 2000 [100%]  (Sampling)
Chain 7: 
Chain 7:  Elapsed Time: 0.007 seconds (Warm-up)
Chain 7:                0.008 seconds (Sampling)
Chain 7:                0.015 seconds (Total)
Chain 7: 
Chain 4: Iteration: 1800 / 2000 [ 90%]  (Sampling)
Chain 8: Iteration: 1600 / 2000 [ 80%]  (Sampling)
Chain 4: Iteration: 2000 / 2000 [100%]  (Sampling)
Chain 4: 
Chain 4:  Elapsed Time: 0.009 seconds (Warm-up)
Chain 4:                0.011 seconds (Sampling)
Chain 4:                0.02 seconds (Total)
Chain 4: 
Chain 8: Iteration: 1800 / 2000 [ 90%]  (Sampling)
Chain 8: Iteration: 2000 / 2000 [100%]  (Sampling)
Chain 8: 
Chain 8:  Elapsed Time: 0.009 seconds (Warm-up)
Chain 8:                0.009 seconds (Sampling)
Chain 8:                0.018 seconds (Total)
Chain 8: 
            mean  n_eff   Rhat
theta[1] -0.0037 4.1030 6.2693
theta[2]  3.8823 4.0614 8.1267

FILL n=8 | Stan=8.127 | max_pw_matrix=1.829 | summary_pw=1.002 | K/I=1/2 | groups=(1, 2, 4, 5, 6, 8)
Warning messages:
1: The largest R-hat is 1.8, indicating chains have not mixed.
Running the chains for more iterations may help. See
https://mc-stan.org/misc/warnings.html#r-hat 
2: Bulk Effective Samples Size (ESS) is too low, indicating posterior means and medians may be unreliable.
Running the chains for more iterations may help. See
https://mc-stan.org/misc/warnings.html#bulk-ess 
3: Tail Effective Samples Size (ESS) is too low, indicating posterior variances and tail quantiles may be unreliable.
Running the chains for more iterations may help. See
https://mc-stan.org/misc/warnings.html#tail-ess 
4: Fewer colours (6) than chains (8); recycling the palette. 

=== n = 16 init=random init_r=2 ===

SAMPLING FOR MODEL 'anon_model' NOW (CHAIN 1).
Chain 1: 
Chain 1: Gradient evaluation took 2.2e-05 seconds
Chain 1: 1000 transitions using 10 leapfrog steps per transition would take 0.22 seconds.
Chain 1: Adjust your expectations accordingly!
Chain 1: 
Chain 1: 
Chain 1: Iteration:    1 / 2000 [  0%]  (Warmup)

SAMPLING FOR MODEL 'anon_model' NOW (CHAIN 2).
Chain 1: Iteration:  200 / 2000 [ 10%]  (Warmup)
Chain 2: 
Chain 2: Gradient evaluation took 1.5e-05 seconds
Chain 2: 1000 transitions using 10 leapfrog steps per transition would take 0.15 seconds.
Chain 2: Adjust your expectations accordingly!
Chain 2: 
Chain 2: 
Chain 2: Iteration:    1 / 2000 [  0%]  (Warmup)
Chain 1: Iteration:  400 / 2000 [ 20%]  (Warmup)

SAMPLING FOR MODEL 'anon_model' NOW (CHAIN 3).
Chain 2: Iteration:  200 / 2000 [ 10%]  (Warmup)
Chain 1: Iteration:  600 / 2000 [ 30%]  (Warmup)
Chain 3: 
Chain 3: Gradient evaluation took 1.3e-05 seconds
Chain 3: 1000 transitions using 10 leapfrog steps per transition would take 0.13 seconds.
Chain 3: Adjust your expectations accordingly!
Chain 3: 
Chain 3: 
Chain 3: Iteration:    1 / 2000 [  0%]  (Warmup)
Chain 2: Iteration:  400 / 2000 [ 20%]  (Warmup)
Chain 1: Iteration:  800 / 2000 [ 40%]  (Warmup)
Chain 3: Iteration:  200 / 2000 [ 10%]  (Warmup)
Chain 1: Iteration: 1000 / 2000 [ 50%]  (Warmup)
Chain 2: Iteration:  600 / 2000 [ 30%]  (Warmup)
Chain 1: Iteration: 1001 / 2000 [ 50%]  (Sampling)
Chain 3: Iteration:  400 / 2000 [ 20%]  (Warmup)
Chain 2: Iteration:  800 / 2000 [ 40%]  (Warmup)

SAMPLING FOR MODEL 'anon_model' NOW (CHAIN 4).
Chain 1: Iteration: 1200 / 2000 [ 60%]  (Sampling)
Chain 3: Iteration:  600 / 2000 [ 30%]  (Warmup)
Chain 2: Iteration: 1000 / 2000 [ 50%]  (Warmup)
Chain 2: Iteration: 1001 / 2000 [ 50%]  (Sampling)
Chain 4: 
Chain 4: Gradient evaluation took 1.3e-05 seconds
Chain 4: 1000 transitions using 10 leapfrog steps per transition would take 0.13 seconds.
Chain 4: Adjust your expectations accordingly!
Chain 4: 
Chain 4: 
Chain 4: Iteration:    1 / 2000 [  0%]  (Warmup)
Chain 1: Iteration: 1400 / 2000 [ 70%]  (Sampling)
Chain 3: Iteration:  800 / 2000 [ 40%]  (Warmup)
Chain 2: Iteration: 1200 / 2000 [ 60%]  (Sampling)
Chain 1: Iteration: 1600 / 2000 [ 80%]  (Sampling)

SAMPLING FOR MODEL 'anon_model' NOW (CHAIN 5).
Chain 4: Iteration:  200 / 2000 [ 10%]  (Warmup)
Chain 3: Iteration: 1000 / 2000 [ 50%]  (Warmup)
Chain 3: Iteration: 1001 / 2000 [ 50%]  (Sampling)
Chain 2: Iteration: 1400 / 2000 [ 70%]  (Sampling)
Chain 5: 
Chain 5: Gradient evaluation took 1.5e-05 seconds
Chain 5: 1000 transitions using 10 leapfrog steps per transition would take 0.15 seconds.
Chain 5: Adjust your expectations accordingly!
Chain 5: 
Chain 5: 
Chain 5: Iteration:    1 / 2000 [  0%]  (Warmup)
Chain 1: Iteration: 1800 / 2000 [ 90%]  (Sampling)
Chain 3: Iteration: 1200 / 2000 [ 60%]  (Sampling)
Chain 4: Iteration:  400 / 2000 [ 20%]  (Warmup)
Chain 2: Iteration: 1600 / 2000 [ 80%]  (Sampling)
Chain 1: Iteration: 2000 / 2000 [100%]  (Sampling)
Chain 1: 
Chain 1:  Elapsed Time: 0.007 seconds (Warm-up)
Chain 1:                0.008 seconds (Sampling)
Chain 1:                0.015 seconds (Total)
Chain 1: 
Chain 4: Iteration:  600 / 2000 [ 30%]  (Warmup)
Chain 2: Iteration: 1800 / 2000 [ 90%]  (Sampling)
Chain 5: Iteration:  200 / 2000 [ 10%]  (Warmup)
Chain 3: Iteration: 1400 / 2000 [ 70%]  (Sampling)

SAMPLING FOR MODEL 'anon_model' NOW (CHAIN 6).
Chain 4: Iteration:  800 / 2000 [ 40%]  (Warmup)
Chain 6: 
Chain 6: Gradient evaluation took 1.2e-05 seconds
Chain 6: 1000 transitions using 10 leapfrog steps per transition would take 0.12 seconds.
Chain 6: Adjust your expectations accordingly!
Chain 6: 
Chain 6: 
Chain 6: Iteration:    1 / 2000 [  0%]  (Warmup)
Chain 2: Iteration: 2000 / 2000 [100%]  (Sampling)
Chain 2: 
Chain 2:  Elapsed Time: 0.007 seconds (Warm-up)
Chain 2:                0.007 seconds (Sampling)
Chain 2:                0.014 seconds (Total)
Chain 2: 
Chain 3: Iteration: 1600 / 2000 [ 80%]  (Sampling)
Chain 5: Iteration:  400 / 2000 [ 20%]  (Warmup)
Chain 4: Iteration: 1000 / 2000 [ 50%]  (Warmup)
Chain 4: Iteration: 1001 / 2000 [ 50%]  (Sampling)
Chain 6: Iteration:  200 / 2000 [ 10%]  (Warmup)
Chain 3: Iteration: 1800 / 2000 [ 90%]  (Sampling)

SAMPLING FOR MODEL 'anon_model' NOW (CHAIN 7).
Chain 5: Iteration:  600 / 2000 [ 30%]  (Warmup)
Chain 4: Iteration: 1200 / 2000 [ 60%]  (Sampling)
Chain 6: Iteration:  400 / 2000 [ 20%]  (Warmup)
Chain 5: Iteration:  800 / 2000 [ 40%]  (Warmup)
Chain 7: 
Chain 7: Gradient evaluation took 2.5e-05 seconds
Chain 7: 1000 transitions using 10 leapfrog steps per transition would take 0.25 seconds.
Chain 7: Adjust your expectations accordingly!
Chain 7: 
Chain 7: 
Chain 7: Iteration:    1 / 2000 [  0%]  (Warmup)
Chain 3: Iteration: 2000 / 2000 [100%]  (Sampling)
Chain 3: 
Chain 3:  Elapsed Time: 0.007 seconds (Warm-up)
Chain 3:                0.009 seconds (Sampling)
Chain 3:                0.016 seconds (Total)
Chain 3: 
Chain 6: Iteration:  600 / 2000 [ 30%]  (Warmup)
Chain 4: Iteration: 1400 / 2000 [ 70%]  (Sampling)
Chain 5: Iteration: 1000 / 2000 [ 50%]  (Warmup)
Chain 5: Iteration: 1001 / 2000 [ 50%]  (Sampling)
Chain 6: Iteration:  800 / 2000 [ 40%]  (Warmup)
Chain 4: Iteration: 1600 / 2000 [ 80%]  (Sampling)
Chain 7: Iteration:  200 / 2000 [ 10%]  (Warmup)
Chain 5: Iteration: 1200 / 2000 [ 60%]  (Sampling)
Chain 6: Iteration: 1000 / 2000 [ 50%]  (Warmup)
Chain 6: Iteration: 1001 / 2000 [ 50%]  (Sampling)
Chain 4: Iteration: 1800 / 2000 [ 90%]  (Sampling)
Chain 7: Iteration:  400 / 2000 [ 20%]  (Warmup)
Chain 5: Iteration: 1400 / 2000 [ 70%]  (Sampling)
Chain 6: Iteration: 1200 / 2000 [ 60%]  (Sampling)

SAMPLING FOR MODEL 'anon_model' NOW (CHAIN 8).
Chain 7: Iteration:  600 / 2000 [ 30%]  (Warmup)
Chain 4: Iteration: 2000 / 2000 [100%]  (Sampling)
Chain 4: 
Chain 4:  Elapsed Time: 0.008 seconds (Warm-up)
Chain 4:                0.008 seconds (Sampling)
Chain 4:                0.016 seconds (Total)
Chain 4: 
Chain 5: Iteration: 1600 / 2000 [ 80%]  (Sampling)
Chain 8: 
Chain 8: Gradient evaluation took 2.5e-05 seconds
Chain 8: 1000 transitions using 10 leapfrog steps per transition would take 0.25 seconds.
Chain 8: Adjust your expectations accordingly!
Chain 8: 
Chain 8: 
Chain 8: Iteration:    1 / 2000 [  0%]  (Warmup)
Chain 6: Iteration: 1400 / 2000 [ 70%]  (Sampling)
Chain 7: Iteration:  800 / 2000 [ 40%]  (Warmup)
Chain 6: Iteration: 1600 / 2000 [ 80%]  (Sampling)
Chain 8: Iteration:  200 / 2000 [ 10%]  (Warmup)
Chain 5: Iteration: 1800 / 2000 [ 90%]  (Sampling)
Chain 5: Iteration: 2000 / 2000 [100%]  (Sampling)
Chain 5: 
Chain 5:  Elapsed Time: 0.009 seconds (Warm-up)
Chain 5:                0.01 seconds (Sampling)
Chain 5:                0.019 seconds (Total)
Chain 5: 
Chain 7: Iteration: 1000 / 2000 [ 50%]  (Warmup)
Chain 7: Iteration: 1001 / 2000 [ 50%]  (Sampling)
Chain 6: Iteration: 1800 / 2000 [ 90%]  (Sampling)
Chain 8: Iteration:  400 / 2000 [ 20%]  (Warmup)

SAMPLING FOR MODEL 'anon_model' NOW (CHAIN 9).
Chain 7: Iteration: 1200 / 2000 [ 60%]  (Sampling)
Chain 6: Iteration: 2000 / 2000 [100%]  (Sampling)
Chain 6: 
Chain 6:  Elapsed Time: 0.008 seconds (Warm-up)
Chain 6:                0.01 seconds (Sampling)
Chain 6:                0.018 seconds (Total)
Chain 6: 
Chain 8: Iteration:  600 / 2000 [ 30%]  (Warmup)
Chain 7: Iteration: 1400 / 2000 [ 70%]  (Sampling)
Chain 9: 
Chain 9: Gradient evaluation took 1.9e-05 seconds
Chain 9: 1000 transitions using 10 leapfrog steps per transition would take 0.19 seconds.
Chain 9: Adjust your expectations accordingly!
Chain 9: 
Chain 9: 
Chain 9: Iteration:    1 / 2000 [  0%]  (Warmup)
Chain 8: Iteration:  800 / 2000 [ 40%]  (Warmup)

SAMPLING FOR MODEL 'anon_model' NOW (CHAIN 10).
Chain 9: Iteration:  200 / 2000 [ 10%]  (Warmup)
Chain 7: Iteration: 1600 / 2000 [ 80%]  (Sampling)
Chain 9: Iteration:  400 / 2000 [ 20%]  (Warmup)
Chain 7: Iteration: 1800 / 2000 [ 90%]  (Sampling)
Chain 8: Iteration: 1000 / 2000 [ 50%]  (Warmup)
Chain 8: Iteration: 1001 / 2000 [ 50%]  (Sampling)
Chain 10: 
Chain 10: Gradient evaluation took 1.1e-05 seconds
Chain 10: 1000 transitions using 10 leapfrog steps per transition would take 0.11 seconds.
Chain 10: Adjust your expectations accordingly!
Chain 10: 
Chain 10: 
Chain 10: Iteration:    1 / 2000 [  0%]  (Warmup)
Chain 7: Iteration: 2000 / 2000 [100%]  (Sampling)
Chain 7: 
Chain 7:  Elapsed Time: 0.011 seconds (Warm-up)
Chain 7:                0.008 seconds (Sampling)
Chain 7:                0.019 seconds (Total)
Chain 7: 

SAMPLING FOR MODEL 'anon_model' NOW (CHAIN 11).
Chain 9: Iteration:  600 / 2000 [ 30%]  (Warmup)
Chain 8: Iteration: 1200 / 2000 [ 60%]  (Sampling)
Chain 9: Iteration:  800 / 2000 [ 40%]  (Warmup)
Chain 8: Iteration: 1400 / 2000 [ 70%]  (Sampling)
Chain 11: 
Chain 11: Gradient evaluation took 3.9e-05 seconds
Chain 11: 1000 transitions using 10 leapfrog steps per transition would take 0.39 seconds.
Chain 11: Adjust your expectations accordingly!
Chain 11: 
Chain 11: 
Chain 11: Iteration:    1 / 2000 [  0%]  (Warmup)
Chain 9: Iteration: 1000 / 2000 [ 50%]  (Warmup)
Chain 9: Iteration: 1001 / 2000 [ 50%]  (Sampling)
Chain 10: Iteration:  200 / 2000 [ 10%]  (Warmup)
Chain 8: Iteration: 1600 / 2000 [ 80%]  (Sampling)

SAMPLING FOR MODEL 'anon_model' NOW (CHAIN 12).
Chain 9: Iteration: 1200 / 2000 [ 60%]  (Sampling)
Chain 8: Iteration: 1800 / 2000 [ 90%]  (Sampling)
Chain 11: Iteration:  200 / 2000 [ 10%]  (Warmup)
Chain 8: Iteration: 2000 / 2000 [100%]  (Sampling)Chain 12: 
Chain 12: Gradient evaluation took 1.3e-05 seconds
Chain 12: 1000 transitions using 10 leapfrog steps per transition would take 0.13 seconds.
Chain 12: Adjust your expectations accordingly!
Chain 12: 
Chain 12: 

Chain 8: 
Chain 12: Chain Chain 810:  Elapsed Time: 0.011 seconds (Warm-up)
Chain 8:                0.008 seconds (Sampling)
Chain 8:                0.019 seconds (Total)
Chain 8: 
Iteration:    1 / 2000 [  0%]  (Warmup)
: Iteration:  400 / 2000 [ 20%]  (Warmup)

SAMPLING FOR MODEL 'anon_model' NOW (CHAIN 13).
Chain 9: Iteration: 1400 / 2000 [ 70%]  (Sampling)
Chain 11: Iteration:  400 / 2000 [ 20%]  (Warmup)
Chain 10: Iteration:  600 / 2000 [ 30%]  (Warmup)
Chain 12: Iteration:  200 / 2000 [ 10%]  (Warmup)
Chain 13: 
Chain 13: Gradient evaluation took 9.8e-05 seconds
Chain 13: 1000 transitions using 10 leapfrog steps per transition would take 0.98 seconds.
Chain 13: Adjust your expectations accordingly!
Chain 13: 
Chain 13: 
Chain 13: Iteration:    1 / 2000 [  0%]  (Warmup)
Chain 10: Iteration:  800 / 2000 [ 40%]  (Warmup)
Chain 9: Iteration: 1600 / 2000 [ 80%]  (Sampling)
Chain 13: Iteration:  200 / 2000 [ 10%]  (Warmup)
Chain 12: Iteration:  400 / 2000 [ 20%]  (Warmup)
Chain 11: Iteration:  600 / 2000 [ 30%]  (Warmup)
Chain 10: Iteration: 1000 / 2000 [ 50%]  (Warmup)
Chain 10: Iteration: 1001 / 2000 [ 50%]  (Sampling)
Chain 9: Iteration: 1800 / 2000 [ 90%]  (Sampling)

SAMPLING FOR MODEL 'anon_model' NOW (CHAIN 14).
Chain 13: Iteration:  400 / 2000 [ 20%]  (Warmup)
Chain 10: Iteration: 1200 / 2000 [ 60%]  (Sampling)
Chain 11: Iteration:  800 / 2000 [ 40%]  (Warmup)
Chain 9: Iteration: 2000 / 2000 [100%]  (Sampling)
Chain 9: 
Chain 9:  Elapsed Time: 0.007 seconds (Warm-up)
Chain 9:                0.012 seconds (Sampling)
Chain 9:                0.019 seconds (Total)
Chain 9: 
Chain 12: Iteration:  600 / 2000 [ 30%]  (Warmup)
Chain 11: Iteration: 1000 / 2000 [ 50%]  (Warmup)
Chain 11: Iteration: 1001 / 2000 [ 50%]  (Sampling)
Chain 13: Iteration:  600 / 2000 [ 30%]  (Warmup)
Chain 10: Iteration: 1400 / 2000 [ 70%]  (Sampling)
Chain 11: Iteration: 1200 / 2000 [ 60%]  (Sampling)
Chain 12: Iteration:  800 / 2000 [ 40%]  (Warmup)
Chain 10: Iteration: 1600 / 2000 [ 80%]  (Sampling)
Chain 13: Iteration:  800 / 2000 [ 40%]  (Warmup)
Chain 11: Iteration: 1400 / 2000 [ 70%]  (Sampling)
Chain 12: Iteration: 1000 / 2000 [ 50%]  (Warmup)
Chain 12: Iteration: 1001 / 2000 [ 50%]  (Sampling)
Chain 11: Iteration: 1600 / 2000 [ 80%]  (Sampling)
Chain 12: Iteration: 1200 / 2000 [ 60%]  (Sampling)
Chain 10: Iteration: 1800 / 2000 [ 90%]  (Sampling)
Chain 13: Iteration: 1000 / 2000 [ 50%]  (Warmup)
Chain 13: Iteration: 1001 / 2000 [ 50%]  (Sampling)
Chain 14: 
Chain 14: Gradient evaluation took 4e-05 seconds
Chain 14: 1000 transitions using 10 leapfrog steps per transition would take 0.4 seconds.
Chain 14: Adjust your expectations accordingly!
Chain 14: 
Chain 14: 
Chain 14: Iteration:    1 / 2000 [  0%]  (Warmup)
Chain 11: Iteration: 1800 / 2000 [ 90%]  (Sampling)
Chain 12: Iteration: 1400 / 2000 [ 70%]  (Sampling)
Chain 10: Iteration: 2000 / 2000 [100%]  (Sampling)
Chain 10: 
Chain 10:  Elapsed Time: 0.013 seconds (Warm-up)
Chain 10:                0.01 seconds (Sampling)
Chain 10:                0.023 seconds (Total)
Chain 10: 
Chain 13: Iteration: 1200 / 2000 [ 60%]  (Sampling)
Chain 11: Iteration: 2000 / 2000 [100%]  (Sampling)
Chain 11: 
Chain 11:  Elapsed Time: 0.014 seconds (Warm-up)
Chain 11:                0.006 seconds (Sampling)
Chain 11:                0.02 seconds (Total)
Chain 11: 
Chain 12: Iteration: 1600 / 2000 [ 80%]  (Sampling)
Chain 14: Iteration:  200 / 2000 [ 10%]  (Warmup)
Chain 13: Iteration: 1400 / 2000 [ 70%]  (Sampling)
Chain 12: Iteration: 1800 / 2000 [ 90%]  (Sampling)
Chain 14: Iteration:  400 / 2000 [ 20%]  (Warmup)
Chain 13: Iteration: 1600 / 2000 [ 80%]  (Sampling)
Chain 12: Iteration: 2000 / 2000 [100%]  (Sampling)
Chain 12: 
Chain 12:  Elapsed Time: 0.011 seconds (Warm-up)
Chain 12:                0.007 seconds (Sampling)
Chain 12:                0.018 seconds (Total)
Chain 12: 
Chain 13: Iteration: 1800 / 2000 [ 90%]  (Sampling)
Chain 14: Iteration:  600 / 2000 [ 30%]  (Warmup)
Chain 13: Iteration: 2000 / 2000 [100%]  (Sampling)
Chain 13: 
Chain 13:  Elapsed Time: 0.011 seconds (Warm-up)
Chain 13:                0.008 seconds (Sampling)
Chain 13:                0.019 seconds (Total)
Chain 13: 
Chain 14: Iteration:  800 / 2000 [ 40%]  (Warmup)
Chain 14: Iteration: 1000 / 2000 [ 50%]  (Warmup)
Chain 14: Iteration: 1001 / 2000 [ 50%]  (Sampling)
Chain 14: Iteration: 1200 / 2000 [ 60%]  (Sampling)
Chain 14: Iteration: 1400 / 2000 [ 70%]  (Sampling)
Chain 14: Iteration: 1600 / 2000 [ 80%]  (Sampling)
Chain 14: Iteration: 1800 / 2000 [ 90%]  (Sampling)
Chain 14: Iteration: 2000 / 2000 [100%]  (Sampling)
Chain 14: 
Chain 14:  Elapsed Time: 0.011 seconds (Warm-up)
Chain 14:                0.01 seconds (Sampling)
Chain 14:                0.021 seconds (Total)
Chain 14: 

SAMPLING FOR MODEL 'anon_model' NOW (CHAIN 15).
Chain 15: 
Chain 15: Gradient evaluation took 3e-05 seconds
Chain 15: 1000 transitions using 10 leapfrog steps per transition would take 0.3 seconds.
Chain 15: Adjust your expectations accordingly!
Chain 15: 
Chain 15: 
Chain 15: Iteration:    1 / 2000 [  0%]  (Warmup)
Chain 15: Iteration:  200 / 2000 [ 10%]  (Warmup)
Chain 15: Iteration:  400 / 2000 [ 20%]  (Warmup)
Chain 15: Iteration:  600 / 2000 [ 30%]  (Warmup)
Chain 15: Iteration:  800 / 2000 [ 40%]  (Warmup)
Chain 15: Iteration: 1000 / 2000 [ 50%]  (Warmup)
Chain 15: Iteration: 1001 / 2000 [ 50%]  (Sampling)
Chain 15: Iteration: 1200 / 2000 [ 60%]  (Sampling)
Chain 15: Iteration: 1400 / 2000 [ 70%]  (Sampling)
Chain 15: Iteration: 1600 / 2000 [ 80%]  (Sampling)
Chain 15: Iteration: 1800 / 2000 [ 90%]  (Sampling)
Chain 15: Iteration: 2000 / 2000 [100%]  (Sampling)
Chain 15: 
Chain 15:  Elapsed Time: 0.007 seconds (Warm-up)
Chain 15:                0.006 seconds (Sampling)
Chain 15:                0.013 seconds (Total)
Chain 15: 

SAMPLING FOR MODEL 'anon_model' NOW (CHAIN 16).
Chain 16: 
Chain 16: Gradient evaluation took 3.2e-05 seconds
Chain 16: 1000 transitions using 10 leapfrog steps per transition would take 0.32 seconds.
Chain 16: Adjust your expectations accordingly!
Chain 16: 
Chain 16: 
Chain 16: Iteration:    1 / 2000 [  0%]  (Warmup)
Chain 16: Iteration:  200 / 2000 [ 10%]  (Warmup)
Chain 16: Iteration:  400 / 2000 [ 20%]  (Warmup)
Chain 16: Iteration:  600 / 2000 [ 30%]  (Warmup)
Chain 16: Iteration:  800 / 2000 [ 40%]  (Warmup)
Chain 16: Iteration: 1000 / 2000 [ 50%]  (Warmup)
Chain 16: Iteration: 1001 / 2000 [ 50%]  (Sampling)
Chain 16: Iteration: 1200 / 2000 [ 60%]  (Sampling)
Chain 16: Iteration: 1400 / 2000 [ 70%]  (Sampling)
Chain 16: Iteration: 1600 / 2000 [ 80%]  (Sampling)
Chain 16: Iteration: 1800 / 2000 [ 90%]  (Sampling)
Chain 16: Iteration: 2000 / 2000 [100%]  (Sampling)
Chain 16: 
Chain 16:  Elapsed Time: 0.006 seconds (Warm-up)
Chain 16:                0.007 seconds (Sampling)
Chain 16:                0.013 seconds (Total)
Chain 16: 
           mean  n_eff   Rhat
theta[1] 1.1205 8.1374 7.7785
theta[2] 2.7539 8.1239 8.1931

FILL n=16 | Stan=8.193 | max_pw_matrix=1.830 | summary_pw=1.004 | K/I=3/0 | groups=(1, 2, 4, 5, 6, 8, 9, 10, 14) | (3, 15) | (7, 11, 12, 13, 16)
Warning messages:
1: The largest R-hat is 2.15, indicating chains have not mixed.
Running the chains for more iterations may help. See
https://mc-stan.org/misc/warnings.html#r-hat 
2: Bulk Effective Samples Size (ESS) is too low, indicating posterior means and medians may be unreliable.
Running the chains for more iterations may help. See
https://mc-stan.org/misc/warnings.html#bulk-ess 
3: Tail Effective Samples Size (ESS) is too low, indicating posterior variances and tail quantiles may be unreliable.
Running the chains for more iterations may help. See
https://mc-stan.org/misc/warnings.html#tail-ess 
4: Fewer colours (6) than chains (16); recycling the palette. 

=== Done ===
