Loading required package: StanHeaders

rstan version 2.32.7 (Stan version 2.32.2)

For execution on a local, multicore CPU with excess RAM we recommend calling
options(mc.cores = parallel::detectCores()).
To avoid recompilation of unchanged Stan programs, we recommend calling
rstan_options(auto_write = TRUE)
For within-chain threading using `reduce_sum()` or `map_rect()` Stan functions,
change `threads_per_chain` option:
rstan_options(threads_per_chain = 1)


=== Fitting three_cluster with n = 16 chains (init = random) ===

SAMPLING FOR MODEL 'anon_model' NOW (CHAIN 1).
Chain 1: 
Chain 1: Gradient evaluation took 4.9e-05 seconds
Chain 1: 1000 transitions using 10 leapfrog steps per transition would take 0.49 seconds.
Chain 1: Adjust your expectations accordingly!
Chain 1: 
Chain 1: 
Chain 1: Iteration:    1 / 2000 [  0%]  (Warmup)
Chain 1: Iteration:  200 / 2000 [ 10%]  (Warmup)

SAMPLING FOR MODEL 'anon_model' NOW (CHAIN 2Chain 1: Iteration:  400 / 2000 [ 20%]  (Warmup)
).
Chain 2: 
Chain 2: Gradient evaluation took 1.2e-05 seconds
Chain 2: 1000 transitions using 10 leapfrog steps per transition would take 0.12 seconds.
Chain 2: Adjust your expectations accordingly!Chain 
1Chain : 2Iteration:  600 / 2000 [ 30%]  (Warmup): 

Chain 2: 
Chain 2: Iteration:    1 / 2000 [  0%]  (Warmup)
Chain 1: Iteration:  800 / 2000 [ 40%]  (Warmup)
Chain 2: Iteration:  200 / 2000 [ 10%]  (Warmup)
Chain 1: Iteration: 1000 / 2000 [ 50%]  (Warmup)
Chain 1: Iteration: 1001 / 2000 [ 50%]  (Sampling)
Chain 2: Iteration:  400 / 2000 [ 20%]  (Warmup)

SAMPLING FOR MODEL 'anon_model' NOW (CHAIN 3).
Chain 1: Iteration: 1200 / 2000 [ 60%]  (Sampling)
Chain 3: 
Chain 3: Gradient evaluation took 1.4e-05 seconds
Chain 3: 1000 transitions using 10 leapfrog steps per transition would take 0.14 seconds.
Chain 3: Adjust your expectations accordingly!
Chain 3: 
Chain 3: 
Chain 3: Iteration:    1 / 2000 [  0%]  (Warmup)
Chain 2: Iteration:  600 / 2000 [ 30%]  (Warmup)
Chain 1: Iteration: 1400 / 2000 [ 70%]  (Sampling)
Chain 2: Iteration:  800 / 2000 [ 40%]  (Warmup)
Chain 3: Iteration:  200 / 2000 [ 10%]  (Warmup)
Chain 1: Iteration: 1600 / 2000 [ 80%]  (Sampling)
Chain 2: Iteration: 1000 / 2000 [ 50%]  (Warmup)
Chain 2: Iteration: 1001 / 2000 [ 50%]  (Sampling)

SAMPLING FOR MODEL 'anon_model' NOW (CHAIN 4).
Chain 3: Iteration:  400 / 2000 [ 20%]  (Warmup)
Chain 1: Iteration: 1800 / 2000 [ 90%]  (Sampling)
Chain 2: Iteration: 1200 / 2000 [ 60%]  (Sampling)
Chain 4: 
Chain 4: Gradient evaluation took 1.6e-05 seconds
Chain 4: 1000 transitions using 10 leapfrog steps per transition would take 0.16 seconds.
Chain 4: Adjust your expectations accordingly!
Chain 4: 
Chain 4: 
Chain 4: Iteration:    1 / 2000 [  0%]  (Warmup)
Chain 3: Iteration:  600 / 2000 [ 30%]  (Warmup)
Chain 1: Iteration: 2000 / 2000 [100%]  (Sampling)
Chain 1: 
Chain 1:  Elapsed Time: 0.006 seconds (Warm-up)
Chain 1:                0.007 seconds (Sampling)
Chain 1:                0.013 seconds (Total)
Chain 1: 
Chain 2: Iteration: 1400 / 2000 [ 70%]  (Sampling)
Chain 3: Iteration:  800 / 2000 [ 40%]  (Warmup)
Chain 4: Iteration:  200 / 2000 [ 10%]  (Warmup)

SAMPLING FOR MODEL 'anon_model' NOW (CHAIN 5).
Chain 2: Iteration: 1600 / 2000 [ 80%]  (Sampling)
Chain 3: Iteration: 1000 / 2000 [ 50%]  (Warmup)
Chain 3: Iteration: 1001 / 2000 [ 50%]  (Sampling)
Chain 4: Iteration:  400 / 2000 [ 20%]  (Warmup)
Chain 2: Iteration: 1800 / 2000 [ 90%]  (Sampling)
Chain 5: 
Chain 5: Gradient evaluation took 1.4e-05 seconds
Chain 5: 1000 transitions using 10 leapfrog steps per transition would take 0.14 seconds.
Chain 5: Adjust your expectations accordingly!
Chain 5: 
Chain 5: 
Chain 5: Iteration:    1 / 2000 [  0%]  (Warmup)
Chain 4: Iteration:  600 / 2000 [ 30%]  (Warmup)
Chain 3: Iteration: 1200 / 2000 [ 60%]  (Sampling)
Chain 2: Iteration: 2000 / 2000 [100%]  (Sampling)
Chain 2: 
Chain 2:  Elapsed Time: 0.007 seconds (Warm-up)
Chain 2:                0.007 seconds (Sampling)
Chain 2:                0.014 seconds (Total)
Chain 2: 
Chain 4: Iteration:  800 / 2000 [ 40%]  (Warmup)
Chain 3: Iteration: 1400 / 2000 [ 70%]  (Sampling)
Chain 4: Iteration: 1000 / 2000 [ 50%]  (Warmup)
Chain 4: Iteration: 1001 / 2000 [ 50%]  (Sampling)
Chain 5: Iteration:  200 / 2000 [ 10%]  (Warmup)
Chain 3: Iteration: 1600 / 2000 [ 80%]  (Sampling)
Chain 4: Iteration: 1200 / 2000 [ 60%]  (Sampling)
Chain 5: Iteration:  400 / 2000 [ 20%]  (Warmup)
Chain 3: Iteration: 1800 / 2000 [ 90%]  (Sampling)
Chain 4: Iteration: 1400 / 2000 [ 70%]  (Sampling)
Chain 5: Iteration:  600 / 2000 [ 30%]  (Warmup)
Chain 3: Iteration: 2000 / 2000 [100%]  (Sampling)
Chain 3: 
Chain 3:  Elapsed Time: 0.007 seconds (Warm-up)
Chain 3:                0.01 seconds (Sampling)
Chain 3:                0.017 seconds (Total)
Chain 3: 
Chain 4: Iteration: 1600 / 2000 [ 80%]  (Sampling)
Chain 5: Iteration:  800 / 2000 [ 40%]  (Warmup)
Chain 5: Iteration: 1000 / 2000 [ 50%]  (Warmup)
Chain 5: Iteration: 1001 / 2000 [ 50%]  (Sampling)
Chain 4: Iteration: 1800 / 2000 [ 90%]  (Sampling)

SAMPLING FOR MODEL 'anon_model' NOW (CHAIN 6).
Chain 5: Iteration: 1200 / 2000 [ 60%]  (Sampling)
Chain 4: Iteration: 2000 / 2000 [100%]  (Sampling)
Chain 4: 
Chain 4:  Elapsed Time: 0.008 seconds (Warm-up)
Chain 4:                0.008 seconds (Sampling)
Chain 4:                0.016 seconds (Total)
Chain 4: 
Chain 6: 
Chain 6: Gradient evaluation took 2.8e-05 seconds
Chain 6: 1000 transitions using 10 leapfrog steps per transition would take 0.28 seconds.
Chain 6: Adjust your expectations accordingly!
Chain 6: 
Chain 6: 
Chain 6: Iteration:    1 / 2000 [  0%]  (Warmup)
Chain 5: Iteration: 1400 / 2000 [ 70%]  (Sampling)
Chain 5: Iteration: 1600 / 2000 [ 80%]  (Sampling)
Chain 6: Iteration:  200 / 2000 [ 10%]  (Warmup)

SAMPLING FOR MODEL 'anon_model' NOW (CHAIN 7).
Chain 5: Iteration: 1800 / 2000 [ 90%]  (Sampling)
Chain 6: Iteration:  400 / 2000 [ 20%]  (Warmup)
Chain 7: 
Chain 7: Gradient evaluation took 8e-06 seconds
Chain 7: 1000 transitions using 10 leapfrog steps per transition would take 0.08 seconds.
Chain 7: Adjust your expectations accordingly!
Chain 7: 
Chain 7: 
Chain 7: Iteration:    1 / 2000 [  0%]  (Warmup)
Chain 5: Iteration: 2000 / 2000 [100%]  (Sampling)
Chain 5: 
Chain 5:  Elapsed Time: 0.009 seconds (Warm-up)
Chain 5:                0.009 seconds (Sampling)
Chain 5:                0.018 seconds (Total)
Chain 5: 
Chain 6: Iteration:  600 / 2000 [ 30%]  (Warmup)
Chain 7: Iteration:  200 / 2000 [ 10%]  (Warmup)
Chain 6: Iteration:  800 / 2000 [ 40%]  (Warmup)
Chain 7: Iteration:  400 / 2000 [ 20%]  (Warmup)
Chain 6: Iteration: 1000 / 2000 [ 50%]  (Warmup)
Chain 6: Iteration: 1001 / 2000 [ 50%]  (Sampling)
Chain 7: Iteration:  600 / 2000 [ 30%]  (Warmup)
Chain 6: Iteration: 1200 / 2000 [ 60%]  (Sampling)
Chain 7: Iteration:  800 / 2000 [ 40%]  (Warmup)
Chain 6: Iteration: 1400 / 2000 [ 70%]  (Sampling)
Chain 7: Iteration: 1000 / 2000 [ 50%]  (Warmup)
Chain 7: Iteration: 1001 / 2000 [ 50%]  (Sampling)
Chain 6: Iteration: 1600 / 2000 [ 80%]  (Sampling)
Chain 7: Iteration: 1200 / 2000 [ 60%]  (Sampling)

SAMPLING FOR MODEL 'anon_model' NOW (CHAIN 8).

SAMPLING FOR MODEL 'anon_model' NOW (CHAIN 9).
Chain 6: Iteration: 1800 / 2000 [ 90%]  (Sampling)
Chain 9: 
Chain 9: Gradient evaluation took 9e-06 seconds
Chain 9: 1000 transitions using 10 leapfrog steps per transition would take 0.09 seconds.
Chain 9: Adjust your expectations accordingly!
Chain 9: 
Chain 9: 
Chain 9: Iteration:    1 / 2000 [  0%]  (Warmup)
Chain 7: Iteration: 1400 / 2000 [ 70%]  (Sampling)
Chain 8: 
Chain 8: Gradient evaluation took 1e-05 seconds
Chain 8: 1000 transitions using 10 leapfrog steps per transition would take 0.1 seconds.
Chain 8: Adjust your expectations accordingly!
Chain 8: 
Chain 8: 
Chain 8: Iteration:    1 / 2000 [  0%]  (Warmup)
Chain 6: Iteration: 2000 / 2000 [100%]  (Sampling)
Chain 6: 
Chain 6:  Elapsed Time: 0.009 seconds (Warm-up)
Chain 6:                0.008 seconds (Sampling)
Chain 6:                0.017 seconds (Total)
Chain 6: 
Chain 7: Iteration: 1600 / 2000 [ 80%]  (Sampling)
Chain 9: Iteration:  200 / 2000 [ 10%]  (Warmup)
Chain 8: Iteration:  200 / 2000 [ 10%]  (Warmup)
Chain 7: Iteration: 1800 / 2000 [ 90%]  (Sampling)
Chain 9: Iteration:  400 / 2000 [ 20%]  (Warmup)
Chain 8: Iteration:  400 / 2000 [ 20%]  (Warmup)
Chain 7: Iteration: 2000 / 2000 [100%]  (Sampling)
Chain 7: 
Chain 7:  Elapsed Time: 0.008 seconds (Warm-up)
Chain 7:                0.008 seconds (Sampling)
Chain 7:                0.016 seconds (Total)
Chain 7: 
Chain 9: Iteration:  600 / 2000 [ 30%]  (Warmup)
Chain 8: Iteration:  600 / 2000 [ 30%]  (Warmup)
Chain 9: Iteration:  800 / 2000 [ 40%]  (Warmup)
Chain 9: Iteration: 1000 / 2000 [ 50%]  (Warmup)
Chain 9: Iteration: 1001 / 2000 [ 50%]  (Sampling)
Chain 9: Iteration: 1200 / 2000 [ 60%]  (Sampling)
Chain 9: Iteration: 1400 / 2000 [ 70%]  (Sampling)
Chain 8: Iteration:  800 / 2000 [ 40%]  (Warmup)
Chain 9: Iteration: 1600 / 2000 [ 80%]  (Sampling)
Chain 8: Iteration: 1000 / 2000 [ 50%]  (Warmup)
Chain 8: Iteration: 1001 / 2000 [ 50%]  (Sampling)
Chain 9: Iteration: 1800 / 2000 [ 90%]  (Sampling)
Chain 9: Iteration: 2000 / 2000 [100%]  (Sampling)
Chain 9: 
Chain 9:  Elapsed Time: 0.009 seconds (Warm-up)
Chain 9:                0.008 seconds (Sampling)
Chain 9:                0.017 seconds (Total)
Chain 9: 
Chain 8: Iteration: 1200 / 2000 [ 60%]  (Sampling)
Chain 8: Iteration: 1400 / 2000 [ 70%]  (Sampling)
Chain 8: Iteration: 1600 / 2000 [ 80%]  (Sampling)
Chain 8: Iteration: 1800 / 2000 [ 90%]  (Sampling)
Chain 8: Iteration: 2000 / 2000 [100%]  (Sampling)
Chain 8: 
Chain 8:  Elapsed Time: 0.014 seconds (Warm-up)
Chain 8:                0.01 seconds (Sampling)
Chain 8:                0.024 seconds (Total)
Chain 8: 

SAMPLING FOR MODEL 'anon_model' NOW (CHAIN 10).
Chain 10: 
Chain 10: Gradient evaluation took 2.3e-05 seconds
Chain 10: 1000 transitions using 10 leapfrog steps per transition would take 0.23 seconds.
Chain 10: Adjust your expectations accordingly!
Chain 10: 
Chain 10: 
Chain 10: Iteration:    1 / 2000 [  0%]  (Warmup)
Chain 10: Iteration:  200 / 2000 [ 10%]  (Warmup)
Chain 10: Iteration:  400 / 2000 [ 20%]  (Warmup)
Chain 10: Iteration:  600 / 2000 [ 30%]  (Warmup)

SAMPLING FOR MODEL 'anon_model' NOW (CHAIN 11).
Chain 10: Iteration:  800 / 2000 [ 40%]  (Warmup)
Chain 10: Iteration: 1000 / 2000 [ 50%]  (Warmup)
Chain 10: Iteration: 1001 / 2000 [ 50%]  (Sampling)

SAMPLING FOR MODEL 'anon_model' NOW (CHAIN 12).
Chain 10: Iteration: 1200 / 2000 [ 60%]  (Sampling)
Chain 11: 
Chain 11: Gradient evaluation took 1.6e-05 seconds
Chain 11: 1000 transitions using 10 leapfrog steps per transition would take 0.16 seconds.
Chain 11: Adjust your expectations accordingly!
Chain 11: 
Chain 11: 
Chain 11: Iteration:    1 / 2000 [  0%]  (Warmup)
Chain 10: Iteration: 1400 / 2000 [ 70%]  (Sampling)
Chain 12: 
Chain 12: Gradient evaluation took 5e-05 seconds
Chain 12: 1000 transitions using 10 leapfrog steps per transition would take 0.5 seconds.
Chain 12: Adjust your expectations accordingly!
Chain 12: 
Chain 12: 
Chain 12: Iteration:    1 / 2000 [  0%]  (Warmup)
Chain 10: Iteration: 1600 / 2000 [ 80%]  (Sampling)

SAMPLING FOR MODEL 'anon_model' NOW (CHAIN 13).
Chain 11: Iteration:  200 / 2000 [ 10%]  (Warmup)
Chain 13: 
Chain 13: Gradient evaluation took 8e-06 seconds
Chain 13: 1000 transitions using 10 leapfrog steps per transition would take 0.08 seconds.
Chain 13: Adjust your expectations accordingly!
Chain 13: 
Chain 13: 
Chain 13: Iteration:    1 / 2000 [  0%]  (Warmup)
Chain 11: Iteration:  400 / 2000 [ 20%]  (Warmup)
Chain 10: Iteration: 1800 / 2000 [ 90%]  (Sampling)
Chain 12: Iteration:  200 / 2000 [ 10%]  (Warmup)
Chain 10: Iteration: 2000 / 2000 [100%]  (Sampling)
Chain 10: 
Chain 10:  Elapsed Time: 0.025 seconds (Warm-up)
Chain 10:                0.009 seconds (Sampling)
Chain 10:                0.034 seconds (Total)
Chain 10: 
Chain 11: Iteration:  600 / 2000 [ 30%]  (Warmup)
Chain 12: Iteration:  400 / 2000 [ 20%]  (Warmup)
Chain 11: Iteration:  800 / 2000 [ 40%]  (Warmup)
Chain 12: Iteration:  600 / 2000 [ 30%]  (Warmup)
Chain 13: Iteration:  200 / 2000 [ 10%]  (Warmup)
Chain 11: Iteration: 1000 / 2000 [ 50%]  (Warmup)
Chain 11: Iteration: 1001 / 2000 [ 50%]  (Sampling)
Chain 12: Iteration:  800 / 2000 [ 40%]  (Warmup)
Chain 13: Iteration:  400 / 2000 [ 20%]  (Warmup)
Chain 12: Iteration: 1000 / 2000 [ 50%]  (Warmup)
Chain 11: Iteration: 1200 / 2000 [ 60%]  (Sampling)
Chain 12: Iteration: 1001 / 2000 [ 50%]  (Sampling)
Chain 11: Iteration: 1400 / 2000 [ 70%]  (Sampling)
Chain 13: Iteration:  600 / 2000 [ 30%]  (Warmup)
Chain 12: Iteration: 1200 / 2000 [ 60%]  (Sampling)
Chain 13: Iteration:  800 / 2000 [ 40%]  (Warmup)
Chain 11: Iteration: 1600 / 2000 [ 80%]  (Sampling)
Chain 12: Iteration: 1400 / 2000 [ 70%]  (Sampling)
Chain 13: Iteration: 1000 / 2000 [ 50%]  (Warmup)
Chain 13: Iteration: 1001 / 2000 [ 50%]  (Sampling)
Chain 11: Iteration: 1800 / 2000 [ 90%]  (Sampling)
Chain 12: Iteration: 1600 / 2000 [ 80%]  (Sampling)
Chain 13: Iteration: 1200 / 2000 [ 60%]  (Sampling)
Chain 11: Iteration: 2000 / 2000 [100%]  (Sampling)
Chain 11: 
Chain 11:  Elapsed Time: 0.009 seconds (Warm-up)
Chain 11:                0.011 seconds (Sampling)
Chain 11:                0.02 seconds (Total)
Chain 11: 
Chain 12: Iteration: 1800 / 2000 [ 90%]  (Sampling)
Chain 12: Iteration: 2000 / 2000 [100%]  (Sampling)
Chain 12: 
Chain 12:  Elapsed Time: 0.01 seconds (Warm-up)
Chain 12:                0.008 seconds (Sampling)
Chain 12:                0.018 seconds (Total)
Chain 12: 

SAMPLING FOR MODEL 'anon_model' NOW (CHAIN 14).
Chain 13: Iteration: 1400 / 2000 [ 70%]  (Sampling)
Chain 13: Iteration: 1600 / 2000 [ 80%]  (Sampling)
Chain 13: Iteration: 1800 / 2000 [ 90%]  (Sampling)
Chain 13: Iteration: 2000 / 2000 [100%]  (Sampling)
Chain 14: 
Chain 14: Gradient evaluation took 0.001128 seconds
Chain 14: 1000 transitions using 10 leapfrog steps per transition would take 11.28 seconds.
Chain 14: Adjust your expectations accordingly!
Chain 14: 
Chain 14: 
Chain 14: Iteration:    1 / 2000 [  0%]  (Warmup)
Chain 13: 
Chain 13:  Elapsed Time: 0.014 seconds (Warm-up)
Chain 13:                0.009 seconds (Sampling)
Chain 13:                0.023 seconds (Total)
Chain 13: 
Chain 14: Iteration:  200 / 2000 [ 10%]  (Warmup)
Chain 14: Iteration:  400 / 2000 [ 20%]  (Warmup)
Chain 14: Iteration:  600 / 2000 [ 30%]  (Warmup)
Chain 14: Iteration:  800 / 2000 [ 40%]  (Warmup)
Chain 14: Iteration: 1000 / 2000 [ 50%]  (Warmup)
Chain 14: Iteration: 1001 / 2000 [ 50%]  (Sampling)
Chain 14: Iteration: 1200 / 2000 [ 60%]  (Sampling)
Chain 14: Iteration: 1400 / 2000 [ 70%]  (Sampling)
Chain 14: Iteration: 1600 / 2000 [ 80%]  (Sampling)
Chain 14: Iteration: 1800 / 2000 [ 90%]  (Sampling)
Chain 14: Iteration: 2000 / 2000 [100%]  (Sampling)
Chain 14: 
Chain 14:  Elapsed Time: 0.009 seconds (Warm-up)
Chain 14:                0.014 seconds (Sampling)
Chain 14:                0.023 seconds (Total)
Chain 14: 

SAMPLING FOR MODEL 'anon_model' NOW (CHAIN 15).
Chain 15: 
Chain 15: Gradient evaluation took 1.9e-05 seconds
Chain 15: 1000 transitions using 10 leapfrog steps per transition would take 0.19 seconds.
Chain 15: Adjust your expectations accordingly!
Chain 15: 
Chain 15: 
Chain 15: Iteration:    1 / 2000 [  0%]  (Warmup)

SAMPLING FOR MODEL 'anon_model' NOW (CHAIN 16).
Chain 15: Iteration:  200 / 2000 [ 10%]  (Warmup)
Chain 16: 
Chain 16: Gradient evaluation took 3e-05 seconds
Chain 16: 1000 transitions using 10 leapfrog steps per transition would take 0.3 seconds.
Chain 16: Adjust your expectations accordingly!
Chain 16: 
Chain 16: 
Chain 16: Iteration:    1 / 2000 [  0%]  (Warmup)
Chain 15: Iteration:  400 / 2000 [ 20%]  (Warmup)
Chain 16: Iteration:  200 / 2000 [ 10%]  (Warmup)
Chain 15: Iteration:  600 / 2000 [ 30%]  (Warmup)
Chain 15: Iteration:  800 / 2000 [ 40%]  (Warmup)
Chain 16: Iteration:  400 / 2000 [ 20%]  (Warmup)
Chain 15: Iteration: 1000 / 2000 [ 50%]  (Warmup)
Chain 15: Iteration: 1001 / 2000 [ 50%]  (Sampling)
Chain 16: Iteration:  600 / 2000 [ 30%]  (Warmup)
Chain 15: Iteration: 1200 / 2000 [ 60%]  (Sampling)
Chain 16: Iteration:  800 / 2000 [ 40%]  (Warmup)
Chain 15: Iteration: 1400 / 2000 [ 70%]  (Sampling)
Chain 16: Iteration: 1000 / 2000 [ 50%]  (Warmup)
Chain 16: Iteration: 1001 / 2000 [ 50%]  (Sampling)
Chain 15: Iteration: 1600 / 2000 [ 80%]  (Sampling)
Chain 16: Iteration: 1200 / 2000 [ 60%]  (Sampling)
Chain 15: Iteration: 1800 / 2000 [ 90%]  (Sampling)
Chain 16: Iteration: 1400 / 2000 [ 70%]  (Sampling)
Chain 15: Iteration: 2000 / 2000 [100%]  (Sampling)
Chain 15: 
Chain 15:  Elapsed Time: 0.008 seconds (Warm-up)
Chain 15:                0.007 seconds (Sampling)
Chain 15:                0.015 seconds (Total)
Chain 15: 
Chain 16: Iteration: 1600 / 2000 [ 80%]  (Sampling)
Chain 16: Iteration: 1800 / 2000 [ 90%]  (Sampling)
Chain 16: Iteration: 2000 / 2000 [100%]  (Sampling)
Chain 16: 
Chain 16:  Elapsed Time: 0.007 seconds (Warm-up)
Chain 16:                0.007 seconds (Sampling)
Chain 16:                0.014 seconds (Total)
Chain 16: 
            mean     n_eff   Rhat
theta[1]  1.1205    8.1374 7.7785
theta[2]  2.7539    8.1239 8.1931
lp__     -1.4471 7105.0733 1.0002

=== Pairwise diagnostic for n = 16 ===
Pairwise R-hat result (rho = 1.015)

1. Pairwise R-hat matrices
--------------------------

$`theta[1]`
         chain:1 chain:2 chain:3 chain:4 chain:5 chain:6 chain:7 chain:8
chain:1   1.0000  0.9999  1.8270  0.9997  0.9992  1.0014  1.8267  1.0000
chain:2   0.9999  1.0000  1.8274  1.0001  0.9998  1.0014  1.8285  1.0005
chain:3   1.8270  1.8274  1.0000  1.8275  1.8269  1.8269  1.8270  1.8281
chain:4   0.9997  1.0001  1.8275  1.0000  0.9994  1.0008  1.8272  1.0002
chain:5   0.9992  0.9998  1.8269  0.9994  1.0000  1.0014  1.8267  0.9998
chain:6   1.0014  1.0014  1.8269  1.0008  1.0014  1.0000  1.8278  1.0012
chain:7   1.8267  1.8285  1.8270  1.8272  1.8267  1.8278  1.0000  1.8278
chain:8   1.0000  1.0005  1.8281  1.0002  0.9998  1.0012  1.8278  1.0000
chain:9   0.9994  0.9998  1.8270  0.9994  0.9995  1.0012  1.8268  0.9998
chain:10  0.9996  0.9999  1.8273  0.9994  0.9996  1.0012  1.8267  0.9999
chain:11  1.8267  1.8284  1.8269  1.8271  1.8267  1.8277  1.0002  1.8277
chain:12  1.8276  1.8293  1.8279  1.8281  1.8276  1.8287  1.0010  1.8287
chain:13  1.8269  1.8286  1.8272  1.8274  1.8269  1.8280  1.0021  1.8280
chain:14  0.9995  1.0000  1.8275  0.9996  0.9993  1.0014  1.8269  1.0001
chain:15  1.8268  1.8272  1.0024  1.8273  1.8268  1.8268  1.8268  1.8279
chain:16  1.8268  1.8285  1.8271  1.8273  1.8268  1.8279  1.0014  1.8279
         chain:9 chain:10 chain:11 chain:12 chain:13 chain:14 chain:15 chain:16
chain:1   0.9994   0.9996   1.8267   1.8276   1.8269   0.9995   1.8268   1.8268
chain:2   0.9998   0.9999   1.8284   1.8293   1.8286   1.0000   1.8272   1.8285
chain:3   1.8270   1.8273   1.8269   1.8279   1.8272   1.8275   1.0024   1.8271
chain:4   0.9994   0.9994   1.8271   1.8281   1.8274   0.9996   1.8273   1.8273
chain:5   0.9995   0.9996   1.8267   1.8276   1.8269   0.9993   1.8268   1.8268
chain:6   1.0012   1.0012   1.8277   1.8287   1.8280   1.0014   1.8268   1.8279
chain:7   1.8268   1.8267   1.0002   1.0010   1.0021   1.8269   1.8268   1.0014
chain:8   0.9998   0.9999   1.8277   1.8287   1.8280   1.0001   1.8279   1.8279
chain:9   1.0000   0.9992   1.8267   1.8276   1.8270   0.9996   1.8268   1.8269
chain:10  0.9992   1.0000   1.8267   1.8276   1.8269   0.9996   1.8272   1.8268
chain:11  1.8267   1.8267   1.0000   1.0015   1.0022   1.8268   1.8268   1.0018
chain:12  1.8276   1.8276   1.0015   1.0000   1.0014   1.8277   1.8277   1.0016
chain:13  1.8270   1.8269   1.0022   1.0014   1.0000   1.8271   1.8270   1.0041
chain:14  0.9996   0.9996   1.8268   1.8277   1.8271   1.0000   1.8273   1.8269
chain:15  1.8268   1.8272   1.8268   1.8277   1.8270   1.8273   1.0000   1.8269
chain:16  1.8269   1.8268   1.0018   1.0016   1.0041   1.8269   1.8269   1.0000

$`theta[2]`
         chain:1 chain:2 chain:3 chain:4 chain:5 chain:6 chain:7 chain:8
chain:1   1.0000  0.9995  1.8269  0.9995  1.0002  1.0009  1.8267  1.0004
chain:2   0.9995  1.0000  1.8269  0.9994  0.9994  1.0011  1.8268  1.0003
chain:3   1.8269  1.8269  1.0000  1.8269  1.8269  1.8281  1.8273  1.8288
chain:4   0.9995  0.9994  1.8269  1.0000  1.0000  1.0008  1.8267  1.0004
chain:5   1.0002  0.9994  1.8269  1.0000  1.0000  1.0023  1.8268  1.0006
chain:6   1.0009  1.0011  1.8281  1.0008  1.0023  1.0000  1.8280  1.0018
chain:7   1.8267  1.8268  1.8273  1.8267  1.8268  1.8280  1.0000  1.8286
chain:8   1.0004  1.0003  1.8288  1.0004  1.0006  1.0018  1.8286  1.0000
chain:9   0.9998  0.9996  1.8272  0.9999  0.9999  1.0011  1.8270  1.0006
chain:10  1.0000  1.0006  1.8274  1.0008  1.0001  1.0023  1.8272  1.0005
chain:11  1.8269  1.8270  1.8270  1.8269  1.8270  1.8282  1.0009  1.8288
chain:12  1.8267  1.8268  1.8269  1.8268  1.8268  1.8280  1.0003  1.8287
chain:13  1.8277  1.8278  1.8288  1.8278  1.8278  1.8290  1.0003  1.8297
chain:14  1.0016  1.0009  1.8277  1.0013  1.0020  1.0021  1.8276  1.0020
chain:15  1.8267  1.8267  0.9993  1.8267  1.8267  1.8279  1.8271  1.8286
chain:16  1.8271  1.8272  1.8269  1.8271  1.8272  1.8284  1.0023  1.8290
         chain:9 chain:10 chain:11 chain:12 chain:13 chain:14 chain:15 chain:16
chain:1   0.9998   1.0000   1.8269   1.8267   1.8277   1.0016   1.8267   1.8271
chain:2   0.9996   1.0006   1.8270   1.8268   1.8278   1.0009   1.8267   1.8272
chain:3   1.8272   1.8274   1.8270   1.8269   1.8288   1.8277   0.9993   1.8269
chain:4   0.9999   1.0008   1.8269   1.8268   1.8278   1.0013   1.8267   1.8271
chain:5   0.9999   1.0001   1.8270   1.8268   1.8278   1.0020   1.8267   1.8272
chain:6   1.0011   1.0023   1.8282   1.8280   1.8290   1.0021   1.8279   1.8284
chain:7   1.8270   1.8272   1.0009   1.0003   1.0003   1.8276   1.8271   1.0023
chain:8   1.0006   1.0005   1.8288   1.8287   1.8297   1.0020   1.8286   1.8290
chain:9   1.0000   1.0009   1.8272   1.8271   1.8281   1.0016   1.8270   1.8274
chain:10  1.0009   1.0000   1.8274   1.8273   1.8283   1.0033   1.8272   1.8276
chain:11  1.8272   1.8274   1.0000   1.0002   1.0002   1.8278   1.8268   1.0030
chain:12  1.8271   1.8273   1.0002   1.0000   1.0011   1.8276   1.8267   1.0015
chain:13  1.8281   1.8283   1.0002   1.0011   1.0000   1.8286   1.8286   1.0025
chain:14  1.0016   1.0033   1.8278   1.8276   1.8286   1.0000   1.8275   1.8280
chain:15  1.8270   1.8272   1.8268   1.8267   1.8286   1.8275   1.0000   1.8267
chain:16  1.8274   1.8276   1.0030   1.0015   1.0025   1.8280   1.8267   1.0000

2. Top 10 largest pairwise R-hat values
------------------------------------
   parameter chain_i chain_j pairwise_rhat
1   theta[2]       8      13      1.829695
2   theta[1]       2      12      1.829303
3   theta[2]       8      16      1.829045
4   theta[2]       6      13      1.829024
5   theta[2]       8      11      1.828831
6   theta[2]       3       8      1.828804
7   theta[2]       3      13      1.828801
8   theta[2]       8      12      1.828684
9   theta[1]       8      12      1.828658
10  theta[1]       6      12      1.828655

3. Parameter summary
--------------------
  parameter n_clusters n_isolated isolated_chains
1  theta[1]          3          0                
2  theta[2]          3          0                
                                                       clusters
1 (1, 2, 4, 5, 6, 8, 9, 10, 14) | (3, 15) | (7, 11, 12, 13, 16)
2 (1, 2, 4, 5, 6, 8, 9, 10, 14) | (3, 15) | (7, 11, 12, 13, 16)
  pairwise_rhat_value
1            1.004112
2            1.003348

=== Fitting three_cluster with n = 24 chains (init = random) ===

SAMPLING FOR MODEL 'anon_model' NOW (CHAIN 1).
Chain 1: 
Chain 1: Gradient evaluation took 2.3e-05 seconds
Chain 1: 1000 transitions using 10 leapfrog steps per transition would take 0.23 seconds.
Chain 1: Adjust your expectations accordingly!
Chain 1: 
Chain 1: 
Chain 1: Iteration:    1 / 2000 [  0%]  (Warmup)
Chain 1: Iteration:  200 / 2000 [ 10%]  (Warmup)

SAMPLING FOR MODEL 'anon_model' NOW (CHAIN 2).
Chain 2: 
Chain 2: Gradient evaluation took 1.8e-05 seconds
Chain 2: 1000 transitions using 10 leapfrog steps per transition would take 0.18 seconds.
Chain 2: Adjust your expectations accordingly!
Chain 2: 
Chain 2: 
Chain 2: Iteration:    1 / 2000 [  0%]  (Warmup)
Chain 1: Iteration:  400 / 2000 [ 20%]  (Warmup)

SAMPLING FOR MODEL 'anon_model' NOW (CHAIN 3).
Chain 1: Iteration:  600 / 2000 [ 30%]  (Warmup)
Chain 3: 
Chain 3: Gradient evaluation took 1.5e-05 seconds
Chain 3: 1000 transitions using 10 leapfrog steps per transition would take 0.15 seconds.
Chain 3: Adjust your expectations accordingly!
Chain 3: 
Chain 3: 
Chain 3: Iteration:    1 / 2000 [  0%]  (Warmup)
Chain 2: Iteration:  200 / 2000 [ 10%]  (Warmup)
Chain 1: Iteration:  800 / 2000 [ 40%]  (Warmup)
Chain 2: Iteration:  400 / 2000 [ 20%]  (Warmup)
Chain 3: Iteration:  200 / 2000 [ 10%]  (Warmup)
Chain 1: Iteration: 1000 / 2000 [ 50%]  (Warmup)
Chain 1: Iteration: 1001 / 2000 [ 50%]  (Sampling)
Chain 2: Iteration:  600 / 2000 [ 30%]  (Warmup)
Chain 3: Iteration:  400 / 2000 [ 20%]  (Warmup)

SAMPLING FOR MODEL 'anon_model' NOW (CHAIN 4).
Chain 1: Iteration: 1200 / 2000 [ 60%]  (Sampling)
Chain 2: Iteration:  800 / 2000 [ 40%]  (Warmup)
Chain 3: Iteration:  600 / 2000 [ 30%]  (Warmup)
Chain 4: 
Chain 4: Gradient evaluation took 2.1e-05 seconds
Chain 4: 1000 transitions using 10 leapfrog steps per transition would take 0.21 seconds.
Chain 4: Adjust your expectations accordingly!
Chain 4: 
Chain 4: 
Chain 4: Iteration:    1 / 2000 [  0%]  (Warmup)
Chain 2: Iteration: 1000 / 2000 [ 50%]  (Warmup)
Chain 2: Iteration: 1001 / 2000 [ 50%]  (Sampling)
Chain 1: Iteration: 1400 / 2000 [ 70%]  (Sampling)
Chain 3: Iteration:  800 / 2000 [ 40%]  (Warmup)
Chain 2: Iteration: 1200 / 2000 [ 60%]  (Sampling)
Chain 4: Iteration:  200 / 2000 [ 10%]  (Warmup)
Chain 3: Iteration: 1000 / 2000 [ 50%]  (Warmup)
Chain 3: Iteration: 1001 / 2000 [ 50%]  (Sampling)
Chain 1: Iteration: 1600 / 2000 [ 80%]  (Sampling)

SAMPLING FOR MODEL 'anon_model' NOW (CHAIN 5).
Chain 2: Iteration: 1400 / 2000 [ 70%]  (Sampling)
Chain 3: Iteration: 1200 / 2000 [ 60%]  (Sampling)
Chain 4: Iteration:  400 / 2000 [ 20%]  (Warmup)
Chain 1: Iteration: 1800 / 2000 [ 90%]  (Sampling)
Chain 5: 
Chain 5: Gradient evaluation took 1.4e-05 seconds
Chain 5: 1000 transitions using 10 leapfrog steps per transition would take 0.14 seconds.
Chain 5: Adjust your expectations accordingly!
Chain 5: 
Chain 5: 
Chain 5: Iteration:    1 / 2000 [  0%]  (Warmup)
Chain 2: Iteration: 1600 / 2000 [ 80%]  (Sampling)
Chain 4: Iteration:  600 / 2000 [ 30%]  (Warmup)
Chain 3: Iteration: 1400 / 2000 [ 70%]  (Sampling)
Chain 1: Iteration: 2000 / 2000 [100%]  (Sampling)
Chain 1: 
Chain 1:  Elapsed Time: 0.007 seconds (Warm-up)
Chain 1:                0.007 seconds (Sampling)
Chain 1:                0.014 seconds (Total)
Chain 1: 
Chain 5: Iteration:  200 / 2000 [ 10%]  (Warmup)
Chain 4: Iteration:  800 / 2000 [ 40%]  (Warmup)
Chain 2: Iteration: 1800 / 2000 [ 90%]  (Sampling)
Chain 3: Iteration: 1600 / 2000 [ 80%]  (Sampling)
Chain 4: Iteration: 1000 / 2000 [ 50%]  (Warmup)

SAMPLING FOR MODEL 'anon_model' NOW (CHAIN 6).
Chain 4: Iteration: 1001 / 2000 [ 50%]  (Sampling)
Chain 3: Iteration: 1800 / 2000 [ 90%]  (Sampling)
Chain 5: Iteration:  400 / 2000 [ 20%]  (Warmup)
Chain 2: Iteration: 2000 / 2000 [100%]  (Sampling)
Chain 2: 
Chain 2:  Elapsed Time: 0.006 seconds (Warm-up)
Chain 2:                0.007 seconds (Sampling)
Chain 2:                0.013 seconds (Total)
Chain 2: 
Chain 6: 
Chain 6: Gradient evaluation took 1.7e-05 seconds
Chain 6: 1000 transitions using 10 leapfrog steps per transition would take 0.17 seconds.
Chain 6: Adjust your expectations accordingly!
Chain 6: 
Chain 6: 
Chain 6: Iteration:    1 / 2000 [  0%]  (Warmup)
Chain 4: Iteration: 1200 / 2000 [ 60%]  (Sampling)
Chain 3: Iteration: 2000 / 2000 [100%]  (Sampling)
Chain 3: 
Chain 3:  Elapsed Time: 0.007 seconds (Warm-up)
Chain 3:                0.007 seconds (Sampling)
Chain 3:                0.014 seconds (Total)
Chain 3: 
Chain 5: Iteration:  600 / 2000 [ 30%]  (Warmup)
Chain 6: Iteration:  200 / 2000 [ 10%]  (Warmup)
Chain 5: Iteration:  800 / 2000 [ 40%]  (Warmup)
Chain 4: Iteration: 1400 / 2000 [ 70%]  (Sampling)
Chain 6: Iteration:  400 / 2000 [ 20%]  (Warmup)
Chain 5: Iteration: 1000 / 2000 [ 50%]  (Warmup)
Chain 5: Iteration: 1001 / 2000 [ 50%]  (Sampling)
Chain 6: Iteration:  600 / 2000 [ 30%]  (Warmup)
Chain 4: Iteration: 1600 / 2000 [ 80%]  (Sampling)

SAMPLING FOR MODEL 'anon_model' NOW (CHAIN 7).
Chain 7: 
Chain 7: Gradient evaluation took 8e-05 seconds
Chain 7: 1000 transitions using 10 leapfrog steps per transition would take 0.8 seconds.
Chain 7: Adjust your expectations accordingly!
Chain 7: 
Chain 7: 
Chain 7: Iteration:    1 / 2000 [  0%]  (Warmup)
Chain 6: Iteration:  800 / 2000 [ 40%]  (Warmup)
Chain 5: Iteration: 1200 / 2000 [ 60%]  (Sampling)
Chain 4: Iteration: 1800 / 2000 [ 90%]  (Sampling)
Chain 6: Iteration: 1000 / 2000 [ 50%]  (Warmup)
Chain 6: Iteration: 1001 / 2000 [ 50%]  (Sampling)
Chain 5: Iteration: 1400 / 2000 [ 70%]  (Sampling)
Chain 7: Iteration:  200 / 2000 [ 10%]  (Warmup)
Chain 6: Iteration: 1200 / 2000 [ 60%]  (Sampling)

SAMPLING FOR MODEL 'anon_model' NOW (CHAIN 8).
Chain 4: Iteration: 2000 / 2000 [100%]  (Sampling)
Chain 4: 
Chain 4:  Elapsed Time: 0.007 seconds (Warm-up)
Chain 4:                0.01 seconds (Sampling)
Chain 4:                0.017 seconds (Total)
Chain 4: 
Chain 7: Iteration:  400 / 2000 [ 20%]  (Warmup)
Chain 6: Iteration: 1400 / 2000 [ 70%]  (Sampling)
Chain 5: Iteration: 1600 / 2000 [ 80%]  (Sampling)
Chain 8: 
Chain 8: Gradient evaluation took 0.000116 seconds
Chain 8: 1000 transitions using 10 leapfrog steps per transition would take 1.16 seconds.
Chain 8: Adjust your expectations accordingly!
Chain 8: 
Chain 8: 
Chain 8: Iteration:    1 / 2000 [  0%]  (Warmup)
Chain 6: Iteration: 1600 / 2000 [ 80%]  (Sampling)
Chain 7: Iteration:  600 / 2000 [ 30%]  (Warmup)
Chain 5: Iteration: 1800 / 2000 [ 90%]  (Sampling)
Chain 7: Iteration:  800 / 2000 [ 40%]  (Warmup)
Chain 8: Iteration:  200 / 2000 [ 10%]  (Warmup)
Chain 6: Iteration: 1800 / 2000 [ 90%]  (Sampling)
Chain 5: Iteration: 2000 / 2000 [100%]  (Sampling)
Chain 7: Iteration: 1000 / 2000 [ 50%]  (Warmup)
Chain 7: Iteration: 1001 / 2000 [ 50%]  (Sampling)
Chain 5: 
Chain 5:  Elapsed Time: 0.008 seconds (Warm-up)
Chain 5:                0.01 seconds (Sampling)
Chain 5:                0.018 seconds (Total)
Chain 5: 
Chain 6: Iteration: 2000 / 2000 [100%]  (Sampling)
Chain 6: 
Chain 6:  Elapsed Time: 0.007 seconds (Warm-up)
Chain 6:                0.006 seconds (Sampling)
Chain 6:                0.013 seconds (Total)
Chain 6: 
Chain 8: Iteration:  400 / 2000 [ 20%]  (Warmup)
Chain 7: Iteration: 1200 / 2000 [ 60%]  (Sampling)

SAMPLING FOR MODEL 'anon_model' NOW (CHAIN 9).
Chain 8: Iteration:  600 / 2000 [ 30%]  (Warmup)
Chain 7: Iteration: 1400 / 2000 [ 70%]  (Sampling)
Chain 9: 
Chain 9: Gradient evaluation took 2.3e-05 seconds
Chain 9: 1000 transitions using 10 leapfrog steps per transition would take 0.23 seconds.
Chain 9: Adjust your expectations accordingly!
Chain 9: 
Chain 9: 
Chain 9: Iteration:    1 / 2000 [  0%]  (Warmup)
Chain 8: Iteration:  800 / 2000 [ 40%]  (Warmup)
Chain 7: Iteration: 1600 / 2000 [ 80%]  (Sampling)
Chain 9: Iteration:  200 / 2000 [ 10%]  (Warmup)
Chain 8: Iteration: 1000 / 2000 [ 50%]  (Warmup)
Chain 8: Iteration: 1001 / 2000 [ 50%]  (Sampling)
Chain 7: Iteration: 1800 / 2000 [ 90%]  (Sampling)
Chain 9: Iteration:  400 / 2000 [ 20%]  (Warmup)
Chain 8: Iteration: 1200 / 2000 [ 60%]  (Sampling)

SAMPLING FOR MODEL 'anon_model' NOW (CHAIN 10).
Chain 7: Iteration: 2000 / 2000 [100%]  (Sampling)
Chain 7: 
Chain 7:  Elapsed Time: 0.008 seconds (Warm-up)
Chain 7:                0.008 seconds (Sampling)
Chain 7:                0.016 seconds (Total)
Chain 7: 
Chain 9: Iteration:  600 / 2000 [ 30%]  (Warmup)
Chain 8: Iteration: 1400 / 2000 [ 70%]  (Sampling)
Chain 10: 
Chain 10: Gradient evaluation took 3.4e-05 seconds
Chain 10: 1000 transitions using 10 leapfrog steps per transition would take 0.34 seconds.
Chain 10: Adjust your expectations accordingly!
Chain 10: 
Chain 10: 
Chain 10: Iteration:    1 / 2000 [  0%]  (Warmup)
Chain 9: Iteration:  800 / 2000 [ 40%]  (Warmup)
Chain 8: Iteration: 1600 / 2000 [ 80%]  (Sampling)
Chain 10: Iteration:  200 / 2000 [ 10%]  (Warmup)
Chain 9: Iteration: 1000 / 2000 [ 50%]  (Warmup)
Chain 9: Iteration: 1001 / 2000 [ 50%]  (Sampling)
Chain 8: Iteration: 1800 / 2000 [ 90%]  (Sampling)
Chain 9: Iteration: 1200 / 2000 [ 60%]  (Sampling)
Chain 8: Iteration: 2000 / 2000 [100%]  (Sampling)
Chain 8: 
Chain 8:  Elapsed Time: 0.008 seconds (Warm-up)
Chain 8:                0.008 seconds (Sampling)
Chain 8:                0.016 seconds (Total)
Chain 8: 

SAMPLING FOR MODEL 'anon_model' NOW (CHAIN 11).
Chain 10: Iteration:  400 / 2000 [ 20%]  (Warmup)
Chain 10: Iteration:  600 / 2000 [ 30%]  (Warmup)
Chain 11: 
Chain 11: Gradient evaluation took 2e-05 seconds
Chain 11: 1000 transitions using 10 leapfrog steps per transition would take 0.2 seconds.
Chain 11: Adjust your expectations accordingly!
Chain 11: 
Chain 11: 
Chain 11: Iteration:    1 / 2000 [  0%]  (Warmup)
Chain 9: Iteration: 1400 / 2000 [ 70%]  (Sampling)
Chain 10: Iteration:  800 / 2000 [ 40%]  (Warmup)
Chain 10: Iteration: 1000 / 2000 [ 50%]  (Warmup)
Chain 10: Iteration: 1001 / 2000 [ 50%]  (Sampling)
Chain 9: Iteration: 1600 / 2000 [ 80%]  (Sampling)
Chain 10: Iteration: 1200 / 2000 [ 60%]  (Sampling)
Chain 9: Iteration: 1800 / 2000 [ 90%]  (Sampling)
Chain 11: Iteration:  200 / 2000 [ 10%]  (Warmup)
Chain 10: Iteration: 1400 / 2000 [ 70%]  (Sampling)
Chain 9: Iteration: 2000 / 2000 [100%]  (Sampling)
Chain 9: 
Chain 9:  Elapsed Time: 0.009 seconds (Warm-up)
Chain 9:                0.009 seconds (Sampling)
Chain 9:                0.018 seconds (Total)
Chain 9: 
Chain 11: Iteration:  400 / 2000 [ 20%]  (Warmup)
Chain 10: Iteration: 1600 / 2000 [ 80%]  (Sampling)
Chain 10: Iteration: 1800 / 2000 [ 90%]  (Sampling)

SAMPLING FOR MODEL 'anon_model' NOW (CHAIN 12).
Chain 11: Iteration:  600 / 2000 [ 30%]  (Warmup)
Chain 10: Iteration: 2000 / 2000 [100%]  (Sampling)
Chain 10: 
Chain 10:  Elapsed Time: 0.008 seconds (Warm-up)
Chain 10:                0.008 seconds (Sampling)
Chain 10:                0.016 seconds (Total)
Chain 10: 

SAMPLING FOR MODEL 'anon_model' NOW (CHAIN 13).
Chain 11: Iteration:  800 / 2000 [ 40%]  (Warmup)
Chain 12: 
Chain 12: Gradient evaluation took 2.3e-05 seconds
Chain 12: 1000 transitions using 10 leapfrog steps per transition would take 0.23 seconds.
Chain 12: Adjust your expectations accordingly!
Chain 12: 
Chain 12: 
Chain 12: Iteration:    1 / 2000 [  0%]  (Warmup)
Chain 13: 
Chain 13: Gradient evaluation took 4e-05 seconds
Chain 13: 1000 transitions using 10 leapfrog steps per transition would take 0.4 seconds.
Chain 13: Adjust your expectations accordingly!
Chain 13: 
Chain 13: 
Chain 13: Iteration:    1 / 2000 [  0%]  (Warmup)
Chain 11: Iteration: 1000 / 2000 [ 50%]  (Warmup)
Chain 11: Iteration: 1001 / 2000 [ 50%]  (Sampling)
Chain 11: Iteration: 1200 / 2000 [ 60%]  (Sampling)
Chain 12: Iteration:  200 / 2000 [ 10%]  (Warmup)
Chain 11: Iteration: 1400 / 2000 [ 70%]  (Sampling)
Chain 13: Iteration:  200 / 2000 [ 10%]  (Warmup)
Chain 12: Iteration:  400 / 2000 [ 20%]  (Warmup)

SAMPLING FOR MODEL 'anon_model' NOW (CHAIN 14).
Chain 11: Iteration: 1600 / 2000 [ 80%]  (Sampling)
Chain 12: Iteration:  600 / 2000 [ 30%]  (Warmup)
Chain 13: Iteration:  400 / 2000 [ 20%]  (Warmup)
Chain 14: 
Chain 14: Gradient evaluation took 3.3e-05 seconds
Chain 14: 1000 transitions using 10 leapfrog steps per transition would take 0.33 seconds.
Chain 14: Adjust your expectations accordingly!
Chain 14: 
Chain 14: 
Chain 14: Iteration:    1 / 2000 [  0%]  (Warmup)
Chain 12: Iteration:  800 / 2000 [ 40%]  (Warmup)
Chain 11: Iteration: 1800 / 2000 [ 90%]  (Sampling)
Chain 13: Iteration:  600 / 2000 [ 30%]  (Warmup)
Chain 12: Iteration: 1000 / 2000 [ 50%]  (Warmup)
Chain 12: Iteration: 1001 / 2000 [ 50%]  (Sampling)
Chain 11: Iteration: 2000 / 2000 [100%]  (Sampling)
Chain 11: 
Chain 11:  Elapsed Time: 0.014 seconds (Warm-up)
Chain 11:                0.007 seconds (Sampling)
Chain 11:                0.021 seconds (Total)
Chain 11: 
Chain 14: Iteration:  200 / 2000 [ 10%]  (Warmup)
Chain 12: Iteration: 1200 / 2000 [ 60%]  (Sampling)
Chain 13: Iteration:  800 / 2000 [ 40%]  (Warmup)
Chain 14: Iteration:  400 / 2000 [ 20%]  (Warmup)
Chain 12: Iteration: 1400 / 2000 [ 70%]  (Sampling)
Chain 13: Iteration: 1000 / 2000 [ 50%]  (Warmup)
Chain 13: Iteration: 1001 / 2000 [ 50%]  (Sampling)
Chain 14: Iteration:  600 / 2000 [ 30%]  (Warmup)
Chain 13: Iteration: 1200 / 2000 [ 60%]  (Sampling)
Chain 12: Iteration: 1600 / 2000 [ 80%]  (Sampling)
Chain 14: Iteration:  800 / 2000 [ 40%]  (Warmup)
Chain 13: Iteration: 1400 / 2000 [ 70%]  (Sampling)
Chain 12: Iteration: 1800 / 2000 [ 90%]  (Sampling)
Chain 14: Iteration: 1000 / 2000 [ 50%]  (Warmup)
Chain 14: Iteration: 1001 / 2000 [ 50%]  (Sampling)
Chain 13: Iteration: 1600 / 2000 [ 80%]  (Sampling)
Chain 12: Iteration: 2000 / 2000 [100%]  (Sampling)
Chain 12: 
Chain 12:  Elapsed Time: 0.008 seconds (Warm-up)
Chain 12:                0.008 seconds (Sampling)
Chain 12:                0.016 seconds (Total)
Chain 12: 
Chain 14: Iteration: 1200 / 2000 [ 60%]  (Sampling)
Chain 13: Iteration: 1800 / 2000 [ 90%]  (Sampling)
Chain 14: Iteration: 1400 / 2000 [ 70%]  (Sampling)
Chain 13: Iteration: 2000 / 2000 [100%]  (Sampling)
Chain 13: 
Chain 13:  Elapsed Time: 0.011 seconds (Warm-up)
Chain 13:                0.006 seconds (Sampling)
Chain 13:                0.017 seconds (Total)
Chain 13: 
Chain 14: Iteration: 1600 / 2000 [ 80%]  (Sampling)
Chain 14: Iteration: 1800 / 2000 [ 90%]  (Sampling)
Chain 14: Iteration: 2000 / 2000 [100%]  (Sampling)
Chain 14: 
Chain 14:  Elapsed Time: 0.009 seconds (Warm-up)
Chain 14:                0.007 seconds (Sampling)
Chain 14:                0.016 seconds (Total)
Chain 14: 

SAMPLING FOR MODEL 'anon_model' NOW (CHAIN 15).
Chain 15: 
Chain 15: Gradient evaluation took 3.2e-05 seconds
Chain 15: 1000 transitions using 10 leapfrog steps per transition would take 0.32 seconds.
Chain 15: Adjust your expectations accordingly!
Chain 15: 
Chain 15: 
Chain 15: Iteration:    1 / 2000 [  0%]  (Warmup)

SAMPLING FOR MODEL 'anon_model' NOW (CHAIN 16).
Chain 15: Iteration:  200 / 2000 [ 10%]  (Warmup)
Chain 15: Iteration:  400 / 2000 [ 20%]  (Warmup)
Chain 15: Iteration:  600 / 2000 [ 30%]  (Warmup)
Chain 15: Iteration:  800 / 2000 [ 40%]  (Warmup)
Chain 15: Iteration: 1000 / 2000 [ 50%]  (Warmup)
Chain 15: Iteration: 1001 / 2000 [ 50%]  (Sampling)
Chain 16: 
Chain 16: Gradient evaluation took 1.7e-05 seconds
Chain 16: 1000 transitions using 10 leapfrog steps per transition would take 0.17 seconds.
Chain 16: Adjust your expectations accordingly!
Chain 16: 
Chain 16: 
Chain 16: Iteration:    1 / 2000 [  0%]  (Warmup)
Chain 15: Iteration: 1200 / 2000 [ 60%]  (Sampling)
Chain 16: Iteration:  200 / 2000 [ 10%]  (Warmup)
Chain 15: Iteration: 1400 / 2000 [ 70%]  (Sampling)
Chain 16: Iteration:  400 / 2000 [ 20%]  (Warmup)
Chain 15: Iteration: 1600 / 2000 [ 80%]  (Sampling)
Chain 16: Iteration:  600 / 2000 [ 30%]  (Warmup)
Chain 16: Iteration:  800 / 2000 [ 40%]  (Warmup)
Chain 15: Iteration: 1800 / 2000 [ 90%]  (Sampling)
Chain 16: Iteration: 1000 / 2000 [ 50%]  (Warmup)
Chain 16: Iteration: 1001 / 2000 [ 50%]  (Sampling)
Chain 15: Iteration: 2000 / 2000 [100%]  (Sampling)
Chain 15: 
Chain 15:  Elapsed Time: 0.008 seconds (Warm-up)
Chain 15:                0.007 seconds (Sampling)
Chain 15:                0.015 seconds (Total)
Chain 15: 
Chain 16: Iteration: 1200 / 2000 [ 60%]  (Sampling)
Chain 16: Iteration: 1400 / 2000 [ 70%]  (Sampling)
Chain 16: Iteration: 1600 / 2000 [ 80%]  (Sampling)
Chain 16: Iteration: 1800 / 2000 [ 90%]  (Sampling)

SAMPLING FOR MODEL 'anon_model' NOW (CHAIN 17).
Chain 16: Iteration: 2000 / 2000 [100%]  (Sampling)
Chain 16: 
Chain 16:  Elapsed Time: 0.006 seconds (Warm-up)
Chain 16:                0.007 seconds (Sampling)
Chain 16:                0.013 seconds (Total)
Chain 16: 
Chain 17: 
Chain 17: Gradient evaluation took 2.2e-05 seconds
Chain 17: 1000 transitions using 10 leapfrog steps per transition would take 0.22 seconds.
Chain 17: Adjust your expectations accordingly!
Chain 17: 
Chain 17: 
Chain 17: Iteration:    1 / 2000 [  0%]  (Warmup)
Chain 17: Iteration:  200 / 2000 [ 10%]  (Warmup)

SAMPLING FOR MODEL 'anon_model' NOW (CHAIN 18).
Chain 17: Iteration:  400 / 2000 [ 20%]  (Warmup)
Chain 18: 
Chain 18: Gradient evaluation took 9.3e-05 seconds
Chain 18: 1000 transitions using 10 leapfrog steps per transition would take 0.93 seconds.
Chain 18: Adjust your expectations accordingly!
Chain 18: 
Chain 18: 
Chain 18: Iteration:    1 / 2000 [  0%]  (Warmup)
Chain 17: Iteration:  600 / 2000 [ 30%]  (Warmup)
Chain 18: Iteration:  200 / 2000 [ 10%]  (Warmup)
Chain 17: Iteration:  800 / 2000 [ 40%]  (Warmup)
Chain 18: Iteration:  400 / 2000 [ 20%]  (Warmup)
Chain 17: Iteration: 1000 / 2000 [ 50%]  (Warmup)
Chain 17: Iteration: 1001 / 2000 [ 50%]  (Sampling)
Chain 18: Iteration:  600 / 2000 [ 30%]  (Warmup)
Chain 17: Iteration: 1200 / 2000 [ 60%]  (Sampling)
Chain 18: Iteration:  800 / 2000 [ 40%]  (Warmup)
Chain 18: Iteration: 1000 / 2000 [ 50%]  (Warmup)
Chain 18: Iteration: 1001 / 2000 [ 50%]  (Sampling)

SAMPLING FOR MODEL 'anon_model' NOW (CHAIN 19).
Chain 17: Iteration: 1400 / 2000 [ 70%]  (Sampling)
Chain 18: Iteration: 1200 / 2000 [ 60%]  (Sampling)
Chain 18: Iteration: 1400 / 2000 [ 70%]  (Sampling)
Chain 17: Iteration: 1600 / 2000 [ 80%]  (Sampling)
Chain 19: 
Chain 19: Gradient evaluation took 3e-05 seconds
Chain 19: 1000 transitions using 10 leapfrog steps per transition would take 0.3 seconds.
Chain 19: Adjust your expectations accordingly!
Chain 19: 
Chain 19: 
Chain 18: Iteration: 1600 / 2000 [ 80%]  (Sampling)
Chain 19: Iteration:    1 / 2000 [  0%]  (Warmup)
Chain 17: Iteration: 1800 / 2000 [ 90%]  (Sampling)
Chain 18: Iteration: 1800 / 2000 [ 90%]  (Sampling)
Chain 17: Iteration: 2000 / 2000 [100%]  (Sampling)
Chain 17: 
Chain 17:  Elapsed Time: 0.007 seconds (Warm-up)
Chain 17:                0.01 seconds (Sampling)
Chain 17:                0.017 seconds (Total)
Chain 17: 
Chain 19: Iteration:  200 / 2000 [ 10%]  (Warmup)

SAMPLING FOR MODEL 'anon_model' NOW (CHAIN 20).
Chain 18: Iteration: 2000 / 2000 [100%]  (Sampling)
Chain 19: Iteration:  400 / 2000 [ 20%]  (Warmup)
Chain 18: 
Chain 18:  Elapsed Time: 0.007 seconds (Warm-up)
Chain 18:                0.008 seconds (Sampling)
Chain 18:                0.015 seconds (Total)
Chain 18: 
Chain 19: Iteration:  600 / 2000 [ 30%]  (Warmup)
Chain 19: Iteration:  800 / 2000 [ 40%]  (Warmup)
Chain 20: 
Chain 20: Gradient evaluation took 2.7e-05 seconds
Chain 20: 1000 transitions using 10 leapfrog steps per transition would take 0.27 seconds.
Chain 20: Adjust your expectations accordingly!
Chain 20: 
Chain 20: 
Chain 20: Iteration:    1 / 2000 [  0%]  (Warmup)
Chain 19: Iteration: 1000 / 2000 [ 50%]  (Warmup)
Chain 19: Iteration: 1001 / 2000 [ 50%]  (Sampling)
Chain 20: Iteration:  200 / 2000 [ 10%]  (Warmup)
Chain 19: Iteration: 1200 / 2000 [ 60%]  (Sampling)
Chain 19: Iteration: 1400 / 2000 [ 70%]  (Sampling)
Chain 20: Iteration:  400 / 2000 [ 20%]  (Warmup)
Chain 20: Iteration:  600 / 2000 [ 30%]  (Warmup)
Chain 20: Iteration:  800 / 2000 [ 40%]  (Warmup)
Chain 19: Iteration: 1600 / 2000 [ 80%]  (Sampling)
Chain 20: Iteration: 1000 / 2000 [ 50%]  (Warmup)
Chain 20: Iteration: 1001 / 2000 [ 50%]  (Sampling)
Chain 20: Iteration: 1200 / 2000 [ 60%]  (Sampling)
Chain 19: Iteration: 1800 / 2000 [ 90%]  (Sampling)

SAMPLING FOR MODEL 'anon_model' NOW (CHAIN 21).
Chain 20: Iteration: 1400 / 2000 [ 70%]  (Sampling)
Chain 20: Iteration: 1600 / 2000 [ 80%]  (Sampling)
Chain 19: Iteration: 2000 / 2000 [100%]  (Sampling)
Chain 19: 
Chain 19:  Elapsed Time: 0.007 seconds (Warm-up)
Chain 19:                0.018 seconds (Sampling)
Chain 19:                0.025 seconds (Total)
Chain 19: 

SAMPLING FOR MODEL 'anon_model' NOW (CHAIN 22).
Chain 20: Iteration: 1800 / 2000 [ 90%]  (Sampling)
Chain 20: Iteration: 2000 / 2000 [100%]  (Sampling)
Chain 20: 
Chain 20:  Elapsed Time: 0.009 seconds (Warm-up)
Chain 20:                0.023 seconds (Sampling)
Chain 20:                0.032 seconds (Total)
Chain 20: 
Chain 21: 
Chain 21: Gradient evaluation took 2.6e-05 seconds
Chain 21: 1000 transitions using 10 leapfrog steps per transition would take 0.26 seconds.
Chain 21: Adjust your expectations accordingly!
Chain 21: 
Chain 21: 
Chain 21: Iteration:    1 / 2000 [  0%]  (Warmup)
Chain 21: Iteration:  200 / 2000 [ 10%]  (Warmup)
Chain 21: Iteration:  400 / 2000 [ 20%]  (Warmup)
Chain 22: 
Chain 22: Gradient evaluation took 2.7e-05 seconds
Chain 22: 1000 transitions using 10 leapfrog steps per transition would take 0.27 seconds.
Chain 22: Adjust your expectations accordingly!
Chain 22: 
Chain 22: 
Chain 22: Iteration:    1 / 2000 [  0%]  (Warmup)
Chain 21: Iteration:  600 / 2000 [ 30%]  (Warmup)
Chain 21: Iteration:  800 / 2000 [ 40%]  (Warmup)
Chain 21: Iteration: 1000 / 2000 [ 50%]  (Warmup)
Chain 21: Iteration: 1001 / 2000 [ 50%]  (Sampling)
Chain 22: Iteration:  200 / 2000 [ 10%]  (Warmup)
Chain 21: Iteration: 1200 / 2000 [ 60%]  (Sampling)
Chain 22: Iteration:  400 / 2000 [ 20%]  (Warmup)
Chain 21: Iteration: 1400 / 2000 [ 70%]  (Sampling)
Chain 22: Iteration:  600 / 2000 [ 30%]  (Warmup)
Chain 21: Iteration: 1600 / 2000 [ 80%]  (Sampling)

SAMPLING FOR MODEL 'anon_model' NOW (CHAIN 23).
Chain 21: Iteration: 1800 / 2000 [ 90%]  (Sampling)
Chain 22: Iteration:  800 / 2000 [ 40%]  (Warmup)
Chain 22: Iteration: 1000 / 2000 [ 50%]  (Warmup)
Chain 22: Iteration: 1001 / 2000 [ 50%]  (Sampling)
Chain 22: Iteration: 1200 / 2000 [ 60%]  (Sampling)
Chain 21: Iteration: 2000 / 2000 [100%]  (Sampling)
Chain 21: 
Chain 21:  Elapsed Time: 0.013 seconds (Warm-up)
Chain 21:                0.022 seconds (Sampling)
Chain 21:                0.035 seconds (Total)
Chain 21: 
Chain 23: 
Chain 23: Gradient evaluation took 2.7e-05 seconds
Chain 23: 1000 transitions using 10 leapfrog steps per transition would take 0.27 seconds.
Chain 23: Adjust your expectations accordingly!
Chain 23: 
Chain 23: 
Chain 23: Iteration:    1 / 2000 [  0%]  (Warmup)
Chain 22: Iteration: 1400 / 2000 [ 70%]  (Sampling)
Chain 23: Iteration:  200 / 2000 [ 10%]  (Warmup)
Chain 23: Iteration:  400 / 2000 [ 20%]  (Warmup)
Chain 22: Iteration: 1600 / 2000 [ 80%]  (Sampling)
Chain 23: Iteration:  600 / 2000 [ 30%]  (Warmup)
Chain 22: Iteration: 1800 / 2000 [ 90%]  (Sampling)
Chain 23: Iteration:  800 / 2000 [ 40%]  (Warmup)

SAMPLING FOR MODEL 'anon_model' NOW (CHAIN 24).
Chain 22: Iteration: 2000 / 2000 [100%]  (Sampling)
Chain 22: 
Chain 22:  Elapsed Time: 0.026 seconds (Warm-up)
Chain 22:                0.012 seconds (Sampling)
Chain 22:                0.038 seconds (Total)
Chain 22: 
Chain 23: Iteration: 1000 / 2000 [ 50%]  (Warmup)
Chain 23: Iteration: 1001 / 2000 [ 50%]  (Sampling)
Chain 23: Iteration: 1200 / 2000 [ 60%]  (Sampling)
Chain 23: Iteration: 1400 / 2000 [ 70%]  (Sampling)
Chain 23: Iteration: 1600 / 2000 [ 80%]  (Sampling)
Chain 23: Iteration: 1800 / 2000 [ 90%]  (Sampling)
Chain 24: 
Chain 24: Gradient evaluation took 2.3e-05 seconds
Chain 24: 1000 transitions using 10 leapfrog steps per transition would take 0.23 seconds.
Chain 24: Adjust your expectations accordingly!
Chain 24: 
Chain 24: 
Chain 24: Iteration:    1 / 2000 [  0%]  (Warmup)
Chain 23: Iteration: 2000 / 2000 [100%]  (Sampling)
Chain 23: 
Chain 23:  Elapsed Time: 0.008 seconds (Warm-up)
Chain 23:                0.008 seconds (Sampling)
Chain 23:                0.016 seconds (Total)
Chain 23: 
Chain 24: Iteration:  200 / 2000 [ 10%]  (Warmup)
Chain 24: Iteration:  400 / 2000 [ 20%]  (Warmup)
Chain 24: Iteration:  600 / 2000 [ 30%]  (Warmup)
Chain 24: Iteration:  800 / 2000 [ 40%]  (Warmup)
Chain 24: Iteration: 1000 / 2000 [ 50%]  (Warmup)
Chain 24: Iteration: 1001 / 2000 [ 50%]  (Sampling)
Chain 24: Iteration: 1200 / 2000 [ 60%]  (Sampling)
Chain 24: Iteration: 1400 / 2000 [ 70%]  (Sampling)
Chain 24: Iteration: 1600 / 2000 [ 80%]  (Sampling)
Chain 24: Iteration: 1800 / 2000 [ 90%]  (Sampling)
Chain 24: Iteration: 2000 / 2000 [100%]  (Sampling)
Chain 24: 
Chain 24:  Elapsed Time: 0.007 seconds (Warm-up)
Chain 24:                0.009 seconds (Sampling)
Chain 24:                0.016 seconds (Total)
Chain 24: 
            mean      n_eff   Rhat
theta[1]  0.9973    12.1808 8.3529
theta[2]  2.1713    12.1709 8.5788
lp__     -1.4466 10551.4817 1.0006

=== Pairwise diagnostic for n = 24 ===
Pairwise R-hat result (rho = 1.015)

1. Pairwise R-hat matrices
--------------------------

$`theta[1]`
         chain:1 chain:2 chain:3 chain:4 chain:5 chain:6 chain:7 chain:8
chain:1   1.0000  0.9999  1.8270  0.9997  0.9992  1.0014  1.8267  1.0000
chain:2   0.9999  1.0000  1.8274  1.0001  0.9998  1.0014  1.8285  1.0005
chain:3   1.8270  1.8274  1.0000  1.8275  1.8269  1.8269  1.8270  1.8281
chain:4   0.9997  1.0001  1.8275  1.0000  0.9994  1.0008  1.8272  1.0002
chain:5   0.9992  0.9998  1.8269  0.9994  1.0000  1.0014  1.8267  0.9998
chain:6   1.0014  1.0014  1.8269  1.0008  1.0014  1.0000  1.8278  1.0012
chain:7   1.8267  1.8285  1.8270  1.8272  1.8267  1.8278  1.0000  1.8278
chain:8   1.0000  1.0005  1.8281  1.0002  0.9998  1.0012  1.8278  1.0000
chain:9   0.9994  0.9998  1.8270  0.9994  0.9995  1.0012  1.8268  0.9998
chain:10  0.9996  0.9999  1.8273  0.9994  0.9996  1.0012  1.8267  0.9999
chain:11  1.8267  1.8284  1.8269  1.8271  1.8267  1.8277  1.0002  1.8277
chain:12  1.8276  1.8293  1.8279  1.8281  1.8276  1.8287  1.0010  1.8287
chain:13  1.8269  1.8286  1.8272  1.8274  1.8269  1.8280  1.0021  1.8280
chain:14  0.9995  1.0000  1.8275  0.9996  0.9993  1.0014  1.8269  1.0001
chain:15  1.8268  1.8272  1.0024  1.8273  1.8268  1.8268  1.8268  1.8279
chain:16  1.8268  1.8285  1.8271  1.8273  1.8268  1.8279  1.0014  1.8279
chain:17  1.8270  1.8287  1.8273  1.8275  1.8270  1.8281  1.0008  1.8281
chain:18  1.0013  1.0015  1.8271  1.0012  1.0017  1.0029  1.8272  1.0010
chain:19  1.8267  1.8284  1.8270  1.8272  1.8267  1.8278  0.9996  1.8278
chain:20  0.9995  0.9998  1.8270  0.9994  0.9991  1.0012  1.8268  0.9999
chain:21  1.8275  1.8279  1.0011  1.8280  1.8274  1.8274  1.8275  1.8286
chain:22  1.8275  1.8292  1.8277  1.8279  1.8275  1.8285  1.0001  1.8285
chain:23  1.8267  1.8271  1.0011  1.8272  1.8267  1.8267  1.8268  1.8278
chain:24  1.0006  1.0015  1.8270  1.0009  1.0007  1.0033  1.8279  1.0008
         chain:9 chain:10 chain:11 chain:12 chain:13 chain:14 chain:15 chain:16
chain:1   0.9994   0.9996   1.8267   1.8276   1.8269   0.9995   1.8268   1.8268
chain:2   0.9998   0.9999   1.8284   1.8293   1.8286   1.0000   1.8272   1.8285
chain:3   1.8270   1.8273   1.8269   1.8279   1.8272   1.8275   1.0024   1.8271
chain:4   0.9994   0.9994   1.8271   1.8281   1.8274   0.9996   1.8273   1.8273
chain:5   0.9995   0.9996   1.8267   1.8276   1.8269   0.9993   1.8268   1.8268
chain:6   1.0012   1.0012   1.8277   1.8287   1.8280   1.0014   1.8268   1.8279
chain:7   1.8268   1.8267   1.0002   1.0010   1.0021   1.8269   1.8268   1.0014
chain:8   0.9998   0.9999   1.8277   1.8287   1.8280   1.0001   1.8279   1.8279
chain:9   1.0000   0.9992   1.8267   1.8276   1.8270   0.9996   1.8268   1.8269
chain:10  0.9992   1.0000   1.8267   1.8276   1.8269   0.9996   1.8272   1.8268
chain:11  1.8267   1.8267   1.0000   1.0015   1.0022   1.8268   1.8268   1.0018
chain:12  1.8276   1.8276   1.0015   1.0000   1.0014   1.8277   1.8277   1.0016
chain:13  1.8270   1.8269   1.0022   1.0014   1.0000   1.8271   1.8270   1.0041
chain:14  0.9996   0.9996   1.8268   1.8277   1.8271   1.0000   1.8273   1.8269
chain:15  1.8268   1.8272   1.8268   1.8277   1.8270   1.8273   1.0000   1.8269
chain:16  1.8269   1.8268   1.0018   1.0016   1.0041   1.8269   1.8269   1.0000
chain:17  1.8271   1.8270   1.0012   1.0013   1.0021   1.8272   1.8271   1.0035
chain:18  1.0008   1.0013   1.8271   1.8280   1.8274   1.0018   1.8269   1.8272
chain:19  1.8268   1.8267   0.9998   1.0003   1.0016   1.8269   1.8268   1.0014
chain:20  0.9994   0.9998   1.8268   1.8277   1.8270   0.9994   1.8268   1.8269
chain:21  1.8275   1.8278   1.8274   1.8284   1.8277   1.8280   1.0005   1.8276
chain:22  1.8275   1.8275   1.0001   1.0013   1.0015   1.8276   1.8275   1.0010
chain:23  1.8267   1.8271   1.8267   1.8276   1.8269   1.8272   0.9998   1.8268
chain:24  1.0010   1.0012   1.8278   1.8287   1.8280   1.0008   1.8268   1.8279
         chain:17 chain:18 chain:19 chain:20 chain:21 chain:22 chain:23
chain:1    1.8270   1.0013   1.8267   0.9995   1.8275   1.8275   1.8267
chain:2    1.8287   1.0015   1.8284   0.9998   1.8279   1.8292   1.8271
chain:3    1.8273   1.8271   1.8270   1.8270   1.0011   1.8277   1.0011
chain:4    1.8275   1.0012   1.8272   0.9994   1.8280   1.8279   1.8272
chain:5    1.8270   1.0017   1.8267   0.9991   1.8274   1.8275   1.8267
chain:6    1.8281   1.0029   1.8278   1.0012   1.8274   1.8285   1.8267
chain:7    1.0008   1.8272   0.9996   1.8268   1.8275   1.0001   1.8268
chain:8    1.8281   1.0010   1.8278   0.9999   1.8286   1.8285   1.8278
chain:9    1.8271   1.0008   1.8268   0.9994   1.8275   1.8275   1.8267
chain:10   1.8270   1.0013   1.8267   0.9998   1.8278   1.8275   1.8271
chain:11   1.0012   1.8271   0.9998   1.8268   1.8274   1.0001   1.8267
chain:12   1.0013   1.8280   1.0003   1.8277   1.8284   1.0013   1.8276
chain:13   1.0021   1.8274   1.0016   1.8270   1.8277   1.0015   1.8269
chain:14   1.8272   1.0018   1.8269   0.9994   1.8280   1.8276   1.8272
chain:15   1.8271   1.8269   1.8268   1.8268   1.0005   1.8275   0.9998
chain:16   1.0035   1.8272   1.0014   1.8269   1.8276   1.0010   1.8268
chain:17   1.0000   1.8274   1.0007   1.8271   1.8278   1.0009   1.8270
chain:18   1.8274   1.0000   1.8272   1.0018   1.8276   1.8279   1.8268
chain:19   1.0007   1.8272   1.0000   1.8268   1.8275   1.0001   1.8267
chain:20   1.8271   1.0018   1.8268   1.0000   1.8275   1.8275   1.8268
chain:21   1.8278   1.8276   1.8275   1.8275   1.0000   1.8282   1.0002
chain:22   1.0009   1.8279   1.0001   1.8275   1.8282   1.0000   1.8275
chain:23   1.8270   1.8268   1.8267   1.8268   1.0002   1.8275   1.0000
chain:24   1.8281   1.0032   1.8278   1.0007   1.8275   1.8286   1.8267
         chain:24
chain:1    1.0006
chain:2    1.0015
chain:3    1.8270
chain:4    1.0009
chain:5    1.0007
chain:6    1.0033
chain:7    1.8279
chain:8    1.0008
chain:9    1.0010
chain:10   1.0012
chain:11   1.8278
chain:12   1.8287
chain:13   1.8280
chain:14   1.0008
chain:15   1.8268
chain:16   1.8279
chain:17   1.8281
chain:18   1.0032
chain:19   1.8278
chain:20   1.0007
chain:21   1.8275
chain:22   1.8286
chain:23   1.8267
chain:24   1.0000

$`theta[2]`
         chain:1 chain:2 chain:3 chain:4 chain:5 chain:6 chain:7 chain:8
chain:1   1.0000  0.9995  1.8269  0.9995  1.0002  1.0009  1.8267  1.0004
chain:2   0.9995  1.0000  1.8269  0.9994  0.9994  1.0011  1.8268  1.0003
chain:3   1.8269  1.8269  1.0000  1.8269  1.8269  1.8281  1.8273  1.8288
chain:4   0.9995  0.9994  1.8269  1.0000  1.0000  1.0008  1.8267  1.0004
chain:5   1.0002  0.9994  1.8269  1.0000  1.0000  1.0023  1.8268  1.0006
chain:6   1.0009  1.0011  1.8281  1.0008  1.0023  1.0000  1.8280  1.0018
chain:7   1.8267  1.8268  1.8273  1.8267  1.8268  1.8280  1.0000  1.8286
chain:8   1.0004  1.0003  1.8288  1.0004  1.0006  1.0018  1.8286  1.0000
chain:9   0.9998  0.9996  1.8272  0.9999  0.9999  1.0011  1.8270  1.0006
chain:10  1.0000  1.0006  1.8274  1.0008  1.0001  1.0023  1.8272  1.0005
chain:11  1.8269  1.8270  1.8270  1.8269  1.8270  1.8282  1.0009  1.8288
chain:12  1.8267  1.8268  1.8269  1.8268  1.8268  1.8280  1.0003  1.8287
chain:13  1.8277  1.8278  1.8288  1.8278  1.8278  1.8290  1.0003  1.8297
chain:14  1.0016  1.0009  1.8277  1.0013  1.0020  1.0021  1.8276  1.0020
chain:15  1.8267  1.8267  0.9993  1.8267  1.8267  1.8279  1.8271  1.8286
chain:16  1.8271  1.8272  1.8269  1.8271  1.8272  1.8284  1.0023  1.8290
chain:17  1.8268  1.8269  1.8270  1.8268  1.8269  1.8281  0.9998  1.8287
chain:18  1.0009  1.0010  1.8269  1.0015  1.0011  1.0028  1.8267  1.0010
chain:19  1.8276  1.8277  1.8276  1.8276  1.8276  1.8288  1.0002  1.8295
chain:20  0.9998  0.9998  1.8269  0.9998  1.0005  1.0011  1.8268  1.0006
chain:21  1.8275  1.8276  0.9996  1.8275  1.8275  1.8287  1.8279  1.8294
chain:22  1.8269  1.8270  1.8282  1.8270  1.8270  1.8282  1.0000  1.8289
chain:23  1.8287  1.8288  1.0000  1.8287  1.8288  1.8300  1.8292  1.8307
chain:24  1.0005  1.0000  1.8271  1.0004  1.0007  1.0014  1.8269  1.0007
         chain:9 chain:10 chain:11 chain:12 chain:13 chain:14 chain:15 chain:16
chain:1   0.9998   1.0000   1.8269   1.8267   1.8277   1.0016   1.8267   1.8271
chain:2   0.9996   1.0006   1.8270   1.8268   1.8278   1.0009   1.8267   1.8272
chain:3   1.8272   1.8274   1.8270   1.8269   1.8288   1.8277   0.9993   1.8269
chain:4   0.9999   1.0008   1.8269   1.8268   1.8278   1.0013   1.8267   1.8271
chain:5   0.9999   1.0001   1.8270   1.8268   1.8278   1.0020   1.8267   1.8272
chain:6   1.0011   1.0023   1.8282   1.8280   1.8290   1.0021   1.8279   1.8284
chain:7   1.8270   1.8272   1.0009   1.0003   1.0003   1.8276   1.8271   1.0023
chain:8   1.0006   1.0005   1.8288   1.8287   1.8297   1.0020   1.8286   1.8290
chain:9   1.0000   1.0009   1.8272   1.8271   1.8281   1.0016   1.8270   1.8274
chain:10  1.0009   1.0000   1.8274   1.8273   1.8283   1.0033   1.8272   1.8276
chain:11  1.8272   1.8274   1.0000   1.0002   1.0002   1.8278   1.8268   1.0030
chain:12  1.8271   1.8273   1.0002   1.0000   1.0011   1.8276   1.8267   1.0015
chain:13  1.8281   1.8283   1.0002   1.0011   1.0000   1.8286   1.8286   1.0025
chain:14  1.0016   1.0033   1.8278   1.8276   1.8286   1.0000   1.8275   1.8280
chain:15  1.8270   1.8272   1.8268   1.8267   1.8286   1.8275   1.0000   1.8267
chain:16  1.8274   1.8276   1.0030   1.0015   1.0025   1.8280   1.8267   1.0000
chain:17  1.8271   1.8273   1.0017   1.0021   1.0008   1.8276   1.8268   1.0016
chain:18  1.0015   1.0015   1.8269   1.8267   1.8277   1.0038   1.8267   1.8271
chain:19  1.8279   1.8281   1.0001   0.9998   1.0010   1.8284   1.8274   1.0019
chain:20  1.0001   1.0010   1.8270   1.8268   1.8278   1.0017   1.8267   1.8272
chain:21  1.8278   1.8280   1.8276   1.8275   1.8294   1.8283   0.9994   1.8275
chain:22  1.8273   1.8275   1.0008   1.0003   1.0007   1.8278   1.8280   1.0015
chain:23  1.8290   1.8292   1.8289   1.8287   1.8307   1.8296   1.0000   1.8287
chain:24  1.0006   1.0018   1.8271   1.8269   1.8279   1.0018   1.8269   1.8273
         chain:17 chain:18 chain:19 chain:20 chain:21 chain:22 chain:23
chain:1    1.8268   1.0009   1.8276   0.9998   1.8275   1.8269   1.8287
chain:2    1.8269   1.0010   1.8277   0.9998   1.8276   1.8270   1.8288
chain:3    1.8270   1.8269   1.8276   1.8269   0.9996   1.8282   1.0000
chain:4    1.8268   1.0015   1.8276   0.9998   1.8275   1.8270   1.8287
chain:5    1.8269   1.0011   1.8276   1.0005   1.8275   1.8270   1.8288
chain:6    1.8281   1.0028   1.8288   1.0011   1.8287   1.8282   1.8300
chain:7    0.9998   1.8267   1.0002   1.8268   1.8279   1.0000   1.8292
chain:8    1.8287   1.0010   1.8295   1.0006   1.8294   1.8289   1.8307
chain:9    1.8271   1.0015   1.8279   1.0001   1.8278   1.8273   1.8290
chain:10   1.8273   1.0015   1.8281   1.0010   1.8280   1.8275   1.8292
chain:11   1.0017   1.8269   1.0001   1.8270   1.8276   1.0008   1.8289
chain:12   1.0021   1.8267   0.9998   1.8268   1.8275   1.0003   1.8287
chain:13   1.0008   1.8277   1.0010   1.8278   1.8294   1.0007   1.8307
chain:14   1.8276   1.0038   1.8284   1.0017   1.8283   1.8278   1.8296
chain:15   1.8268   1.8267   1.8274   1.8267   0.9994   1.8280   1.0000
chain:16   1.0016   1.8271   1.0019   1.8272   1.8275   1.0015   1.8287
chain:17   1.0000   1.8268   1.0013   1.8268   1.8276   1.0004   1.8288
chain:18   1.8268   1.0000   1.8276   1.0017   1.8275   1.8269   1.8287
chain:19   1.0013   1.8276   1.0000   1.8276   1.8282   1.0003   1.8294
chain:20   1.8268   1.0017   1.8276   1.0000   1.8275   1.8270   1.8288
chain:21   1.8276   1.8275   1.8282   1.8275   1.0000   1.8288   1.0003
chain:22   1.0004   1.8269   1.0003   1.8270   1.8288   1.0000   1.8300
chain:23   1.8288   1.8287   1.8294   1.8288   1.0003   1.8300   1.0000
chain:24   1.8270   1.0024   1.8278   1.0006   1.8277   1.8271   1.8289
         chain:24
chain:1    1.0005
chain:2    1.0000
chain:3    1.8271
chain:4    1.0004
chain:5    1.0007
chain:6    1.0014
chain:7    1.8269
chain:8    1.0007
chain:9    1.0006
chain:10   1.0018
chain:11   1.8271
chain:12   1.8269
chain:13   1.8279
chain:14   1.0018
chain:15   1.8269
chain:16   1.8273
chain:17   1.8270
chain:18   1.0024
chain:19   1.8278
chain:20   1.0006
chain:21   1.8277
chain:22   1.8271
chain:23   1.8289
chain:24   1.0000

2. Top 10 largest pairwise R-hat values
------------------------------------
   parameter chain_i chain_j pairwise_rhat
1   theta[2]       8      23      1.830654
2   theta[2]      13      23      1.830652
3   theta[2]      22      23      1.830040
4   theta[2]       6      23      1.829982
5   theta[2]       8      13      1.829695
6   theta[2]      14      23      1.829573
7   theta[2]       8      19      1.829515
8   theta[2]       8      21      1.829414
9   theta[2]      19      23      1.829413
10  theta[2]      13      21      1.829412

3. Parameter summary
--------------------
  parameter n_clusters n_isolated isolated_chains
1  theta[1]          3          0                
2  theta[2]          3          0                
                                                                                       clusters
1 (1, 2, 4, 5, 6, 8, 9, 10, 14, 18, 20, 24) | (3, 15, 21, 23) | (7, 11, 12, 13, 16, 17, 19, 22)
2 (1, 2, 4, 5, 6, 8, 9, 10, 14, 18, 20, 24) | (3, 15, 21, 23) | (7, 11, 12, 13, 16, 17, 19, 22)
  pairwise_rhat_value
1            1.004112
2            1.003762
Warning messages:
1: The largest R-hat is 2.15, indicating chains have not mixed.
Running the chains for more iterations may help. See
https://mc-stan.org/misc/warnings.html#r-hat 
2: Bulk Effective Samples Size (ESS) is too low, indicating posterior means and medians may be unreliable.
Running the chains for more iterations may help. See
https://mc-stan.org/misc/warnings.html#bulk-ess 
3: Tail Effective Samples Size (ESS) is too low, indicating posterior variances and tail quantiles may be unreliable.
Running the chains for more iterations may help. See
https://mc-stan.org/misc/warnings.html#tail-ess 
4: Fewer colours (6) than chains (16); recycling the palette. 
5: The largest R-hat is 2.24, indicating chains have not mixed.
Running the chains for more iterations may help. See
https://mc-stan.org/misc/warnings.html#r-hat 
6: Bulk Effective Samples Size (ESS) is too low, indicating posterior means and medians may be unreliable.
Running the chains for more iterations may help. See
https://mc-stan.org/misc/warnings.html#bulk-ess 
7: Tail Effective Samples Size (ESS) is too low, indicating posterior variances and tail quantiles may be unreliable.
Running the chains for more iterations may help. See
https://mc-stan.org/misc/warnings.html#tail-ess 
8: Fewer colours (6) than chains (24); recycling the palette. 

=== Done: three_cluster n = 16 and n = 24 ===
