Loading required package: StanHeaders

rstan version 2.32.7 (Stan version 2.32.2)

For execution on a local, multicore CPU with excess RAM we recommend calling
options(mc.cores = parallel::detectCores()).
To avoid recompilation of unchanged Stan programs, we recommend calling
rstan_options(auto_write = TRUE)
For within-chain threading using `reduce_sum()` or `map_rect()` Stan functions,
change `threads_per_chain` option:
rstan_options(threads_per_chain = 1)

=== Fitting three_cluster: n=8, init=random, init_r=10 ===

SAMPLING FOR MODEL 'anon_model' NOW (CHAIN 1).
Chain 1: 
Chain 1: Gradient evaluation took 0.000487 seconds
Chain 1: 1000 transitions using 10 leapfrog steps per transition would take 4.87 seconds.
Chain 1: Adjust your expectations accordingly!
Chain 1: 
Chain 1: 
Chain 1: Iteration:    1 / 2000 [  0%]  (Warmup)
Chain 1: Iteration:  200 / 2000 [ 10%]  (Warmup)

SAMPLING FOR MODEL 'anon_model' NOW (CHAIN 2).
Chain 2: 
Chain 2: Gradient evaluation took 1.6e-05 seconds
Chain 2: 1000 transitions using 10 leapfrog steps per transition would take 0.16 seconds.
Chain 2: Adjust your expectations accordingly!
Chain 2: 
Chain 2: 
Chain 2: Iteration:    1 / 2000 [  0%]  (Warmup)
Chain 1: Iteration:  400 / 2000 [ 20%]  (Warmup)
Chain 2: Iteration:  200 / 2000 [ 10%]  (Warmup)
Chain 1: Iteration:  600 / 2000 [ 30%]  (Warmup)


SAMPLINGSAMPLING FOR MODEL 'anon_model' NOW (CHAIN 4 FOR MODEL ').
anon_model' NOW (CHAIN 3).
Chain 1: Iteration:  800 / 2000 [ 40%]  (Warmup)
Chain 2: Iteration:  400 / 2000 [ 20%]  (Warmup)
Chain 1: Iteration: 1000 / 2000 [ 50%]  (Warmup)
Chain 1: Iteration: 1001 / 2000 [ 50%]  (Sampling)
Chain 3: 
Chain 3: Gradient evaluation took 2.5e-05 seconds
Chain 3: 1000 transitions using 10 leapfrog steps per transition would take 0.25 seconds.
Chain 3: Adjust your expectations accordingly!
Chain 3: 
Chain 3: 
Chain 3: Iteration:    1 / 2000 [  0%]  (Warmup)
Chain 4: 
Chain 4: Gradient evaluation took 2.2e-05 seconds
Chain 4: 1000 transitions using 10 leapfrog steps per transition would take 0.22 seconds.
Chain 4: Adjust your expectations accordingly!
Chain 4: 
Chain 4: 
Chain 4: Iteration:    1 / 2000 [  0%]  (Warmup)
Chain 2: Iteration:  600 / 2000 [ 30%]  (Warmup)
Chain 1: Iteration: 1200 / 2000 [ 60%]  (Sampling)
Chain 2: Iteration:  800 / 2000 [ 40%]  (Warmup)
Chain 3: Iteration:  200 / 2000 [ 10%]  (Warmup)
Chain 4: Iteration:  200 / 2000 [ 10%]  (Warmup)
Chain 1: Iteration: 1400 / 2000 [ 70%]  (Sampling)
Chain 2: Iteration: 1000 / 2000 [ 50%]  (Warmup)
Chain 2: Iteration: 1001 / 2000 [ 50%]  (Sampling)
Chain 3: Iteration:  400 / 2000 [ 20%]  (Warmup)
Chain 4: Iteration:  400 / 2000 [ 20%]  (Warmup)
Chain 1: Iteration: 1600 / 2000 [ 80%]  (Sampling)
Chain 2: Iteration: 1200 / 2000 [ 60%]  (Sampling)
Chain 3: Iteration:  600 / 2000 [ 30%]  (Warmup)
Chain 4: Iteration:  600 / 2000 [ 30%]  (Warmup)
Chain 1: Iteration: 1800 / 2000 [ 90%]  (Sampling)
Chain 2: Iteration: 1400 / 2000 [ 70%]  (Sampling)
Chain 3: Iteration:  800 / 2000 [ 40%]  (Warmup)
Chain 4: Iteration:  800 / 2000 [ 40%]  (Warmup)
Chain 1: Iteration: 2000 / 2000 [100%]  (Sampling)
Chain 1: 
Chain 1:  Elapsed Time: 0.008 seconds (Warm-up)
Chain 1:                0.007 seconds (Sampling)
Chain 1:                0.015 seconds (Total)
Chain 1: 

SAMPLING FOR MODEL 'anon_model' NOW (CHAIN 5).
Chain 2: Iteration: 1600 / 2000 [ 80%]  (Sampling)
Chain 3: Iteration: 1000 / 2000 [ 50%]  (Warmup)
Chain 3: Iteration: 1001 / 2000 [ 50%]  (Sampling)
Chain 4: Iteration: 1000 / 2000 [ 50%]  (Warmup)
Chain 4: Iteration: 1001 / 2000 [ 50%]  (Sampling)
Chain 2: Iteration: 1800 / 2000 [ 90%]  (Sampling)
Chain 5: 
Chain 5: Gradient evaluation took 2.6e-05 seconds
Chain 5: 1000 transitions using 10 leapfrog steps per transition would take 0.26 seconds.
Chain 5: Adjust your expectations accordingly!
Chain 5: 
Chain 5: 
Chain 5: Iteration:    1 / 2000 [  0%]  (Warmup)
Chain 3: Iteration: 1200 / 2000 [ 60%]  (Sampling)
Chain 2: Iteration: 2000 / 2000 [100%]  (Sampling)
Chain 2: 
Chain 2:  Elapsed Time: 0.008 seconds (Warm-up)
Chain 2:                0.007 seconds (Sampling)
Chain 2:                0.015 seconds (Total)
Chain 2: 

SAMPLING FOR MODEL 'anon_model' NOW (CHAIN 6).
Chain 5: Iteration:  200 / 2000 [ 10%]  (Warmup)
Chain 4: Iteration: 1200 / 2000 [ 60%]  (Sampling)
Chain 3: Iteration: 1400 / 2000 [ 70%]  (Sampling)
Chain 6: 
Chain 6: Gradient evaluation took 0.00029 seconds
Chain 6: 1000 transitions using 10 leapfrog steps per transition would take 2.9 seconds.
Chain 6: Adjust your expectations accordingly!
Chain 6: 
Chain 6: 
Chain 6: Iteration:    1 / 2000 [  0%]  (Warmup)
Chain 4: Iteration: 1400 / 2000 [ 70%]  (Sampling)

SAMPLING FOR MODEL 'anon_model' NOW (CHAIN 7).
Chain 5: Iteration:  400 / 2000 [ 20%]  (Warmup)
Chain 3: Iteration: 1600 / 2000 [ 80%]  (Sampling)
Chain 7: 
Chain 7: Gradient evaluation took 1.9e-05 seconds
Chain 7: 1000 transitions using 10 leapfrog steps per transition would take 0.19 seconds.
Chain 7: Adjust your expectations accordingly!
Chain 7: 
Chain 7: 
Chain 7: Iteration:    1 / 2000 [  0%]  (Warmup)
Chain 4: Iteration: 1600 / 2000 [ 80%]  (Sampling)
Chain 6: Iteration:  200 / 2000 [ 10%]  (Warmup)
Chain 5: Iteration:  600 / 2000 [ 30%]  (Warmup)

SAMPLING FOR MODEL 'anon_model' NOW (CHAIN 8).
Chain 3: Iteration: 1800 / 2000 [ 90%]  (Sampling)
Chain 6: Iteration:  400 / 2000 [ 20%]  (Warmup)
Chain 4: Iteration: 1800 / 2000 [ 90%]  (Sampling)
Chain 7: Iteration:  200 / 2000 [ 10%]  (Warmup)
Chain 5: Iteration:  800 / 2000 [ 40%]  (Warmup)
Chain 3: Iteration: 2000 / 2000 [100%]  (Sampling)
Chain 3: 
Chain 3:  Elapsed Time: 0.009 seconds (Warm-up)
Chain 3:                0.009 seconds (Sampling)
Chain 3:                0.018 seconds (Total)
Chain 3: 
Chain 6: Iteration:  600 / 2000 [ 30%]  (Warmup)
Chain 4: Iteration: 2000 / 2000 [100%]  (Sampling)
Chain 4: 
Chain 4:  Elapsed Time: 0.009 seconds (Warm-up)
Chain 4:                0.009 seconds (Sampling)
Chain 4:                0.018 seconds (Total)
Chain 4: 
Chain 5: Iteration: 1000 / 2000 [ 50%]  (Warmup)
Chain 5: Iteration: 1001 / 2000 [ 50%]  (Sampling)
Chain 7: Iteration:  400 / 2000 [ 20%]  (Warmup)
Chain 6: Iteration:  800 / 2000 [ 40%]  (Warmup)
Chain 7: Iteration:  600 / 2000 [ 30%]  (Warmup)
Chain 5: Iteration: 1200 / 2000 [ 60%]  (Sampling)
Chain 6: Iteration: 1000 / 2000 [ 50%]  (Warmup)
Chain 6: Iteration: 1001 / 2000 [ 50%]  (Sampling)
Chain 7: Iteration:  800 / 2000 [ 40%]  (Warmup)
Chain 5: Iteration: 1400 / 2000 [ 70%]  (Sampling)
Chain 6: Iteration: 1200 / 2000 [ 60%]  (Sampling)
Chain 7: Iteration: 1000 / 2000 [ 50%]  (Warmup)
Chain 7: Iteration: 1001 / 2000 [ 50%]  (Sampling)
Chain 5: Iteration: 1600 / 2000 [ 80%]  (Sampling)
Chain 6: Iteration: 1400 / 2000 [ 70%]  (Sampling)
Chain 7: Iteration: 1200 / 2000 [ 60%]  (Sampling)
Chain 5: Iteration: 1800 / 2000 [ 90%]  (Sampling)
Chain 6: Iteration: 1600 / 2000 [ 80%]  (Sampling)
Chain 7: Iteration: 1400 / 2000 [ 70%]  (Sampling)
Chain 5: Iteration: 2000 / 2000 [100%]  (Sampling)
Chain 5: 
Chain 5:  Elapsed Time: 0.009 seconds (Warm-up)
Chain 5:                0.008 seconds (Sampling)
Chain 5:                0.017 seconds (Total)
Chain 5: 
Chain 6: Iteration: 1800 / 2000 [ 90%]  (Sampling)
Chain 6: Iteration: 2000 / 2000 [100%]  (Sampling)
Chain 6: 
Chain 6:  Elapsed Time: 0.008 seconds (Warm-up)
Chain 6:                0.008 seconds (Sampling)
Chain 6:                0.016 seconds (Total)
Chain 6: 
Chain 7: Iteration: 1600 / 2000 [ 80%]  (Sampling)
Chain 7: Iteration: 1800 / 2000 [ 90%]  (Sampling)
Chain 7: Iteration: 2000 / 2000 [100%]  (Sampling)
Chain 7: 
Chain 7:  Elapsed Time: 0.009 seconds (Warm-up)
Chain 7:                0.01 seconds (Sampling)
Chain 7:                0.019 seconds (Total)
Chain 7: 
Chain 8: 
Chain 8: Gradient evaluation took 1.9e-05 seconds
Chain 8: 1000 transitions using 10 leapfrog steps per transition would take 0.19 seconds.
Chain 8: Adjust your expectations accordingly!
Chain 8: 
Chain 8: 
Chain 8: Iteration:    1 / 2000 [  0%]  (Warmup)
Chain 8: Iteration:  200 / 2000 [ 10%]  (Warmup)
Chain 8: Iteration:  400 / 2000 [ 20%]  (Warmup)
Chain 8: Iteration:  600 / 2000 [ 30%]  (Warmup)
Chain 8: Iteration:  800 / 2000 [ 40%]  (Warmup)
Chain 8: Iteration: 1000 / 2000 [ 50%]  (Warmup)
Chain 8: Iteration: 1001 / 2000 [ 50%]  (Sampling)
Chain 8: Iteration: 1200 / 2000 [ 60%]  (Sampling)
Chain 8: Iteration: 1400 / 2000 [ 70%]  (Sampling)
Chain 8: Iteration: 1600 / 2000 [ 80%]  (Sampling)
Chain 8: Iteration: 1800 / 2000 [ 90%]  (Sampling)
Chain 8: Iteration: 2000 / 2000 [100%]  (Sampling)
Chain 8: 
Chain 8:  Elapsed Time: 0.016 seconds (Warm-up)
Chain 8:                0.008 seconds (Sampling)
Chain 8:                0.024 seconds (Total)
Chain 8: 
Warning messages:
1: The largest R-hat is 2.11, indicating chains have not mixed.
Running the chains for more iterations may help. See
https://mc-stan.org/misc/warnings.html#r-hat 
2: Bulk Effective Samples Size (ESS) is too low, indicating posterior means and medians may be unreliable.
Running the chains for more iterations may help. See
https://mc-stan.org/misc/warnings.html#bulk-ess 
3: Tail Effective Samples Size (ESS) is too low, indicating posterior variances and tail quantiles may be unreliable.
Running the chains for more iterations may help. See
https://mc-stan.org/misc/warnings.html#tail-ess 
            mean     n_eff   Rhat
theta[1]  0.7444    4.0718 7.5048
theta[2]  3.1084    4.0596 8.2378
lp__     -1.4544 3647.7852 1.0001

=== Pairwise diagnostic ===
Warning message:
Fewer colours (6) than chains (8); recycling the palette. 
Pairwise R-hat result (rho = 1.015)

1. Pairwise R-hat matrices
--------------------------

$`theta[1]`
        chain:1 chain:2 chain:3 chain:4 chain:5 chain:6 chain:7 chain:8
chain:1  1.0000  1.8286  1.8274  1.0000  1.0018  1.0011  1.8287  1.0002
chain:2  1.8286  1.0000  1.8271  1.8270  1.8277  1.8282  1.0000  1.8279
chain:3  1.8274  1.8271  1.0000  1.8267  1.8270  1.8293  1.8271  1.8271
chain:4  1.0000  1.8270  1.8267  1.0000  1.0008  1.0008  1.8271  0.9995
chain:5  1.0018  1.8277  1.8270  1.0008  1.0000  1.0019  1.8277  1.0011
chain:6  1.0011  1.8282  1.8293  1.0008  1.0019  1.0000  1.8282  1.0008
chain:7  1.8287  1.0000  1.8271  1.8271  1.8277  1.8282  1.0000  1.8280
chain:8  1.0002  1.8279  1.8271  0.9995  1.0011  1.0008  1.8280  1.0000

$`theta[2]`
        chain:1 chain:2 chain:3 chain:4 chain:5 chain:6 chain:7 chain:8
chain:1  1.0000  1.8268  1.8267  1.0014  1.0033  0.9998  1.8269  1.0005
chain:2  1.8268  1.0000  1.8273  1.8271  1.8269  1.8270  1.0020  1.8283
chain:3  1.8267  1.8273  1.0000  1.8269  1.8267  1.8269  1.8267  1.8281
chain:4  1.0014  1.8271  1.8269  1.0000  1.0008  0.9999  1.8272  1.0005
chain:5  1.0033  1.8269  1.8267  1.0008  1.0000  1.0010  1.8270  1.0016
chain:6  0.9998  1.8270  1.8269  0.9999  1.0010  1.0000  1.8271  1.0000
chain:7  1.8269  1.0020  1.8267  1.8272  1.8270  1.8271  1.0000  1.8284
chain:8  1.0005  1.8283  1.8281  1.0005  1.0016  1.0000  1.8284  1.0000

2. Top 10 largest pairwise R-hat values
------------------------------------
   parameter chain_i chain_j pairwise_rhat
1   theta[1]       3       6      1.829319
2   theta[1]       1       7      1.828667
3   theta[1]       1       2      1.828620
4   theta[2]       7       8      1.828364
5   theta[2]       2       8      1.828271
6   theta[1]       6       7      1.828230
7   theta[1]       2       6      1.828183
8   theta[2]       3       8      1.828103
9   theta[1]       7       8      1.827951
10  theta[1]       2       8      1.827904

3. Parameter summary
--------------------
  parameter n_clusters n_isolated isolated_chains                 clusters
1  theta[1]          2          1               3 (1, 4, 5, 6, 8) | (2, 7)
2  theta[2]          2          1               3 (1, 4, 5, 6, 8) | (2, 7)
  pairwise_rhat_value
1            1.001930
2            1.003277

=== Done ===
